Archive member included because of file (symbol)

c:/siliconlabs/simplicitystudio/v2/developer/toolchains/gnu_arm/4.7_2013q1/bin/../lib/gcc/arm-none-eabi/4.7.3/../../../../arm-none-eabi/lib/armv7-m\libc_s.a(lib_a-__atexit2.o)
                              c:/siliconlabs/simplicitystudio/v2/developer/toolchains/gnu_arm/4.7_2013q1/bin/../lib/gcc/arm-none-eabi/4.7.3/../../../../arm-none-eabi/lib/armv7-m/crt0.o (__register_exitproc)
c:/siliconlabs/simplicitystudio/v2/developer/toolchains/gnu_arm/4.7_2013q1/bin/../lib/gcc/arm-none-eabi/4.7.3/../../../../arm-none-eabi/lib/armv7-m\libc_s.a(lib_a-exit.o)
                              c:/siliconlabs/simplicitystudio/v2/developer/toolchains/gnu_arm/4.7_2013q1/bin/../lib/gcc/arm-none-eabi/4.7.3/../../../../arm-none-eabi/lib/armv7-m/crt0.o (exit)
c:/siliconlabs/simplicitystudio/v2/developer/toolchains/gnu_arm/4.7_2013q1/bin/../lib/gcc/arm-none-eabi/4.7.3/../../../../arm-none-eabi/lib/armv7-m\libc_s.a(lib_a-fini.o)
                              c:/siliconlabs/simplicitystudio/v2/developer/toolchains/gnu_arm/4.7_2013q1/bin/../lib/gcc/arm-none-eabi/4.7.3/../../../../arm-none-eabi/lib/armv7-m/crt0.o (__libc_fini_array)
c:/siliconlabs/simplicitystudio/v2/developer/toolchains/gnu_arm/4.7_2013q1/bin/../lib/gcc/arm-none-eabi/4.7.3/../../../../arm-none-eabi/lib/armv7-m\libc_s.a(lib_a-impure.o)
                              c:/siliconlabs/simplicitystudio/v2/developer/toolchains/gnu_arm/4.7_2013q1/bin/../lib/gcc/arm-none-eabi/4.7.3/../../../../arm-none-eabi/lib/armv7-m\libc_s.a(lib_a-exit.o) (_global_impure_ptr)
c:/siliconlabs/simplicitystudio/v2/developer/toolchains/gnu_arm/4.7_2013q1/bin/../lib/gcc/arm-none-eabi/4.7.3/../../../../arm-none-eabi/lib/armv7-m\libc_s.a(lib_a-init.o)
                              c:/siliconlabs/simplicitystudio/v2/developer/toolchains/gnu_arm/4.7_2013q1/bin/../lib/gcc/arm-none-eabi/4.7.3/../../../../arm-none-eabi/lib/armv7-m/crt0.o (__libc_init_array)
c:/siliconlabs/simplicitystudio/v2/developer/toolchains/gnu_arm/4.7_2013q1/bin/../lib/gcc/arm-none-eabi/4.7.3/../../../../arm-none-eabi/lib/armv7-m\libc_s.a(lib_a-memset.o)
                              c:/siliconlabs/simplicitystudio/v2/developer/toolchains/gnu_arm/4.7_2013q1/bin/../lib/gcc/arm-none-eabi/4.7.3/../../../../arm-none-eabi/lib/armv7-m/crt0.o (memset)
c:/siliconlabs/simplicitystudio/v2/developer/toolchains/gnu_arm/4.7_2013q1/bin/../lib/gcc/arm-none-eabi/4.7.3/../../../../arm-none-eabi/lib/armv7-m\libnosys.a(_exit.o)
                              c:/siliconlabs/simplicitystudio/v2/developer/toolchains/gnu_arm/4.7_2013q1/bin/../lib/gcc/arm-none-eabi/4.7.3/../../../../arm-none-eabi/lib/armv7-m\libc_s.a(lib_a-exit.o) (_exit)

Allocating common symbols
Common symbol       size              file

frame_position      0x2               ./src/SIRKA_Bootloader_DRA.o
SystemCoreClock     0x4               ./CMSIS/efm32tg/system_efm32tg.o
received_frame      0xe               ./src/SIRKA_Bootloader_DRA.o
crcTable            0x200             ./src/crc.o

Discarded input sections

 .text          0x00000000        0x0 c:/siliconlabs/simplicitystudio/v2/developer/toolchains/gnu_arm/4.7_2013q1/bin/../lib/gcc/arm-none-eabi/4.7.3/armv7-m/crti.o
 .data          0x00000000        0x0 c:/siliconlabs/simplicitystudio/v2/developer/toolchains/gnu_arm/4.7_2013q1/bin/../lib/gcc/arm-none-eabi/4.7.3/armv7-m/crti.o
 .bss           0x00000000        0x0 c:/siliconlabs/simplicitystudio/v2/developer/toolchains/gnu_arm/4.7_2013q1/bin/../lib/gcc/arm-none-eabi/4.7.3/armv7-m/crti.o
 .data          0x00000000        0x4 c:/siliconlabs/simplicitystudio/v2/developer/toolchains/gnu_arm/4.7_2013q1/bin/../lib/gcc/arm-none-eabi/4.7.3/armv7-m/crtbegin.o
 .data          0x00000000        0x0 c:/siliconlabs/simplicitystudio/v2/developer/toolchains/gnu_arm/4.7_2013q1/bin/../lib/gcc/arm-none-eabi/4.7.3/../../../../arm-none-eabi/lib/armv7-m/crt0.o
 .bss           0x00000000        0x0 c:/siliconlabs/simplicitystudio/v2/developer/toolchains/gnu_arm/4.7_2013q1/bin/../lib/gcc/arm-none-eabi/4.7.3/../../../../arm-none-eabi/lib/armv7-m/crt0.o
 .ARM.extab     0x00000000        0x0 c:/siliconlabs/simplicitystudio/v2/developer/toolchains/gnu_arm/4.7_2013q1/bin/../lib/gcc/arm-none-eabi/4.7.3/../../../../arm-none-eabi/lib/armv7-m/crt0.o
 .text          0x00000000        0x0 ./src/SIRKA_Bootloader_DRA.o
 .data          0x00000000        0x0 ./src/SIRKA_Bootloader_DRA.o
 .bss           0x00000000        0x0 ./src/SIRKA_Bootloader_DRA.o
 .text          0x00000000        0x0 ./src/boot.o
 .data          0x00000000        0x0 ./src/boot.o
 .bss           0x00000000        0x0 ./src/boot.o
 .text          0x00000000        0x0 ./src/crc.o
 .data          0x00000000        0x0 ./src/crc.o
 .bss           0x00000000        0x0 ./src/crc.o
 .text.crcInit  0x00000000       0x3c ./src/crc.o
 COMMON         0x00000000      0x200 ./src/crc.o
 .text          0x00000000        0x0 ./src/emu.o
 .data          0x00000000        0x0 ./src/emu.o
 .bss           0x00000000        0x0 ./src/emu.o
 .text          0x00000000        0x0 ./src/init.o
 .data          0x00000000        0x0 ./src/init.o
 .bss           0x00000000        0x0 ./src/init.o
 .text          0x00000000        0x0 ./src/irq.o
 .data          0x00000000        0x0 ./src/irq.o
 .bss           0x00000000        0x0 ./src/irq.o
 .text          0x00000000        0x0 ./src/msc.o
 .data          0x00000000        0x0 ./src/msc.o
 .bss           0x00000000        0x0 ./src/msc.o
 .text          0x00000000        0x0 ./src/status.o
 .data          0x00000000        0x0 ./src/status.o
 .bss           0x00000000        0x0 ./src/status.o
 .text          0x00000000        0x0 ./src/timer.o
 .data          0x00000000        0x0 ./src/timer.o
 .bss           0x00000000        0x0 ./src/timer.o
 .text          0x00000000        0x0 ./src/usart.o
 .data          0x00000000        0x0 ./src/usart.o
 .bss           0x00000000        0x0 ./src/usart.o
 .text.USART0_receive
                0x00000000       0x14 ./src/usart.o
 .text          0x00000000        0x0 ./src/watchdog.o
 .data          0x00000000        0x0 ./src/watchdog.o
 .bss           0x00000000        0x0 ./src/watchdog.o
 .text.BITBAND_Peripheral
                0x00000000        0xe ./src/watchdog.o
 .text          0x00000000        0x0 ./src/write_to_flash.o
 .data          0x00000000        0x0 ./src/write_to_flash.o
 .bss           0x00000000        0x0 ./src/write_to_flash.o
 .text          0x00000000        0x0 ./emlib/em_system.o
 .data          0x00000000        0x0 ./emlib/em_system.o
 .bss           0x00000000        0x0 ./emlib/em_system.o
 .text.SYSTEM_ChipRevisionGet
                0x00000000       0x20 ./emlib/em_system.o
 .text.SYSTEM_GetCalibrationValue
                0x00000000       0x28 ./emlib/em_system.o
 .debug_info    0x00000000      0x246 ./emlib/em_system.o
 .debug_abbrev  0x00000000       0xef ./emlib/em_system.o
 .debug_loc     0x00000000       0x8e ./emlib/em_system.o
 .debug_aranges
                0x00000000       0x28 ./emlib/em_system.o
 .debug_ranges  0x00000000       0x18 ./emlib/em_system.o
 .debug_line    0x00000000      0x26b ./emlib/em_system.o
 .debug_str     0x00000000      0x22e ./emlib/em_system.o
 .comment       0x00000000       0x71 ./emlib/em_system.o
 .ARM.attributes
                0x00000000       0x33 ./emlib/em_system.o
 .debug_frame   0x00000000       0x30 ./emlib/em_system.o
 .data          0x00000000        0x0 ./CMSIS/efm32tg/startup_gcc_efm32tg.o
 .bss           0x00000000        0x0 ./CMSIS/efm32tg/startup_gcc_efm32tg.o
 .text          0x00000000        0x0 ./CMSIS/efm32tg/system_efm32tg.o
 .data          0x00000000        0x0 ./CMSIS/efm32tg/system_efm32tg.o
 .bss           0x00000000        0x0 ./CMSIS/efm32tg/system_efm32tg.o
 .text.SystemHFClockGet
                0x00000000       0xb4 ./CMSIS/efm32tg/system_efm32tg.o
 .text.SystemCoreClockGet
                0x00000000       0x20 ./CMSIS/efm32tg/system_efm32tg.o
 .text.SystemHFXOClockGet
                0x00000000        0xc ./CMSIS/efm32tg/system_efm32tg.o
 .text.SystemHFXOClockSet
                0x00000000       0x1c ./CMSIS/efm32tg/system_efm32tg.o
 .text.SystemLFRCOClockGet
                0x00000000        0x6 ./CMSIS/efm32tg/system_efm32tg.o
 .text.SystemULFRCOClockGet
                0x00000000        0x6 ./CMSIS/efm32tg/system_efm32tg.o
 .text.SystemLFXOClockGet
                0x00000000        0xc ./CMSIS/efm32tg/system_efm32tg.o
 .text.SystemLFXOClockSet
                0x00000000       0x1c ./CMSIS/efm32tg/system_efm32tg.o
 .data.SystemLFXOClock
                0x00000000        0x4 ./CMSIS/efm32tg/system_efm32tg.o
 .data.SystemHFXOClock
                0x00000000        0x4 ./CMSIS/efm32tg/system_efm32tg.o
 COMMON         0x00000000        0x4 ./CMSIS/efm32tg/system_efm32tg.o
 .text          0x00000000        0x0 c:/siliconlabs/simplicitystudio/v2/developer/toolchains/gnu_arm/4.7_2013q1/bin/../lib/gcc/arm-none-eabi/4.7.3/../../../../arm-none-eabi/lib/armv7-m\libc_s.a(lib_a-__atexit2.o)
 .data          0x00000000        0x0 c:/siliconlabs/simplicitystudio/v2/developer/toolchains/gnu_arm/4.7_2013q1/bin/../lib/gcc/arm-none-eabi/4.7.3/../../../../arm-none-eabi/lib/armv7-m\libc_s.a(lib_a-__atexit2.o)
 .bss           0x00000000        0x0 c:/siliconlabs/simplicitystudio/v2/developer/toolchains/gnu_arm/4.7_2013q1/bin/../lib/gcc/arm-none-eabi/4.7.3/../../../../arm-none-eabi/lib/armv7-m\libc_s.a(lib_a-__atexit2.o)
 .text          0x00000000        0x0 c:/siliconlabs/simplicitystudio/v2/developer/toolchains/gnu_arm/4.7_2013q1/bin/../lib/gcc/arm-none-eabi/4.7.3/../../../../arm-none-eabi/lib/armv7-m\libc_s.a(lib_a-exit.o)
 .data          0x00000000        0x0 c:/siliconlabs/simplicitystudio/v2/developer/toolchains/gnu_arm/4.7_2013q1/bin/../lib/gcc/arm-none-eabi/4.7.3/../../../../arm-none-eabi/lib/armv7-m\libc_s.a(lib_a-exit.o)
 .bss           0x00000000        0x0 c:/siliconlabs/simplicitystudio/v2/developer/toolchains/gnu_arm/4.7_2013q1/bin/../lib/gcc/arm-none-eabi/4.7.3/../../../../arm-none-eabi/lib/armv7-m\libc_s.a(lib_a-exit.o)
 .text          0x00000000        0x0 c:/siliconlabs/simplicitystudio/v2/developer/toolchains/gnu_arm/4.7_2013q1/bin/../lib/gcc/arm-none-eabi/4.7.3/../../../../arm-none-eabi/lib/armv7-m\libc_s.a(lib_a-fini.o)
 .data          0x00000000        0x0 c:/siliconlabs/simplicitystudio/v2/developer/toolchains/gnu_arm/4.7_2013q1/bin/../lib/gcc/arm-none-eabi/4.7.3/../../../../arm-none-eabi/lib/armv7-m\libc_s.a(lib_a-fini.o)
 .bss           0x00000000        0x0 c:/siliconlabs/simplicitystudio/v2/developer/toolchains/gnu_arm/4.7_2013q1/bin/../lib/gcc/arm-none-eabi/4.7.3/../../../../arm-none-eabi/lib/armv7-m\libc_s.a(lib_a-fini.o)
 .text          0x00000000        0x0 c:/siliconlabs/simplicitystudio/v2/developer/toolchains/gnu_arm/4.7_2013q1/bin/../lib/gcc/arm-none-eabi/4.7.3/../../../../arm-none-eabi/lib/armv7-m\libc_s.a(lib_a-impure.o)
 .data          0x00000000        0x0 c:/siliconlabs/simplicitystudio/v2/developer/toolchains/gnu_arm/4.7_2013q1/bin/../lib/gcc/arm-none-eabi/4.7.3/../../../../arm-none-eabi/lib/armv7-m\libc_s.a(lib_a-impure.o)
 .bss           0x00000000        0x0 c:/siliconlabs/simplicitystudio/v2/developer/toolchains/gnu_arm/4.7_2013q1/bin/../lib/gcc/arm-none-eabi/4.7.3/../../../../arm-none-eabi/lib/armv7-m\libc_s.a(lib_a-impure.o)
 .data._impure_ptr
                0x00000000        0x4 c:/siliconlabs/simplicitystudio/v2/developer/toolchains/gnu_arm/4.7_2013q1/bin/../lib/gcc/arm-none-eabi/4.7.3/../../../../arm-none-eabi/lib/armv7-m\libc_s.a(lib_a-impure.o)
 .text          0x00000000        0x0 c:/siliconlabs/simplicitystudio/v2/developer/toolchains/gnu_arm/4.7_2013q1/bin/../lib/gcc/arm-none-eabi/4.7.3/../../../../arm-none-eabi/lib/armv7-m\libc_s.a(lib_a-init.o)
 .data          0x00000000        0x0 c:/siliconlabs/simplicitystudio/v2/developer/toolchains/gnu_arm/4.7_2013q1/bin/../lib/gcc/arm-none-eabi/4.7.3/../../../../arm-none-eabi/lib/armv7-m\libc_s.a(lib_a-init.o)
 .bss           0x00000000        0x0 c:/siliconlabs/simplicitystudio/v2/developer/toolchains/gnu_arm/4.7_2013q1/bin/../lib/gcc/arm-none-eabi/4.7.3/../../../../arm-none-eabi/lib/armv7-m\libc_s.a(lib_a-init.o)
 .text          0x00000000        0x0 c:/siliconlabs/simplicitystudio/v2/developer/toolchains/gnu_arm/4.7_2013q1/bin/../lib/gcc/arm-none-eabi/4.7.3/../../../../arm-none-eabi/lib/armv7-m\libc_s.a(lib_a-memset.o)
 .data          0x00000000        0x0 c:/siliconlabs/simplicitystudio/v2/developer/toolchains/gnu_arm/4.7_2013q1/bin/../lib/gcc/arm-none-eabi/4.7.3/../../../../arm-none-eabi/lib/armv7-m\libc_s.a(lib_a-memset.o)
 .bss           0x00000000        0x0 c:/siliconlabs/simplicitystudio/v2/developer/toolchains/gnu_arm/4.7_2013q1/bin/../lib/gcc/arm-none-eabi/4.7.3/../../../../arm-none-eabi/lib/armv7-m\libc_s.a(lib_a-memset.o)
 .text          0x00000000        0x0 c:/siliconlabs/simplicitystudio/v2/developer/toolchains/gnu_arm/4.7_2013q1/bin/../lib/gcc/arm-none-eabi/4.7.3/../../../../arm-none-eabi/lib/armv7-m\libnosys.a(_exit.o)
 .data          0x00000000        0x0 c:/siliconlabs/simplicitystudio/v2/developer/toolchains/gnu_arm/4.7_2013q1/bin/../lib/gcc/arm-none-eabi/4.7.3/../../../../arm-none-eabi/lib/armv7-m\libnosys.a(_exit.o)
 .bss           0x00000000        0x0 c:/siliconlabs/simplicitystudio/v2/developer/toolchains/gnu_arm/4.7_2013q1/bin/../lib/gcc/arm-none-eabi/4.7.3/../../../../arm-none-eabi/lib/armv7-m\libnosys.a(_exit.o)
 .text          0x00000000        0x0 c:/siliconlabs/simplicitystudio/v2/developer/toolchains/gnu_arm/4.7_2013q1/bin/../lib/gcc/arm-none-eabi/4.7.3/armv7-m/crtend.o
 .data          0x00000000        0x0 c:/siliconlabs/simplicitystudio/v2/developer/toolchains/gnu_arm/4.7_2013q1/bin/../lib/gcc/arm-none-eabi/4.7.3/armv7-m/crtend.o
 .bss           0x00000000        0x0 c:/siliconlabs/simplicitystudio/v2/developer/toolchains/gnu_arm/4.7_2013q1/bin/../lib/gcc/arm-none-eabi/4.7.3/armv7-m/crtend.o
 .jcr           0x00000000        0x4 c:/siliconlabs/simplicitystudio/v2/developer/toolchains/gnu_arm/4.7_2013q1/bin/../lib/gcc/arm-none-eabi/4.7.3/armv7-m/crtend.o
 .text          0x00000000        0x0 c:/siliconlabs/simplicitystudio/v2/developer/toolchains/gnu_arm/4.7_2013q1/bin/../lib/gcc/arm-none-eabi/4.7.3/armv7-m/crtn.o
 .data          0x00000000        0x0 c:/siliconlabs/simplicitystudio/v2/developer/toolchains/gnu_arm/4.7_2013q1/bin/../lib/gcc/arm-none-eabi/4.7.3/armv7-m/crtn.o
 .bss           0x00000000        0x0 c:/siliconlabs/simplicitystudio/v2/developer/toolchains/gnu_arm/4.7_2013q1/bin/../lib/gcc/arm-none-eabi/4.7.3/armv7-m/crtn.o

Memory Configuration

Name             Origin             Length             Attributes
FLASH            0x00000000         0x00002000         xr
RAM              0x20000000         0x00001000         xrw
*default*        0x00000000         0xffffffff

Linker script and memory map

LOAD c:/siliconlabs/simplicitystudio/v2/developer/toolchains/gnu_arm/4.7_2013q1/bin/../lib/gcc/arm-none-eabi/4.7.3/armv7-m/crti.o
LOAD c:/siliconlabs/simplicitystudio/v2/developer/toolchains/gnu_arm/4.7_2013q1/bin/../lib/gcc/arm-none-eabi/4.7.3/armv7-m/crtbegin.o
LOAD c:/siliconlabs/simplicitystudio/v2/developer/toolchains/gnu_arm/4.7_2013q1/bin/../lib/gcc/arm-none-eabi/4.7.3/../../../../arm-none-eabi/lib/armv7-m/crt0.o
LOAD ./src/SIRKA_Bootloader_DRA.o
LOAD ./src/boot.o
LOAD ./src/crc.o
LOAD ./src/emu.o
LOAD ./src/init.o
LOAD ./src/irq.o
LOAD ./src/msc.o
LOAD ./src/status.o
LOAD ./src/timer.o
LOAD ./src/usart.o
LOAD ./src/watchdog.o
LOAD ./src/write_to_flash.o
LOAD ./emlib/em_system.o
LOAD ./CMSIS/efm32tg/startup_gcc_efm32tg.o
LOAD ./CMSIS/efm32tg/system_efm32tg.o
START GROUP
LOAD c:/siliconlabs/simplicitystudio/v2/developer/toolchains/gnu_arm/4.7_2013q1/bin/../lib/gcc/arm-none-eabi/4.7.3/armv7-m\libgcc.a
LOAD c:/siliconlabs/simplicitystudio/v2/developer/toolchains/gnu_arm/4.7_2013q1/bin/../lib/gcc/arm-none-eabi/4.7.3/../../../../arm-none-eabi/lib/armv7-m\libc_s.a
LOAD c:/siliconlabs/simplicitystudio/v2/developer/toolchains/gnu_arm/4.7_2013q1/bin/../lib/gcc/arm-none-eabi/4.7.3/../../../../arm-none-eabi/lib/armv7-m\libnosys.a
END GROUP
START GROUP
LOAD c:/siliconlabs/simplicitystudio/v2/developer/toolchains/gnu_arm/4.7_2013q1/bin/../lib/gcc/arm-none-eabi/4.7.3/armv7-m\libgcc.a
LOAD c:/siliconlabs/simplicitystudio/v2/developer/toolchains/gnu_arm/4.7_2013q1/bin/../lib/gcc/arm-none-eabi/4.7.3/../../../../arm-none-eabi/lib/armv7-m\libc_s.a
END GROUP
LOAD c:/siliconlabs/simplicitystudio/v2/developer/toolchains/gnu_arm/4.7_2013q1/bin/../lib/gcc/arm-none-eabi/4.7.3/armv7-m/crtend.o
LOAD c:/siliconlabs/simplicitystudio/v2/developer/toolchains/gnu_arm/4.7_2013q1/bin/../lib/gcc/arm-none-eabi/4.7.3/armv7-m/crtn.o

.text           0x00000000      0xb34
 *(.isr_vector)
 .isr_vector    0x00000000      0x100 ./CMSIS/efm32tg/startup_gcc_efm32tg.o
                0x00000000                __isr_vector
 *(.text*)
 .text          0x00000100       0x54 c:/siliconlabs/simplicitystudio/v2/developer/toolchains/gnu_arm/4.7_2013q1/bin/../lib/gcc/arm-none-eabi/4.7.3/armv7-m/crtbegin.o
 .text          0x00000154       0x70 c:/siliconlabs/simplicitystudio/v2/developer/toolchains/gnu_arm/4.7_2013q1/bin/../lib/gcc/arm-none-eabi/4.7.3/../../../../arm-none-eabi/lib/armv7-m/crt0.o
                0x00000154                _start
                0x00000154                start
                0x00000154                _mainCRTStartup
 .text.sendWelcomeMessage
                0x000001c4       0x50 ./src/SIRKA_Bootloader_DRA.o
                0x000001c4                sendWelcomeMessage
 .text.sendVerify
                0x00000214       0x2c ./src/SIRKA_Bootloader_DRA.o
                0x00000214                sendVerify
 .text.startup.main
                0x00000240       0x9c ./src/SIRKA_Bootloader_DRA.o
                0x00000240                main
 .text.BOOT_jump
                0x000002dc       0x20 ./src/boot.o
                0x000002dc                BOOT_jump
 .text.BOOT_boot
                0x000002fc       0x34 ./src/boot.o
                0x000002fc                BOOT_boot
 .text.CRC16    0x00000330       0x18 ./src/crc.o
                0x00000330                CRC16
 .text.EMU_EnterEM1
                0x00000348       0x14 ./src/emu.o
                0x00000348                EMU_EnterEM1
 .text.Init_USART0
                0x0000035c       0x20 ./src/init.o
                0x0000035c                Init_USART0
 .text.Init_Clocks
                0x0000037c       0x48 ./src/init.o
                0x0000037c                Init_Clocks
 .text.Init_GPIO
                0x000003c4       0x30 ./src/init.o
                0x000003c4                Init_GPIO
 .text.Init_WD  0x000003f4       0x14 ./src/init.o
                0x000003f4                Init_WD
 .text.Init_TIMER0
                0x00000408       0x20 ./src/init.o
                0x00000408                Init_TIMER0
 .text.Init_Interrupts
                0x00000428        0x4 ./src/init.o
                0x00000428                Init_Interrupts
 .text.enable_interrupts
                0x0000042c       0x20 ./src/irq.o
                0x0000042c                enable_interrupts
 .text.USART0_RX_IRQHandler
                0x0000044c       0x40 ./src/irq.o
                0x0000044c                USART0_RX_IRQHandler
 .text.TIMER0_IRQHandler
                0x0000048c       0x20 ./src/irq.o
                0x0000048c                TIMER0_IRQHandler
 .text.LoadData
                0x000004ac       0x54 ./src/msc.o
                0x000004ac                LoadData
 .text.LoadAddress
                0x00000500       0x2c ./src/msc.o
                0x00000500                LoadAddress
 .text.send_hello
                0x0000052c       0x74 ./src/status.o
                0x0000052c                send_hello
 .text.send_ok  0x000005a0       0x2c ./src/status.o
                0x000005a0                send_ok
 .text.send_crc_fail
                0x000005cc       0x2c ./src/status.o
                0x000005cc                send_crc_fail
 .text.TIMER_start
                0x000005f8        0xc ./src/timer.o
                0x000005f8                TIMER_start
 .text.TIMER_stop
                0x00000604       0x10 ./src/timer.o
                0x00000604                TIMER_stop
 .text.TIMER_intclear
                0x00000614        0xc ./src/timer.o
                0x00000614                TIMER_intclear
 .text.USART0_send
                0x00000620       0x18 ./src/usart.o
                0x00000620                USART0_send
 .text.USART0_sendString
                0x00000638       0x12 ./src/usart.o
                0x00000638                USART0_sendString
 *fill*         0x0000064a        0x2 00
 .text.WDOG_Enable
                0x0000064c       0x18 ./src/watchdog.o
                0x0000064c                WDOG_Enable
 .text.WDOG_Feed
                0x00000664       0x20 ./src/watchdog.o
                0x00000664                WDOG_Feed
 .text.check_firmware
                0x00000684       0x4c ./src/write_to_flash.o
                0x00000684                check_firmware
 .text.reset_bootflag
                0x000006d0       0x64 ./src/write_to_flash.o
                0x000006d0                reset_bootflag
 .text.write_to_flash
                0x00000734       0x44 ./src/write_to_flash.o
                0x00000734                write_to_flash
 .text.wait_for_package
                0x00000778       0x2c ./src/write_to_flash.o
                0x00000778                wait_for_package
 .text.get_nr_of_packages
                0x000007a4       0x20 ./src/write_to_flash.o
                0x000007a4                get_nr_of_packages
 .text.check_crc
                0x000007c4       0x68 ./src/write_to_flash.o
                0x000007c4                check_crc
 .text.flash_device
                0x0000082c       0x9c ./src/write_to_flash.o
                0x0000082c                flash_device
 .text          0x000008c8       0x78 ./CMSIS/efm32tg/startup_gcc_efm32tg.o
                0x000008c8                Reset_Handler
                0x000008fc                Default_Handler
                0x000008fe                NMI_Handler
                0x00000900                HardFault_Handler
                0x00000902                MemManage_Handler
                0x00000904                BusFault_Handler
                0x00000906                UsageFault_Handler
                0x00000908                SVC_Handler
                0x0000090a                DebugMon_Handler
                0x0000090c                PendSV_Handler
                0x0000090e                SysTick_Handler
                0x00000910                DMA_IRQHandler
                0x00000912                GPIO_EVEN_IRQHandler
                0x00000918                USART0_TX_IRQHandler
                0x0000091a                ACMP0_IRQHandler
                0x0000091c                ADC0_IRQHandler
                0x0000091e                DAC0_IRQHandler
                0x00000920                I2C0_IRQHandler
                0x00000922                GPIO_ODD_IRQHandler
                0x00000924                TIMER1_IRQHandler
                0x00000926                USART1_RX_IRQHandler
                0x00000928                USART1_TX_IRQHandler
                0x0000092a                LESENSE_IRQHandler
                0x0000092c                LEUART0_IRQHandler
                0x0000092e                LETIMER0_IRQHandler
                0x00000930                PCNT0_IRQHandler
                0x00000932                RTC_IRQHandler
                0x00000934                CMU_IRQHandler
                0x00000936                VCMP_IRQHandler
                0x00000938                LCD_IRQHandler
                0x0000093a                MSC_IRQHandler
                0x0000093c                AES_IRQHandler
 .text.SystemInit
                0x00000940        0x2 ./CMSIS/efm32tg/system_efm32tg.o
                0x00000940                SystemInit
 *fill*         0x00000942        0x2 00
 .text.__register_exitproc
                0x00000944       0x14 c:/siliconlabs/simplicitystudio/v2/developer/toolchains/gnu_arm/4.7_2013q1/bin/../lib/gcc/arm-none-eabi/4.7.3/../../../../arm-none-eabi/lib/armv7-m\libc_s.a(lib_a-__atexit2.o)
                0x00000944                __register_exitproc
 .text.exit     0x00000958       0x2c c:/siliconlabs/simplicitystudio/v2/developer/toolchains/gnu_arm/4.7_2013q1/bin/../lib/gcc/arm-none-eabi/4.7.3/../../../../arm-none-eabi/lib/armv7-m\libc_s.a(lib_a-exit.o)
                0x00000958                exit
 .text.__libc_fini_array
                0x00000984       0x2c c:/siliconlabs/simplicitystudio/v2/developer/toolchains/gnu_arm/4.7_2013q1/bin/../lib/gcc/arm-none-eabi/4.7.3/../../../../arm-none-eabi/lib/armv7-m\libc_s.a(lib_a-fini.o)
                0x00000984                __libc_fini_array
 .text.__libc_init_array
                0x000009b0       0x4c c:/siliconlabs/simplicitystudio/v2/developer/toolchains/gnu_arm/4.7_2013q1/bin/../lib/gcc/arm-none-eabi/4.7.3/../../../../arm-none-eabi/lib/armv7-m\libc_s.a(lib_a-init.o)
                0x000009b0                __libc_init_array
 .text.memset   0x000009fc       0x10 c:/siliconlabs/simplicitystudio/v2/developer/toolchains/gnu_arm/4.7_2013q1/bin/../lib/gcc/arm-none-eabi/4.7.3/../../../../arm-none-eabi/lib/armv7-m\libc_s.a(lib_a-memset.o)
                0x000009fc                memset
 .text._exit    0x00000a0c        0x4 c:/siliconlabs/simplicitystudio/v2/developer/toolchains/gnu_arm/4.7_2013q1/bin/../lib/gcc/arm-none-eabi/4.7.3/../../../../arm-none-eabi/lib/armv7-m\libnosys.a(_exit.o)
                0x00000a0c                _exit
 *(.init)
 .init          0x00000a10        0x4 c:/siliconlabs/simplicitystudio/v2/developer/toolchains/gnu_arm/4.7_2013q1/bin/../lib/gcc/arm-none-eabi/4.7.3/armv7-m/crti.o
                0x00000a10                _init
 .init          0x00000a14        0x8 c:/siliconlabs/simplicitystudio/v2/developer/toolchains/gnu_arm/4.7_2013q1/bin/../lib/gcc/arm-none-eabi/4.7.3/armv7-m/crtn.o
 *(.fini)
 .fini          0x00000a1c        0x4 c:/siliconlabs/simplicitystudio/v2/developer/toolchains/gnu_arm/4.7_2013q1/bin/../lib/gcc/arm-none-eabi/4.7.3/armv7-m/crti.o
                0x00000a1c                _fini
 .fini          0x00000a20        0x8 c:/siliconlabs/simplicitystudio/v2/developer/toolchains/gnu_arm/4.7_2013q1/bin/../lib/gcc/arm-none-eabi/4.7.3/armv7-m/crtn.o
 .fini.stub     0x00000a28       0x20 linker stubs
 *crtbegin.o(.ctors)
 *crtbegin?.o(.ctors)
 *(EXCLUDE_FILE(*crtend.o *crtend?.o) .ctors)
 *(SORT(.ctors.*))
 *(.ctors)
 *crtbegin.o(.dtors)
 *crtbegin?.o(.dtors)
 *(EXCLUDE_FILE(*crtend.o *crtend?.o) .dtors)
 *(SORT(.dtors.*))
 *(.dtors)
 *(.rodata*)
 .rodata.str1.1
                0x00000a48       0xe0 ./src/SIRKA_Bootloader_DRA.o
 .rodata.str1.1
                0x00000b28        0x2 c:/siliconlabs/simplicitystudio/v2/developer/toolchains/gnu_arm/4.7_2013q1/bin/../lib/gcc/arm-none-eabi/4.7.3/../../../../arm-none-eabi/lib/armv7-m\libc_s.a(lib_a-impure.o)
 *fill*         0x00000b2a        0x2 00
 .rodata._global_impure_ptr
                0x00000b2c        0x4 c:/siliconlabs/simplicitystudio/v2/developer/toolchains/gnu_arm/4.7_2013q1/bin/../lib/gcc/arm-none-eabi/4.7.3/../../../../arm-none-eabi/lib/armv7-m\libc_s.a(lib_a-impure.o)
                0x00000b2c                _global_impure_ptr
 *(.eh_frame*)
 .eh_frame      0x00000b30        0x0 c:/siliconlabs/simplicitystudio/v2/developer/toolchains/gnu_arm/4.7_2013q1/bin/../lib/gcc/arm-none-eabi/4.7.3/armv7-m/crtbegin.o
 .eh_frame      0x00000b30        0x4 c:/siliconlabs/simplicitystudio/v2/developer/toolchains/gnu_arm/4.7_2013q1/bin/../lib/gcc/arm-none-eabi/4.7.3/armv7-m/crtend.o

.glue_7         0x00000b34        0x0
 .glue_7        0x00000000        0x0 linker stubs

.glue_7t        0x00000b34        0x0
 .glue_7t       0x00000000        0x0 linker stubs

.vfp11_veneer   0x00000b34        0x0
 .vfp11_veneer  0x00000000        0x0 linker stubs

.v4_bx          0x00000b34        0x0
 .v4_bx         0x00000000        0x0 linker stubs

.iplt           0x00000b34        0x0
 .iplt          0x00000000        0x0 c:/siliconlabs/simplicitystudio/v2/developer/toolchains/gnu_arm/4.7_2013q1/bin/../lib/gcc/arm-none-eabi/4.7.3/armv7-m/crtbegin.o

.ARM.extab
 *(.ARM.extab* .gnu.linkonce.armextab.*)
                0x00000b34                __exidx_start = .

.ARM.exidx      0x00000b34        0x8
 *(.ARM.exidx* .gnu.linkonce.armexidx.*)
 .ARM.exidx     0x00000b34        0x8 c:/siliconlabs/simplicitystudio/v2/developer/toolchains/gnu_arm/4.7_2013q1/bin/../lib/gcc/arm-none-eabi/4.7.3/../../../../arm-none-eabi/lib/armv7-m/crt0.o
                0x00000b3c                __exidx_end = .
                0x00000b3c                __etext = .

.rel.dyn        0x00000b3c        0x0
 .rel.iplt      0x00000000        0x0 c:/siliconlabs/simplicitystudio/v2/developer/toolchains/gnu_arm/4.7_2013q1/bin/../lib/gcc/arm-none-eabi/4.7.3/armv7-m/crtbegin.o

.data           0x20000000      0x378 load address 0x00000b3c
                0x20000000                __data_start__ = .
 *(vtable)
 *(.data*)
 .data.CRC16_Table
                0x20000000      0x200 ./src/crc.o
                0x20000000                CRC16_Table
 .data.finished
                0x20000200        0x5 ./src/status.o
                0x20000200                finished
 .data.failed   0x20000205        0x5 ./src/status.o
                0x20000205                failed
 *fill*         0x2000020a        0x2 00
 .data.file_size
                0x2000020c        0x4 ./src/write_to_flash.o
                0x2000020c                file_size
 .data.crc_pack
                0x20000210        0x4 ./src/write_to_flash.o
                0x20000210                crc_pack
 .data.address  0x20000214        0x4 ./src/write_to_flash.o
                0x20000214                address
 .data.impure_data
                0x20000218       0x64 c:/siliconlabs/simplicitystudio/v2/developer/toolchains/gnu_arm/4.7_2013q1/bin/../lib/gcc/arm-none-eabi/4.7.3/../../../../arm-none-eabi/lib/armv7-m\libc_s.a(lib_a-impure.o)
                0x2000027c                . = ALIGN (0x4)
 *(.ram)
 .ram           0x2000027c       0xd4 ./src/msc.o
                0x2000027c                ErasePage
                0x200002ec                WriteWord
 .ram.stub      0x20000350       0x20 linker stubs
                0x20000370                . = ALIGN (0x4)
                0x20000370                PROVIDE (__preinit_array_start, .)
 *(.preinit_array)
                0x20000370                PROVIDE (__preinit_array_end, .)
                0x20000370                . = ALIGN (0x4)
                0x20000370                PROVIDE (__init_array_start, .)
 *(SORT(.init_array.*))
 *(.init_array)
 .init_array    0x20000370        0x4 c:/siliconlabs/simplicitystudio/v2/developer/toolchains/gnu_arm/4.7_2013q1/bin/../lib/gcc/arm-none-eabi/4.7.3/armv7-m/crtbegin.o
                0x20000374                PROVIDE (__init_array_end, .)
                0x20000374                . = ALIGN (0x4)
                0x20000374                PROVIDE (__fini_array_start, .)
 *(SORT(.fini_array.*))
 *(.fini_array)
 .fini_array    0x20000374        0x4 c:/siliconlabs/simplicitystudio/v2/developer/toolchains/gnu_arm/4.7_2013q1/bin/../lib/gcc/arm-none-eabi/4.7.3/armv7-m/crtbegin.o
                0x20000378                PROVIDE (__fini_array_end, .)
                0x20000378                . = ALIGN (0x4)
                0x20000378                __data_end__ = .

.jcr            0x20000378        0x0 load address 0x00000eb4
 .jcr           0x20000378        0x0 c:/siliconlabs/simplicitystudio/v2/developer/toolchains/gnu_arm/4.7_2013q1/bin/../lib/gcc/arm-none-eabi/4.7.3/armv7-m/crtbegin.o

.igot.plt       0x20000378        0x0 load address 0x00000eb4
 .igot.plt      0x00000000        0x0 c:/siliconlabs/simplicitystudio/v2/developer/toolchains/gnu_arm/4.7_2013q1/bin/../lib/gcc/arm-none-eabi/4.7.3/armv7-m/crtbegin.o

.bss            0x20000378       0x2e load address 0x00000eb4
                0x20000378                __bss_start__ = .
 *(.bss*)
 .bss           0x20000378       0x1c c:/siliconlabs/simplicitystudio/v2/developer/toolchains/gnu_arm/4.7_2013q1/bin/../lib/gcc/arm-none-eabi/4.7.3/armv7-m/crtbegin.o
 .bss.nr_of_packages
                0x20000394        0x2 ./src/write_to_flash.o
                0x20000394                nr_of_packages
 *(COMMON)
 COMMON         0x20000396       0x10 ./src/SIRKA_Bootloader_DRA.o
                0x20000396                frame_position
                0x20000398                received_frame
                0x200003a6                __bss_end__ = .

.heap           0x200003a8        0x0
                0x200003a8                __end__ = .
                0x200003a8                end = __end__
                0x200003a8                _end = __end__
 *(.heap*)
 .heap          0x200003a8        0x0 ./CMSIS/efm32tg/startup_gcc_efm32tg.o
                0x200003a8                __HeapLimit = .

.stack_dummy    0x200003a8      0x400
 *(.stack)
 .stack         0x200003a8      0x400 ./CMSIS/efm32tg/startup_gcc_efm32tg.o
                0x20001000                __StackTop = (ORIGIN (RAM) + 0x1000)
                0x20000c00                __StackLimit = (__StackTop - SIZEOF (.stack_dummy))
                0x20001000                PROVIDE (__stack, __StackTop)
                0x00000001                ASSERT ((__StackLimit >= __HeapLimit), region RAM overflowed with stack)
OUTPUT(SIRKA_Bootloader_DRA.axf elf32-littlearm)

.ARM.attributes
                0x00000000       0x29
 .ARM.attributes
                0x00000000       0x1d c:/siliconlabs/simplicitystudio/v2/developer/toolchains/gnu_arm/4.7_2013q1/bin/../lib/gcc/arm-none-eabi/4.7.3/armv7-m/crti.o
 .ARM.attributes
                0x0000001d       0x2d c:/siliconlabs/simplicitystudio/v2/developer/toolchains/gnu_arm/4.7_2013q1/bin/../lib/gcc/arm-none-eabi/4.7.3/armv7-m/crtbegin.o
 .ARM.attributes
                0x0000004a       0x1b c:/siliconlabs/simplicitystudio/v2/developer/toolchains/gnu_arm/4.7_2013q1/bin/../lib/gcc/arm-none-eabi/4.7.3/../../../../arm-none-eabi/lib/armv7-m/crt0.o
 .ARM.attributes
                0x00000065       0x33 ./src/SIRKA_Bootloader_DRA.o
 .ARM.attributes
                0x00000098       0x33 ./src/boot.o
 .ARM.attributes
                0x000000cb       0x33 ./src/crc.o
 .ARM.attributes
                0x000000fe       0x33 ./src/emu.o
 .ARM.attributes
                0x00000131       0x33 ./src/init.o
 .ARM.attributes
                0x00000164       0x33 ./src/irq.o
 .ARM.attributes
                0x00000197       0x33 ./src/msc.o
 .ARM.attributes
                0x000001ca       0x33 ./src/status.o
 .ARM.attributes
                0x000001fd       0x33 ./src/timer.o
 .ARM.attributes
                0x00000230       0x33 ./src/usart.o
 .ARM.attributes
                0x00000263       0x33 ./src/watchdog.o
 .ARM.attributes
                0x00000296       0x33 ./src/write_to_flash.o
 .ARM.attributes
                0x000002c9       0x1b ./CMSIS/efm32tg/startup_gcc_efm32tg.o
 .ARM.attributes
                0x000002e4       0x33 ./CMSIS/efm32tg/system_efm32tg.o
 .ARM.attributes
                0x00000317       0x2d c:/siliconlabs/simplicitystudio/v2/developer/toolchains/gnu_arm/4.7_2013q1/bin/../lib/gcc/arm-none-eabi/4.7.3/../../../../arm-none-eabi/lib/armv7-m\libc_s.a(lib_a-__atexit2.o)
 .ARM.attributes
                0x00000344       0x2d c:/siliconlabs/simplicitystudio/v2/developer/toolchains/gnu_arm/4.7_2013q1/bin/../lib/gcc/arm-none-eabi/4.7.3/../../../../arm-none-eabi/lib/armv7-m\libc_s.a(lib_a-exit.o)
 .ARM.attributes
                0x00000371       0x2d c:/siliconlabs/simplicitystudio/v2/developer/toolchains/gnu_arm/4.7_2013q1/bin/../lib/gcc/arm-none-eabi/4.7.3/../../../../arm-none-eabi/lib/armv7-m\libc_s.a(lib_a-fini.o)
 .ARM.attributes
                0x0000039e       0x2d c:/siliconlabs/simplicitystudio/v2/developer/toolchains/gnu_arm/4.7_2013q1/bin/../lib/gcc/arm-none-eabi/4.7.3/../../../../arm-none-eabi/lib/armv7-m\libc_s.a(lib_a-impure.o)
 .ARM.attributes
                0x000003cb       0x2d c:/siliconlabs/simplicitystudio/v2/developer/toolchains/gnu_arm/4.7_2013q1/bin/../lib/gcc/arm-none-eabi/4.7.3/../../../../arm-none-eabi/lib/armv7-m\libc_s.a(lib_a-init.o)
 .ARM.attributes
                0x000003f8       0x2d c:/siliconlabs/simplicitystudio/v2/developer/toolchains/gnu_arm/4.7_2013q1/bin/../lib/gcc/arm-none-eabi/4.7.3/../../../../arm-none-eabi/lib/armv7-m\libc_s.a(lib_a-memset.o)
 .ARM.attributes
                0x00000425       0x2d c:/siliconlabs/simplicitystudio/v2/developer/toolchains/gnu_arm/4.7_2013q1/bin/../lib/gcc/arm-none-eabi/4.7.3/../../../../arm-none-eabi/lib/armv7-m\libnosys.a(_exit.o)
 .ARM.attributes
                0x00000452       0x2d c:/siliconlabs/simplicitystudio/v2/developer/toolchains/gnu_arm/4.7_2013q1/bin/../lib/gcc/arm-none-eabi/4.7.3/armv7-m/crtend.o
 .ARM.attributes
                0x0000047f       0x1d c:/siliconlabs/simplicitystudio/v2/developer/toolchains/gnu_arm/4.7_2013q1/bin/../lib/gcc/arm-none-eabi/4.7.3/armv7-m/crtn.o

.comment        0x00000000       0x70
 .comment       0x00000000       0x70 ./src/SIRKA_Bootloader_DRA.o
                                 0x71 (size before relaxing)
 .comment       0x00000000       0x71 ./src/boot.o
 .comment       0x00000000       0x71 ./src/crc.o
 .comment       0x00000000       0x71 ./src/emu.o
 .comment       0x00000000       0x71 ./src/init.o
 .comment       0x00000000       0x71 ./src/irq.o
 .comment       0x00000000       0x71 ./src/msc.o
 .comment       0x00000000       0x71 ./src/status.o
 .comment       0x00000000       0x71 ./src/timer.o
 .comment       0x00000000       0x71 ./src/usart.o
 .comment       0x00000000       0x71 ./src/watchdog.o
 .comment       0x00000000       0x71 ./src/write_to_flash.o
 .comment       0x00000000       0x71 ./CMSIS/efm32tg/system_efm32tg.o

.debug_info     0x00000000     0x368f
 .debug_info    0x00000000      0x59f ./src/SIRKA_Bootloader_DRA.o
 .debug_info    0x0000059f      0x301 ./src/boot.o
 .debug_info    0x000008a0      0x14e ./src/crc.o
 .debug_info    0x000009ee      0x29d ./src/emu.o
 .debug_info    0x00000c8b      0xb8d ./src/init.o
 .debug_info    0x00001818      0x570 ./src/irq.o
 .debug_info    0x00001d88      0x397 ./src/msc.o
 .debug_info    0x0000211f      0x40d ./src/status.o
 .debug_info    0x0000252c      0x21d ./src/timer.o
 .debug_info    0x00002749      0x29a ./src/usart.o
 .debug_info    0x000029e3      0x1dd ./src/watchdog.o
 .debug_info    0x00002bc0      0x4b0 ./src/write_to_flash.o
 .debug_info    0x00003070       0x99 ./CMSIS/efm32tg/startup_gcc_efm32tg.o
 .debug_info    0x00003109      0x586 ./CMSIS/efm32tg/system_efm32tg.o

.debug_abbrev   0x00000000     0x112b
 .debug_abbrev  0x00000000      0x1b1 ./src/SIRKA_Bootloader_DRA.o
 .debug_abbrev  0x000001b1      0x109 ./src/boot.o
 .debug_abbrev  0x000002ba       0xd7 ./src/crc.o
 .debug_abbrev  0x00000391       0xda ./src/emu.o
 .debug_abbrev  0x0000046b      0x18b ./src/init.o
 .debug_abbrev  0x000005f6      0x1b4 ./src/irq.o
 .debug_abbrev  0x000007aa      0x157 ./src/msc.o
 .debug_abbrev  0x00000901      0x173 ./src/status.o
 .debug_abbrev  0x00000a74       0xad ./src/timer.o
 .debug_abbrev  0x00000b21      0x103 ./src/usart.o
 .debug_abbrev  0x00000c24      0x167 ./src/watchdog.o
 .debug_abbrev  0x00000d8b      0x1a8 ./src/write_to_flash.o
 .debug_abbrev  0x00000f33       0x14 ./CMSIS/efm32tg/startup_gcc_efm32tg.o
 .debug_abbrev  0x00000f47      0x1e4 ./CMSIS/efm32tg/system_efm32tg.o

.debug_loc      0x00000000      0xa0a
 .debug_loc     0x00000000       0x9a ./src/SIRKA_Bootloader_DRA.o
 .debug_loc     0x0000009a       0xda ./src/boot.o
 .debug_loc     0x00000174       0xa2 ./src/crc.o
 .debug_loc     0x00000216       0x40 ./src/irq.o
 .debug_loc     0x00000256      0x284 ./src/msc.o
 .debug_loc     0x000004da       0xf4 ./src/status.o
 .debug_loc     0x000005ce       0x54 ./src/usart.o
 .debug_loc     0x00000622       0x8c ./src/watchdog.o
 .debug_loc     0x000006ae      0x274 ./src/write_to_flash.o
 .debug_loc     0x00000922       0xe8 ./CMSIS/efm32tg/system_efm32tg.o

.debug_aranges  0x00000000      0x2e0
 .debug_aranges
                0x00000000       0x30 ./src/SIRKA_Bootloader_DRA.o
 .debug_aranges
                0x00000030       0x28 ./src/boot.o
 .debug_aranges
                0x00000058       0x28 ./src/crc.o
 .debug_aranges
                0x00000080       0x20 ./src/emu.o
 .debug_aranges
                0x000000a0       0x48 ./src/init.o
 .debug_aranges
                0x000000e8       0x30 ./src/irq.o
 .debug_aranges
                0x00000118       0x38 ./src/msc.o
 .debug_aranges
                0x00000150       0x30 ./src/status.o
 .debug_aranges
                0x00000180       0x30 ./src/timer.o
 .debug_aranges
                0x000001b0       0x30 ./src/usart.o
 .debug_aranges
                0x000001e0       0x30 ./src/watchdog.o
 .debug_aranges
                0x00000210       0x50 ./src/write_to_flash.o
 .debug_aranges
                0x00000260       0x20 ./CMSIS/efm32tg/startup_gcc_efm32tg.o
 .debug_aranges
                0x00000280       0x60 ./CMSIS/efm32tg/system_efm32tg.o

.debug_ranges   0x00000000      0x250
 .debug_ranges  0x00000000       0x20 ./src/SIRKA_Bootloader_DRA.o
 .debug_ranges  0x00000020       0x18 ./src/boot.o
 .debug_ranges  0x00000038       0x18 ./src/crc.o
 .debug_ranges  0x00000050       0x10 ./src/emu.o
 .debug_ranges  0x00000060       0x38 ./src/init.o
 .debug_ranges  0x00000098       0x50 ./src/irq.o
 .debug_ranges  0x000000e8       0x28 ./src/msc.o
 .debug_ranges  0x00000110       0x20 ./src/status.o
 .debug_ranges  0x00000130       0x20 ./src/timer.o
 .debug_ranges  0x00000150       0x20 ./src/usart.o
 .debug_ranges  0x00000170       0x20 ./src/watchdog.o
 .debug_ranges  0x00000190       0x40 ./src/write_to_flash.o
 .debug_ranges  0x000001d0       0x80 ./CMSIS/efm32tg/system_efm32tg.o

.debug_line     0x00000000     0x1c2e
 .debug_line    0x00000000      0x2f5 ./src/SIRKA_Bootloader_DRA.o
 .debug_line    0x000002f5      0x149 ./src/boot.o
 .debug_line    0x0000043e       0xff ./src/crc.o
 .debug_line    0x0000053d      0x148 ./src/emu.o
 .debug_line    0x00000685      0x2d6 ./src/init.o
 .debug_line    0x0000095b      0x22c ./src/irq.o
 .debug_line    0x00000b87      0x276 ./src/msc.o
 .debug_line    0x00000dfd      0x270 ./src/status.o
 .debug_line    0x0000106d      0x201 ./src/timer.o
 .debug_line    0x0000126e      0x1fc ./src/usart.o
 .debug_line    0x0000146a      0x1f4 ./src/watchdog.o
 .debug_line    0x0000165e      0x27a ./src/write_to_flash.o
 .debug_line    0x000018d8       0x8f ./CMSIS/efm32tg/startup_gcc_efm32tg.o
 .debug_line    0x00001967      0x2c7 ./CMSIS/efm32tg/system_efm32tg.o

.debug_str      0x00000000      0xbb1
 .debug_str     0x00000000      0x312 ./src/SIRKA_Bootloader_DRA.o
                                0x358 (size before relaxing)
 .debug_str     0x00000312       0x78 ./src/boot.o
                                0x1d2 (size before relaxing)
 .debug_str     0x0000038a       0x51 ./src/crc.o
                                0x179 (size before relaxing)
 .debug_str     0x000003db       0x20 ./src/emu.o
                                0x1c4 (size before relaxing)
 .debug_str     0x000003fb      0x3ee ./src/init.o
                                0x658 (size before relaxing)
 .debug_str     0x000007e9       0x6f ./src/irq.o
                                0x49b (size before relaxing)
 .debug_str     0x00000858       0xa1 ./src/msc.o
                                0x26d (size before relaxing)
 .debug_str     0x000008f9       0x47 ./src/status.o
                                0x259 (size before relaxing)
 .debug_str     0x00000940        0xf ./src/timer.o
                                0x1bd (size before relaxing)
 .debug_str     0x0000094f       0x1e ./src/usart.o
                                0x22f (size before relaxing)
 .debug_str     0x0000096d       0x4d ./src/watchdog.o
                                0x1a6 (size before relaxing)
 .debug_str     0x000009ba       0x6e ./src/write_to_flash.o
                                0x28e (size before relaxing)
 .debug_str     0x00000a28      0x189 ./CMSIS/efm32tg/system_efm32tg.o
                                0x3f7 (size before relaxing)

.debug_frame    0x00000000      0x5a8
 .debug_frame   0x00000000       0x60 ./src/SIRKA_Bootloader_DRA.o
 .debug_frame   0x00000060       0x4c ./src/boot.o
 .debug_frame   0x000000ac       0x30 ./src/crc.o
 .debug_frame   0x000000dc       0x20 ./src/emu.o
 .debug_frame   0x000000fc       0x70 ./src/init.o
 .debug_frame   0x0000016c       0x50 ./src/irq.o
 .debug_frame   0x000001bc       0x6c ./src/msc.o
 .debug_frame   0x00000228       0x64 ./src/status.o
 .debug_frame   0x0000028c       0x40 ./src/timer.o
 .debug_frame   0x000002cc       0x48 ./src/usart.o
 .debug_frame   0x00000314       0x40 ./src/watchdog.o
 .debug_frame   0x00000354       0xc4 ./src/write_to_flash.o
 .debug_frame   0x00000418       0xa8 ./CMSIS/efm32tg/system_efm32tg.o
 .debug_frame   0x000004c0       0x28 c:/siliconlabs/simplicitystudio/v2/developer/toolchains/gnu_arm/4.7_2013q1/bin/../lib/gcc/arm-none-eabi/4.7.3/../../../../arm-none-eabi/lib/armv7-m\libc_s.a(lib_a-__atexit2.o)
 .debug_frame   0x000004e8       0x28 c:/siliconlabs/simplicitystudio/v2/developer/toolchains/gnu_arm/4.7_2013q1/bin/../lib/gcc/arm-none-eabi/4.7.3/../../../../arm-none-eabi/lib/armv7-m\libc_s.a(lib_a-exit.o)
 .debug_frame   0x00000510       0x2c c:/siliconlabs/simplicitystudio/v2/developer/toolchains/gnu_arm/4.7_2013q1/bin/../lib/gcc/arm-none-eabi/4.7.3/../../../../arm-none-eabi/lib/armv7-m\libc_s.a(lib_a-fini.o)
 .debug_frame   0x0000053c       0x2c c:/siliconlabs/simplicitystudio/v2/developer/toolchains/gnu_arm/4.7_2013q1/bin/../lib/gcc/arm-none-eabi/4.7.3/../../../../arm-none-eabi/lib/armv7-m\libc_s.a(lib_a-init.o)
 .debug_frame   0x00000568       0x20 c:/siliconlabs/simplicitystudio/v2/developer/toolchains/gnu_arm/4.7_2013q1/bin/../lib/gcc/arm-none-eabi/4.7.3/../../../../arm-none-eabi/lib/armv7-m\libc_s.a(lib_a-memset.o)
 .debug_frame   0x00000588       0x20 c:/siliconlabs/simplicitystudio/v2/developer/toolchains/gnu_arm/4.7_2013q1/bin/../lib/gcc/arm-none-eabi/4.7.3/../../../../arm-none-eabi/lib/armv7-m\libnosys.a(_exit.o)
