Archive member included because of file (symbol)

c:/siliconlabs/simplicitystudio/v2/developer/toolchains/gnu_arm/4.7_2013q1/bin/../lib/gcc/arm-none-eabi/4.7.3/../../../../arm-none-eabi/lib/armv7-m\libc_s.a(lib_a-__atexit2.o)
                              c:/siliconlabs/simplicitystudio/v2/developer/toolchains/gnu_arm/4.7_2013q1/bin/../lib/gcc/arm-none-eabi/4.7.3/../../../../arm-none-eabi/lib/armv7-m/crt0.o (__register_exitproc)
c:/siliconlabs/simplicitystudio/v2/developer/toolchains/gnu_arm/4.7_2013q1/bin/../lib/gcc/arm-none-eabi/4.7.3/../../../../arm-none-eabi/lib/armv7-m\libc_s.a(lib_a-exit.o)
                              c:/siliconlabs/simplicitystudio/v2/developer/toolchains/gnu_arm/4.7_2013q1/bin/../lib/gcc/arm-none-eabi/4.7.3/../../../../arm-none-eabi/lib/armv7-m/crt0.o (exit)
c:/siliconlabs/simplicitystudio/v2/developer/toolchains/gnu_arm/4.7_2013q1/bin/../lib/gcc/arm-none-eabi/4.7.3/../../../../arm-none-eabi/lib/armv7-m\libc_s.a(lib_a-fini.o)
                              c:/siliconlabs/simplicitystudio/v2/developer/toolchains/gnu_arm/4.7_2013q1/bin/../lib/gcc/arm-none-eabi/4.7.3/../../../../arm-none-eabi/lib/armv7-m/crt0.o (__libc_fini_array)
c:/siliconlabs/simplicitystudio/v2/developer/toolchains/gnu_arm/4.7_2013q1/bin/../lib/gcc/arm-none-eabi/4.7.3/../../../../arm-none-eabi/lib/armv7-m\libc_s.a(lib_a-impure.o)
                              c:/siliconlabs/simplicitystudio/v2/developer/toolchains/gnu_arm/4.7_2013q1/bin/../lib/gcc/arm-none-eabi/4.7.3/../../../../arm-none-eabi/lib/armv7-m\libc_s.a(lib_a-exit.o) (_global_impure_ptr)
c:/siliconlabs/simplicitystudio/v2/developer/toolchains/gnu_arm/4.7_2013q1/bin/../lib/gcc/arm-none-eabi/4.7.3/../../../../arm-none-eabi/lib/armv7-m\libc_s.a(lib_a-init.o)
                              c:/siliconlabs/simplicitystudio/v2/developer/toolchains/gnu_arm/4.7_2013q1/bin/../lib/gcc/arm-none-eabi/4.7.3/../../../../arm-none-eabi/lib/armv7-m/crt0.o (__libc_init_array)
c:/siliconlabs/simplicitystudio/v2/developer/toolchains/gnu_arm/4.7_2013q1/bin/../lib/gcc/arm-none-eabi/4.7.3/../../../../arm-none-eabi/lib/armv7-m\libc_s.a(lib_a-memset.o)
                              c:/siliconlabs/simplicitystudio/v2/developer/toolchains/gnu_arm/4.7_2013q1/bin/../lib/gcc/arm-none-eabi/4.7.3/../../../../arm-none-eabi/lib/armv7-m/crt0.o (memset)
c:/siliconlabs/simplicitystudio/v2/developer/toolchains/gnu_arm/4.7_2013q1/bin/../lib/gcc/arm-none-eabi/4.7.3/../../../../arm-none-eabi/lib/armv7-m\libnosys.a(_exit.o)
                              c:/siliconlabs/simplicitystudio/v2/developer/toolchains/gnu_arm/4.7_2013q1/bin/../lib/gcc/arm-none-eabi/4.7.3/../../../../arm-none-eabi/lib/armv7-m\libc_s.a(lib_a-exit.o) (_exit)

Allocating common symbols
Common symbol       size              file

frame_position      0x2               ./src/SIRKA_Bootloader_DRA.o
SystemCoreClock     0x4               ./CMSIS/efm32tg/system_efm32tg.o
received_frame      0xe               ./src/SIRKA_Bootloader_DRA.o
crcTable            0x200             ./src/crc.o

Discarded input sections

 .text          0x00000000        0x0 c:/siliconlabs/simplicitystudio/v2/developer/toolchains/gnu_arm/4.7_2013q1/bin/../lib/gcc/arm-none-eabi/4.7.3/armv7-m/crti.o
 .data          0x00000000        0x0 c:/siliconlabs/simplicitystudio/v2/developer/toolchains/gnu_arm/4.7_2013q1/bin/../lib/gcc/arm-none-eabi/4.7.3/armv7-m/crti.o
 .bss           0x00000000        0x0 c:/siliconlabs/simplicitystudio/v2/developer/toolchains/gnu_arm/4.7_2013q1/bin/../lib/gcc/arm-none-eabi/4.7.3/armv7-m/crti.o
 .data          0x00000000        0x4 c:/siliconlabs/simplicitystudio/v2/developer/toolchains/gnu_arm/4.7_2013q1/bin/../lib/gcc/arm-none-eabi/4.7.3/armv7-m/crtbegin.o
 .data          0x00000000        0x0 c:/siliconlabs/simplicitystudio/v2/developer/toolchains/gnu_arm/4.7_2013q1/bin/../lib/gcc/arm-none-eabi/4.7.3/../../../../arm-none-eabi/lib/armv7-m/crt0.o
 .bss           0x00000000        0x0 c:/siliconlabs/simplicitystudio/v2/developer/toolchains/gnu_arm/4.7_2013q1/bin/../lib/gcc/arm-none-eabi/4.7.3/../../../../arm-none-eabi/lib/armv7-m/crt0.o
 .ARM.extab     0x00000000        0x0 c:/siliconlabs/simplicitystudio/v2/developer/toolchains/gnu_arm/4.7_2013q1/bin/../lib/gcc/arm-none-eabi/4.7.3/../../../../arm-none-eabi/lib/armv7-m/crt0.o
 .text          0x00000000        0x0 ./src/SIRKA_Bootloader_DRA.o
 .data          0x00000000        0x0 ./src/SIRKA_Bootloader_DRA.o
 .bss           0x00000000        0x0 ./src/SIRKA_Bootloader_DRA.o
 .text          0x00000000        0x0 ./src/boot.o
 .data          0x00000000        0x0 ./src/boot.o
 .bss           0x00000000        0x0 ./src/boot.o
 .text          0x00000000        0x0 ./src/crc.o
 .data          0x00000000        0x0 ./src/crc.o
 .bss           0x00000000        0x0 ./src/crc.o
 .text.crcInit  0x00000000       0x9c ./src/crc.o
 COMMON         0x00000000      0x200 ./src/crc.o
 .text          0x00000000        0x0 ./src/emu.o
 .data          0x00000000        0x0 ./src/emu.o
 .bss           0x00000000        0x0 ./src/emu.o
 .text          0x00000000        0x0 ./src/init.o
 .data          0x00000000        0x0 ./src/init.o
 .bss           0x00000000        0x0 ./src/init.o
 .text          0x00000000        0x0 ./src/irq.o
 .data          0x00000000        0x0 ./src/irq.o
 .bss           0x00000000        0x0 ./src/irq.o
 .text          0x00000000        0x0 ./src/msc.o
 .data          0x00000000        0x0 ./src/msc.o
 .bss           0x00000000        0x0 ./src/msc.o
 .text          0x00000000        0x0 ./src/status.o
 .data          0x00000000        0x0 ./src/status.o
 .bss           0x00000000        0x0 ./src/status.o
 .text          0x00000000        0x0 ./src/timer.o
 .data          0x00000000        0x0 ./src/timer.o
 .bss           0x00000000        0x0 ./src/timer.o
 .text          0x00000000        0x0 ./src/usart.o
 .data          0x00000000        0x0 ./src/usart.o
 .bss           0x00000000        0x0 ./src/usart.o
 .text.USART0_receive
                0x00000000       0x20 ./src/usart.o
 .text          0x00000000        0x0 ./src/watchdog.o
 .data          0x00000000        0x0 ./src/watchdog.o
 .bss           0x00000000        0x0 ./src/watchdog.o
 .text          0x00000000        0x0 ./src/write_to_flash.o
 .data          0x00000000        0x0 ./src/write_to_flash.o
 .bss           0x00000000        0x0 ./src/write_to_flash.o
 .text          0x00000000        0x0 ./emlib/em_system.o
 .data          0x00000000        0x0 ./emlib/em_system.o
 .bss           0x00000000        0x0 ./emlib/em_system.o
 .text.SYSTEM_ChipRevisionGet
                0x00000000       0x24 ./emlib/em_system.o
 .text.SYSTEM_GetCalibrationValue
                0x00000000       0x98 ./emlib/em_system.o
 .debug_info    0x00000000      0x239 ./emlib/em_system.o
 .debug_abbrev  0x00000000       0xef ./emlib/em_system.o
 .debug_loc     0x00000000      0x176 ./emlib/em_system.o
 .debug_aranges
                0x00000000       0x28 ./emlib/em_system.o
 .debug_ranges  0x00000000       0x18 ./emlib/em_system.o
 .debug_line    0x00000000      0x258 ./emlib/em_system.o
 .debug_str     0x00000000      0x237 ./emlib/em_system.o
 .comment       0x00000000       0x71 ./emlib/em_system.o
 .ARM.attributes
                0x00000000       0x33 ./emlib/em_system.o
 .debug_frame   0x00000000       0x38 ./emlib/em_system.o
 .data          0x00000000        0x0 ./CMSIS/efm32tg/startup_gcc_efm32tg.o
 .bss           0x00000000        0x0 ./CMSIS/efm32tg/startup_gcc_efm32tg.o
 .text          0x00000000        0x0 ./CMSIS/efm32tg/system_efm32tg.o
 .data          0x00000000        0x0 ./CMSIS/efm32tg/system_efm32tg.o
 .bss           0x00000000        0x0 ./CMSIS/efm32tg/system_efm32tg.o
 .text.SystemHFClockGet
                0x00000000       0xf4 ./CMSIS/efm32tg/system_efm32tg.o
 .text.SystemCoreClockGet
                0x00000000       0x24 ./CMSIS/efm32tg/system_efm32tg.o
 .text.SystemHFXOClockGet
                0x00000000        0xc ./CMSIS/efm32tg/system_efm32tg.o
 .text.SystemHFXOClockSet
                0x00000000       0x24 ./CMSIS/efm32tg/system_efm32tg.o
 .text.SystemLFRCOClockGet
                0x00000000        0x8 ./CMSIS/efm32tg/system_efm32tg.o
 .text.SystemULFRCOClockGet
                0x00000000        0x8 ./CMSIS/efm32tg/system_efm32tg.o
 .text.SystemLFXOClockGet
                0x00000000        0xc ./CMSIS/efm32tg/system_efm32tg.o
 .text.SystemLFXOClockSet
                0x00000000       0x24 ./CMSIS/efm32tg/system_efm32tg.o
 .data.SystemLFXOClock
                0x00000000        0x4 ./CMSIS/efm32tg/system_efm32tg.o
 .data.SystemHFXOClock
                0x00000000        0x4 ./CMSIS/efm32tg/system_efm32tg.o
 COMMON         0x00000000        0x4 ./CMSIS/efm32tg/system_efm32tg.o
 .text          0x00000000        0x0 c:/siliconlabs/simplicitystudio/v2/developer/toolchains/gnu_arm/4.7_2013q1/bin/../lib/gcc/arm-none-eabi/4.7.3/../../../../arm-none-eabi/lib/armv7-m\libc_s.a(lib_a-__atexit2.o)
 .data          0x00000000        0x0 c:/siliconlabs/simplicitystudio/v2/developer/toolchains/gnu_arm/4.7_2013q1/bin/../lib/gcc/arm-none-eabi/4.7.3/../../../../arm-none-eabi/lib/armv7-m\libc_s.a(lib_a-__atexit2.o)
 .bss           0x00000000        0x0 c:/siliconlabs/simplicitystudio/v2/developer/toolchains/gnu_arm/4.7_2013q1/bin/../lib/gcc/arm-none-eabi/4.7.3/../../../../arm-none-eabi/lib/armv7-m\libc_s.a(lib_a-__atexit2.o)
 .text          0x00000000        0x0 c:/siliconlabs/simplicitystudio/v2/developer/toolchains/gnu_arm/4.7_2013q1/bin/../lib/gcc/arm-none-eabi/4.7.3/../../../../arm-none-eabi/lib/armv7-m\libc_s.a(lib_a-exit.o)
 .data          0x00000000        0x0 c:/siliconlabs/simplicitystudio/v2/developer/toolchains/gnu_arm/4.7_2013q1/bin/../lib/gcc/arm-none-eabi/4.7.3/../../../../arm-none-eabi/lib/armv7-m\libc_s.a(lib_a-exit.o)
 .bss           0x00000000        0x0 c:/siliconlabs/simplicitystudio/v2/developer/toolchains/gnu_arm/4.7_2013q1/bin/../lib/gcc/arm-none-eabi/4.7.3/../../../../arm-none-eabi/lib/armv7-m\libc_s.a(lib_a-exit.o)
 .text          0x00000000        0x0 c:/siliconlabs/simplicitystudio/v2/developer/toolchains/gnu_arm/4.7_2013q1/bin/../lib/gcc/arm-none-eabi/4.7.3/../../../../arm-none-eabi/lib/armv7-m\libc_s.a(lib_a-fini.o)
 .data          0x00000000        0x0 c:/siliconlabs/simplicitystudio/v2/developer/toolchains/gnu_arm/4.7_2013q1/bin/../lib/gcc/arm-none-eabi/4.7.3/../../../../arm-none-eabi/lib/armv7-m\libc_s.a(lib_a-fini.o)
 .bss           0x00000000        0x0 c:/siliconlabs/simplicitystudio/v2/developer/toolchains/gnu_arm/4.7_2013q1/bin/../lib/gcc/arm-none-eabi/4.7.3/../../../../arm-none-eabi/lib/armv7-m\libc_s.a(lib_a-fini.o)
 .text          0x00000000        0x0 c:/siliconlabs/simplicitystudio/v2/developer/toolchains/gnu_arm/4.7_2013q1/bin/../lib/gcc/arm-none-eabi/4.7.3/../../../../arm-none-eabi/lib/armv7-m\libc_s.a(lib_a-impure.o)
 .data          0x00000000        0x0 c:/siliconlabs/simplicitystudio/v2/developer/toolchains/gnu_arm/4.7_2013q1/bin/../lib/gcc/arm-none-eabi/4.7.3/../../../../arm-none-eabi/lib/armv7-m\libc_s.a(lib_a-impure.o)
 .bss           0x00000000        0x0 c:/siliconlabs/simplicitystudio/v2/developer/toolchains/gnu_arm/4.7_2013q1/bin/../lib/gcc/arm-none-eabi/4.7.3/../../../../arm-none-eabi/lib/armv7-m\libc_s.a(lib_a-impure.o)
 .data._impure_ptr
                0x00000000        0x4 c:/siliconlabs/simplicitystudio/v2/developer/toolchains/gnu_arm/4.7_2013q1/bin/../lib/gcc/arm-none-eabi/4.7.3/../../../../arm-none-eabi/lib/armv7-m\libc_s.a(lib_a-impure.o)
 .text          0x00000000        0x0 c:/siliconlabs/simplicitystudio/v2/developer/toolchains/gnu_arm/4.7_2013q1/bin/../lib/gcc/arm-none-eabi/4.7.3/../../../../arm-none-eabi/lib/armv7-m\libc_s.a(lib_a-init.o)
 .data          0x00000000        0x0 c:/siliconlabs/simplicitystudio/v2/developer/toolchains/gnu_arm/4.7_2013q1/bin/../lib/gcc/arm-none-eabi/4.7.3/../../../../arm-none-eabi/lib/armv7-m\libc_s.a(lib_a-init.o)
 .bss           0x00000000        0x0 c:/siliconlabs/simplicitystudio/v2/developer/toolchains/gnu_arm/4.7_2013q1/bin/../lib/gcc/arm-none-eabi/4.7.3/../../../../arm-none-eabi/lib/armv7-m\libc_s.a(lib_a-init.o)
 .text          0x00000000        0x0 c:/siliconlabs/simplicitystudio/v2/developer/toolchains/gnu_arm/4.7_2013q1/bin/../lib/gcc/arm-none-eabi/4.7.3/../../../../arm-none-eabi/lib/armv7-m\libc_s.a(lib_a-memset.o)
 .data          0x00000000        0x0 c:/siliconlabs/simplicitystudio/v2/developer/toolchains/gnu_arm/4.7_2013q1/bin/../lib/gcc/arm-none-eabi/4.7.3/../../../../arm-none-eabi/lib/armv7-m\libc_s.a(lib_a-memset.o)
 .bss           0x00000000        0x0 c:/siliconlabs/simplicitystudio/v2/developer/toolchains/gnu_arm/4.7_2013q1/bin/../lib/gcc/arm-none-eabi/4.7.3/../../../../arm-none-eabi/lib/armv7-m\libc_s.a(lib_a-memset.o)
 .text          0x00000000        0x0 c:/siliconlabs/simplicitystudio/v2/developer/toolchains/gnu_arm/4.7_2013q1/bin/../lib/gcc/arm-none-eabi/4.7.3/../../../../arm-none-eabi/lib/armv7-m\libnosys.a(_exit.o)
 .data          0x00000000        0x0 c:/siliconlabs/simplicitystudio/v2/developer/toolchains/gnu_arm/4.7_2013q1/bin/../lib/gcc/arm-none-eabi/4.7.3/../../../../arm-none-eabi/lib/armv7-m\libnosys.a(_exit.o)
 .bss           0x00000000        0x0 c:/siliconlabs/simplicitystudio/v2/developer/toolchains/gnu_arm/4.7_2013q1/bin/../lib/gcc/arm-none-eabi/4.7.3/../../../../arm-none-eabi/lib/armv7-m\libnosys.a(_exit.o)
 .text          0x00000000        0x0 c:/siliconlabs/simplicitystudio/v2/developer/toolchains/gnu_arm/4.7_2013q1/bin/../lib/gcc/arm-none-eabi/4.7.3/armv7-m/crtend.o
 .data          0x00000000        0x0 c:/siliconlabs/simplicitystudio/v2/developer/toolchains/gnu_arm/4.7_2013q1/bin/../lib/gcc/arm-none-eabi/4.7.3/armv7-m/crtend.o
 .bss           0x00000000        0x0 c:/siliconlabs/simplicitystudio/v2/developer/toolchains/gnu_arm/4.7_2013q1/bin/../lib/gcc/arm-none-eabi/4.7.3/armv7-m/crtend.o
 .jcr           0x00000000        0x4 c:/siliconlabs/simplicitystudio/v2/developer/toolchains/gnu_arm/4.7_2013q1/bin/../lib/gcc/arm-none-eabi/4.7.3/armv7-m/crtend.o
 .text          0x00000000        0x0 c:/siliconlabs/simplicitystudio/v2/developer/toolchains/gnu_arm/4.7_2013q1/bin/../lib/gcc/arm-none-eabi/4.7.3/armv7-m/crtn.o
 .data          0x00000000        0x0 c:/siliconlabs/simplicitystudio/v2/developer/toolchains/gnu_arm/4.7_2013q1/bin/../lib/gcc/arm-none-eabi/4.7.3/armv7-m/crtn.o
 .bss           0x00000000        0x0 c:/siliconlabs/simplicitystudio/v2/developer/toolchains/gnu_arm/4.7_2013q1/bin/../lib/gcc/arm-none-eabi/4.7.3/armv7-m/crtn.o

Memory Configuration

Name             Origin             Length             Attributes
FLASH            0x00000000         0x00002000         xr
RAM              0x20000000         0x00001000         xrw
*default*        0x00000000         0xffffffff

Linker script and memory map

LOAD c:/siliconlabs/simplicitystudio/v2/developer/toolchains/gnu_arm/4.7_2013q1/bin/../lib/gcc/arm-none-eabi/4.7.3/armv7-m/crti.o
LOAD c:/siliconlabs/simplicitystudio/v2/developer/toolchains/gnu_arm/4.7_2013q1/bin/../lib/gcc/arm-none-eabi/4.7.3/armv7-m/crtbegin.o
LOAD c:/siliconlabs/simplicitystudio/v2/developer/toolchains/gnu_arm/4.7_2013q1/bin/../lib/gcc/arm-none-eabi/4.7.3/../../../../arm-none-eabi/lib/armv7-m/crt0.o
LOAD ./src/SIRKA_Bootloader_DRA.o
LOAD ./src/boot.o
LOAD ./src/crc.o
LOAD ./src/emu.o
LOAD ./src/init.o
LOAD ./src/irq.o
LOAD ./src/msc.o
LOAD ./src/status.o
LOAD ./src/timer.o
LOAD ./src/usart.o
LOAD ./src/watchdog.o
LOAD ./src/write_to_flash.o
LOAD ./emlib/em_system.o
LOAD ./CMSIS/efm32tg/startup_gcc_efm32tg.o
LOAD ./CMSIS/efm32tg/system_efm32tg.o
START GROUP
LOAD c:/siliconlabs/simplicitystudio/v2/developer/toolchains/gnu_arm/4.7_2013q1/bin/../lib/gcc/arm-none-eabi/4.7.3/armv7-m\libgcc.a
LOAD c:/siliconlabs/simplicitystudio/v2/developer/toolchains/gnu_arm/4.7_2013q1/bin/../lib/gcc/arm-none-eabi/4.7.3/../../../../arm-none-eabi/lib/armv7-m\libc_s.a
LOAD c:/siliconlabs/simplicitystudio/v2/developer/toolchains/gnu_arm/4.7_2013q1/bin/../lib/gcc/arm-none-eabi/4.7.3/../../../../arm-none-eabi/lib/armv7-m\libnosys.a
END GROUP
START GROUP
LOAD c:/siliconlabs/simplicitystudio/v2/developer/toolchains/gnu_arm/4.7_2013q1/bin/../lib/gcc/arm-none-eabi/4.7.3/armv7-m\libgcc.a
LOAD c:/siliconlabs/simplicitystudio/v2/developer/toolchains/gnu_arm/4.7_2013q1/bin/../lib/gcc/arm-none-eabi/4.7.3/../../../../arm-none-eabi/lib/armv7-m\libc_s.a
END GROUP
LOAD c:/siliconlabs/simplicitystudio/v2/developer/toolchains/gnu_arm/4.7_2013q1/bin/../lib/gcc/arm-none-eabi/4.7.3/armv7-m/crtend.o
LOAD c:/siliconlabs/simplicitystudio/v2/developer/toolchains/gnu_arm/4.7_2013q1/bin/../lib/gcc/arm-none-eabi/4.7.3/armv7-m/crtn.o

.text           0x00000000     0x1078
 *(.isr_vector)
 .isr_vector    0x00000000      0x100 ./CMSIS/efm32tg/startup_gcc_efm32tg.o
                0x00000000                __isr_vector
 *(.text*)
 .text          0x00000100       0x54 c:/siliconlabs/simplicitystudio/v2/developer/toolchains/gnu_arm/4.7_2013q1/bin/../lib/gcc/arm-none-eabi/4.7.3/armv7-m/crtbegin.o
 .text          0x00000154       0x70 c:/siliconlabs/simplicitystudio/v2/developer/toolchains/gnu_arm/4.7_2013q1/bin/../lib/gcc/arm-none-eabi/4.7.3/../../../../arm-none-eabi/lib/armv7-m/crt0.o
                0x00000154                _start
                0x00000154                start
                0x00000154                _mainCRTStartup
 .text.sendWelcomeMessage
                0x000001c4       0x64 ./src/SIRKA_Bootloader_DRA.o
                0x000001c4                sendWelcomeMessage
 .text.sendVerify
                0x00000228       0x3c ./src/SIRKA_Bootloader_DRA.o
                0x00000228                sendVerify
 .text.main     0x00000264      0x10c ./src/SIRKA_Bootloader_DRA.o
                0x00000264                main
 .text.BOOT_jump
                0x00000370        0xc ./src/boot.o
                0x00000370                BOOT_jump
 .text.BOOT_boot
                0x0000037c       0x1c ./src/boot.o
                0x0000037c                BOOT_boot
 .text.CRC16    0x00000398       0x18 ./src/crc.o
                0x00000398                CRC16
 .text.EMU_EnterEM1
                0x000003b0       0x14 ./src/emu.o
                0x000003b0                EMU_EnterEM1
 .text.Init_USART0
                0x000003c4       0x24 ./src/init.o
                0x000003c4                Init_USART0
 .text.Init_Clocks
                0x000003e8       0x58 ./src/init.o
                0x000003e8                Init_Clocks
 .text.Init_GPIO
                0x00000440       0x54 ./src/init.o
                0x00000440                Init_GPIO
 .text.Init_WD  0x00000494       0x18 ./src/init.o
                0x00000494                Init_WD
 .text.Init_TIMER0
                0x000004ac       0x2c ./src/init.o
                0x000004ac                Init_TIMER0
 .text.Init_Interrupts
                0x000004d8        0x8 ./src/init.o
                0x000004d8                Init_Interrupts
 .text.enable_interrupts
                0x000004e0       0x24 ./src/irq.o
                0x000004e0                enable_interrupts
 .text.USART0_RX_IRQHandler
                0x00000504       0x4c ./src/irq.o
                0x00000504                USART0_RX_IRQHandler
 .text.TIMER0_IRQHandler
                0x00000550       0x28 ./src/irq.o
                0x00000550                TIMER0_IRQHandler
 .text.ErasePage
                0x00000578       0xd4 ./src/msc.o
                0x00000578                ErasePage
 .text.LoadData
                0x0000064c      0x108 ./src/msc.o
                0x0000064c                LoadData
 .text.LoadAddress
                0x00000754       0x3c ./src/msc.o
                0x00000754                LoadAddress
 .text.WriteWord
                0x00000790       0xe0 ./src/msc.o
                0x00000790                WriteWord
 .text.send_hello
                0x00000870       0xe4 ./src/status.o
                0x00000870                send_hello
 .text.send_ok  0x00000954       0x44 ./src/status.o
                0x00000954                send_ok
 .text.send_crc_fail
                0x00000998       0x44 ./src/status.o
                0x00000998                send_crc_fail
 .text.TIMER_start
                0x000009dc       0x10 ./src/timer.o
                0x000009dc                TIMER_start
 .text.TIMER_stop
                0x000009ec       0x18 ./src/timer.o
                0x000009ec                TIMER_stop
 .text.TIMER_intclear
                0x00000a04       0x10 ./src/timer.o
                0x00000a04                TIMER_intclear
 .text.USART0_send
                0x00000a14       0x2c ./src/usart.o
                0x00000a14                USART0_send
 .text.USART0_sendString
                0x00000a40       0x18 ./src/usart.o
                0x00000a40                USART0_sendString
 .text.WDOG_Feed
                0x00000a58       0x40 ./src/watchdog.o
                0x00000a58                WDOG_Feed
 .text.BITBAND_Peripheral
                0x00000a98       0x10 ./src/watchdog.o
                0x00000a98                BITBAND_Peripheral
 .text.WDOG_Enable
                0x00000aa8       0x28 ./src/watchdog.o
                0x00000aa8                WDOG_Enable
 .text.check_firmware
                0x00000ad0       0x64 ./src/write_to_flash.o
                0x00000ad0                check_firmware
 .text.reset_bootflag
                0x00000b34       0xcc ./src/write_to_flash.o
                0x00000b34                reset_bootflag
 .text.write_to_flash
                0x00000c00       0x6c ./src/write_to_flash.o
                0x00000c00                write_to_flash
 .text.wait_for_package
                0x00000c6c       0x38 ./src/write_to_flash.o
                0x00000c6c                wait_for_package
 .text.get_nr_of_packages
                0x00000ca4       0x24 ./src/write_to_flash.o
                0x00000ca4                get_nr_of_packages
 .text.check_crc
                0x00000cc8       0x94 ./src/write_to_flash.o
                0x00000cc8                check_crc
 .text.flash_device
                0x00000d5c       0xdc ./src/write_to_flash.o
                0x00000d5c                flash_device
 .text          0x00000e38       0x78 ./CMSIS/efm32tg/startup_gcc_efm32tg.o
                0x00000e38                Reset_Handler
                0x00000e6c                Default_Handler
                0x00000e6e                NMI_Handler
                0x00000e70                HardFault_Handler
                0x00000e72                MemManage_Handler
                0x00000e74                BusFault_Handler
                0x00000e76                UsageFault_Handler
                0x00000e78                SVC_Handler
                0x00000e7a                DebugMon_Handler
                0x00000e7c                PendSV_Handler
                0x00000e7e                SysTick_Handler
                0x00000e80                DMA_IRQHandler
                0x00000e82                GPIO_EVEN_IRQHandler
                0x00000e88                USART0_TX_IRQHandler
                0x00000e8a                ACMP0_IRQHandler
                0x00000e8c                ADC0_IRQHandler
                0x00000e8e                DAC0_IRQHandler
                0x00000e90                I2C0_IRQHandler
                0x00000e92                GPIO_ODD_IRQHandler
                0x00000e94                TIMER1_IRQHandler
                0x00000e96                USART1_RX_IRQHandler
                0x00000e98                USART1_TX_IRQHandler
                0x00000e9a                LESENSE_IRQHandler
                0x00000e9c                LEUART0_IRQHandler
                0x00000e9e                LETIMER0_IRQHandler
                0x00000ea0                PCNT0_IRQHandler
                0x00000ea2                RTC_IRQHandler
                0x00000ea4                CMU_IRQHandler
                0x00000ea6                VCMP_IRQHandler
                0x00000ea8                LCD_IRQHandler
                0x00000eaa                MSC_IRQHandler
                0x00000eac                AES_IRQHandler
 .text.SystemInit
                0x00000eb0        0x4 ./CMSIS/efm32tg/system_efm32tg.o
                0x00000eb0                SystemInit
 .text.__register_exitproc
                0x00000eb4       0x14 c:/siliconlabs/simplicitystudio/v2/developer/toolchains/gnu_arm/4.7_2013q1/bin/../lib/gcc/arm-none-eabi/4.7.3/../../../../arm-none-eabi/lib/armv7-m\libc_s.a(lib_a-__atexit2.o)
                0x00000eb4                __register_exitproc
 .text.exit     0x00000ec8       0x2c c:/siliconlabs/simplicitystudio/v2/developer/toolchains/gnu_arm/4.7_2013q1/bin/../lib/gcc/arm-none-eabi/4.7.3/../../../../arm-none-eabi/lib/armv7-m\libc_s.a(lib_a-exit.o)
                0x00000ec8                exit
 .text.__libc_fini_array
                0x00000ef4       0x2c c:/siliconlabs/simplicitystudio/v2/developer/toolchains/gnu_arm/4.7_2013q1/bin/../lib/gcc/arm-none-eabi/4.7.3/../../../../arm-none-eabi/lib/armv7-m\libc_s.a(lib_a-fini.o)
                0x00000ef4                __libc_fini_array
 .text.__libc_init_array
                0x00000f20       0x4c c:/siliconlabs/simplicitystudio/v2/developer/toolchains/gnu_arm/4.7_2013q1/bin/../lib/gcc/arm-none-eabi/4.7.3/../../../../arm-none-eabi/lib/armv7-m\libc_s.a(lib_a-init.o)
                0x00000f20                __libc_init_array
 .text.memset   0x00000f6c       0x10 c:/siliconlabs/simplicitystudio/v2/developer/toolchains/gnu_arm/4.7_2013q1/bin/../lib/gcc/arm-none-eabi/4.7.3/../../../../arm-none-eabi/lib/armv7-m\libc_s.a(lib_a-memset.o)
                0x00000f6c                memset
 .text._exit    0x00000f7c        0x4 c:/siliconlabs/simplicitystudio/v2/developer/toolchains/gnu_arm/4.7_2013q1/bin/../lib/gcc/arm-none-eabi/4.7.3/../../../../arm-none-eabi/lib/armv7-m\libnosys.a(_exit.o)
                0x00000f7c                _exit
 *(.init)
 .init          0x00000f80        0x4 c:/siliconlabs/simplicitystudio/v2/developer/toolchains/gnu_arm/4.7_2013q1/bin/../lib/gcc/arm-none-eabi/4.7.3/armv7-m/crti.o
                0x00000f80                _init
 .init          0x00000f84        0x8 c:/siliconlabs/simplicitystudio/v2/developer/toolchains/gnu_arm/4.7_2013q1/bin/../lib/gcc/arm-none-eabi/4.7.3/armv7-m/crtn.o
 *(.fini)
 .fini          0x00000f8c        0x4 c:/siliconlabs/simplicitystudio/v2/developer/toolchains/gnu_arm/4.7_2013q1/bin/../lib/gcc/arm-none-eabi/4.7.3/armv7-m/crti.o
                0x00000f8c                _fini
 .fini          0x00000f90        0x8 c:/siliconlabs/simplicitystudio/v2/developer/toolchains/gnu_arm/4.7_2013q1/bin/../lib/gcc/arm-none-eabi/4.7.3/armv7-m/crtn.o
 *crtbegin.o(.ctors)
 *crtbegin?.o(.ctors)
 *(EXCLUDE_FILE(*crtend.o *crtend?.o) .ctors)
 *(SORT(.ctors.*))
 *(.ctors)
 *crtbegin.o(.dtors)
 *crtbegin?.o(.dtors)
 *(EXCLUDE_FILE(*crtend.o *crtend?.o) .dtors)
 *(SORT(.dtors.*))
 *(.dtors)
 *(.rodata*)
 .rodata.str1.4
                0x00000f98       0xd4 ./src/SIRKA_Bootloader_DRA.o
 .rodata.str1.1
                0x0000106c        0x2 c:/siliconlabs/simplicitystudio/v2/developer/toolchains/gnu_arm/4.7_2013q1/bin/../lib/gcc/arm-none-eabi/4.7.3/../../../../arm-none-eabi/lib/armv7-m\libc_s.a(lib_a-impure.o)
 *fill*         0x0000106e        0x2 00
 .rodata._global_impure_ptr
                0x00001070        0x4 c:/siliconlabs/simplicitystudio/v2/developer/toolchains/gnu_arm/4.7_2013q1/bin/../lib/gcc/arm-none-eabi/4.7.3/../../../../arm-none-eabi/lib/armv7-m\libc_s.a(lib_a-impure.o)
                0x00001070                _global_impure_ptr
 *(.eh_frame*)
 .eh_frame      0x00001074        0x0 c:/siliconlabs/simplicitystudio/v2/developer/toolchains/gnu_arm/4.7_2013q1/bin/../lib/gcc/arm-none-eabi/4.7.3/armv7-m/crtbegin.o
 .eh_frame      0x00001074        0x4 c:/siliconlabs/simplicitystudio/v2/developer/toolchains/gnu_arm/4.7_2013q1/bin/../lib/gcc/arm-none-eabi/4.7.3/armv7-m/crtend.o

.glue_7         0x00001078        0x0
 .glue_7        0x00000000        0x0 linker stubs

.glue_7t        0x00001078        0x0
 .glue_7t       0x00000000        0x0 linker stubs

.vfp11_veneer   0x00001078        0x0
 .vfp11_veneer  0x00000000        0x0 linker stubs

.v4_bx          0x00001078        0x0
 .v4_bx         0x00000000        0x0 linker stubs

.iplt           0x00001078        0x0
 .iplt          0x00000000        0x0 c:/siliconlabs/simplicitystudio/v2/developer/toolchains/gnu_arm/4.7_2013q1/bin/../lib/gcc/arm-none-eabi/4.7.3/armv7-m/crtbegin.o

.ARM.extab
 *(.ARM.extab* .gnu.linkonce.armextab.*)
                0x00001078                __exidx_start = .

.ARM.exidx      0x00001078        0x8
 *(.ARM.exidx* .gnu.linkonce.armexidx.*)
 .ARM.exidx     0x00001078        0x8 c:/siliconlabs/simplicitystudio/v2/developer/toolchains/gnu_arm/4.7_2013q1/bin/../lib/gcc/arm-none-eabi/4.7.3/../../../../arm-none-eabi/lib/armv7-m/crt0.o
                0x00001080                __exidx_end = .
                0x00001080                __etext = .

.rel.dyn        0x00001080        0x0
 .rel.iplt      0x00000000        0x0 c:/siliconlabs/simplicitystudio/v2/developer/toolchains/gnu_arm/4.7_2013q1/bin/../lib/gcc/arm-none-eabi/4.7.3/armv7-m/crtbegin.o

.data           0x20000000      0x298 load address 0x00001080
                0x20000000                __data_start__ = .
 *(vtable)
 *(.data*)
 .data.CRC16_Table
                0x20000000      0x200 ./src/crc.o
                0x20000000                CRC16_Table
 .data.finished
                0x20000200        0x8 ./src/status.o
                0x20000200                finished
 .data.failed   0x20000208        0x8 ./src/status.o
                0x20000208                failed
 .data.gyro_res
                0x20000210        0x4 ./src/write_to_flash.o
                0x20000210                gyro_res
 .data.file_size
                0x20000214        0x4 ./src/write_to_flash.o
                0x20000214                file_size
 .data.mag_res  0x20000218        0x4 ./src/write_to_flash.o
                0x20000218                mag_res
 .data.acc_res  0x2000021c        0x4 ./src/write_to_flash.o
                0x2000021c                acc_res
 .data.sirka_address
                0x20000220        0x4 ./src/write_to_flash.o
                0x20000220                sirka_address
 .data.crc_pack
                0x20000224        0x4 ./src/write_to_flash.o
                0x20000224                crc_pack
 .data.address  0x20000228        0x4 ./src/write_to_flash.o
                0x20000228                address
 .data.impure_data
                0x2000022c       0x64 c:/siliconlabs/simplicitystudio/v2/developer/toolchains/gnu_arm/4.7_2013q1/bin/../lib/gcc/arm-none-eabi/4.7.3/../../../../arm-none-eabi/lib/armv7-m\libc_s.a(lib_a-impure.o)
                0x20000290                . = ALIGN (0x4)
 *(.ram)
                0x20000290                . = ALIGN (0x4)
                0x20000290                PROVIDE (__preinit_array_start, .)
 *(.preinit_array)
                0x20000290                PROVIDE (__preinit_array_end, .)
                0x20000290                . = ALIGN (0x4)
                0x20000290                PROVIDE (__init_array_start, .)
 *(SORT(.init_array.*))
 *(.init_array)
 .init_array    0x20000290        0x4 c:/siliconlabs/simplicitystudio/v2/developer/toolchains/gnu_arm/4.7_2013q1/bin/../lib/gcc/arm-none-eabi/4.7.3/armv7-m/crtbegin.o
                0x20000294                PROVIDE (__init_array_end, .)
                0x20000294                . = ALIGN (0x4)
                0x20000294                PROVIDE (__fini_array_start, .)
 *(SORT(.fini_array.*))
 *(.fini_array)
 .fini_array    0x20000294        0x4 c:/siliconlabs/simplicitystudio/v2/developer/toolchains/gnu_arm/4.7_2013q1/bin/../lib/gcc/arm-none-eabi/4.7.3/armv7-m/crtbegin.o
                0x20000298                PROVIDE (__fini_array_end, .)
                0x20000298                . = ALIGN (0x4)
                0x20000298                __data_end__ = .

.jcr            0x20000298        0x0 load address 0x00001318
 .jcr           0x20000298        0x0 c:/siliconlabs/simplicitystudio/v2/developer/toolchains/gnu_arm/4.7_2013q1/bin/../lib/gcc/arm-none-eabi/4.7.3/armv7-m/crtbegin.o

.igot.plt       0x20000298        0x0 load address 0x00001318
 .igot.plt      0x00000000        0x0 c:/siliconlabs/simplicitystudio/v2/developer/toolchains/gnu_arm/4.7_2013q1/bin/../lib/gcc/arm-none-eabi/4.7.3/armv7-m/crtbegin.o

.bss            0x20000298       0x32 load address 0x00001318
                0x20000298                __bss_start__ = .
 *(.bss*)
 .bss           0x20000298       0x1c c:/siliconlabs/simplicitystudio/v2/developer/toolchains/gnu_arm/4.7_2013q1/bin/../lib/gcc/arm-none-eabi/4.7.3/armv7-m/crtbegin.o
 .bss.nr_of_packages
                0x200002b4        0x2 ./src/write_to_flash.o
                0x200002b4                nr_of_packages
 *(COMMON)
 *fill*         0x200002b6        0x2 00
 COMMON         0x200002b8       0x12 ./src/SIRKA_Bootloader_DRA.o
                0x200002b8                frame_position
                0x200002bc                received_frame
                0x200002ca                __bss_end__ = .

.heap           0x200002d0        0x0
                0x200002d0                __end__ = .
                0x200002d0                end = __end__
                0x200002d0                _end = __end__
 *(.heap*)
 .heap          0x200002d0        0x0 ./CMSIS/efm32tg/startup_gcc_efm32tg.o
                0x200002d0                __HeapLimit = .

.stack_dummy    0x200002d0      0x400
 *(.stack)
 .stack         0x200002d0      0x400 ./CMSIS/efm32tg/startup_gcc_efm32tg.o
                0x20001000                __StackTop = (ORIGIN (RAM) + 0x1000)
                0x20000c00                __StackLimit = (__StackTop - SIZEOF (.stack_dummy))
                0x20001000                PROVIDE (__stack, __StackTop)
                0x00000001                ASSERT ((__StackLimit >= __HeapLimit), region RAM overflowed with stack)
OUTPUT(SIRKA_Bootloader_DRA.axf elf32-littlearm)

.ARM.attributes
                0x00000000       0x29
 .ARM.attributes
                0x00000000       0x1d c:/siliconlabs/simplicitystudio/v2/developer/toolchains/gnu_arm/4.7_2013q1/bin/../lib/gcc/arm-none-eabi/4.7.3/armv7-m/crti.o
 .ARM.attributes
                0x0000001d       0x2d c:/siliconlabs/simplicitystudio/v2/developer/toolchains/gnu_arm/4.7_2013q1/bin/../lib/gcc/arm-none-eabi/4.7.3/armv7-m/crtbegin.o
 .ARM.attributes
                0x0000004a       0x1b c:/siliconlabs/simplicitystudio/v2/developer/toolchains/gnu_arm/4.7_2013q1/bin/../lib/gcc/arm-none-eabi/4.7.3/../../../../arm-none-eabi/lib/armv7-m/crt0.o
 .ARM.attributes
                0x00000065       0x33 ./src/SIRKA_Bootloader_DRA.o
 .ARM.attributes
                0x00000098       0x33 ./src/boot.o
 .ARM.attributes
                0x000000cb       0x33 ./src/crc.o
 .ARM.attributes
                0x000000fe       0x33 ./src/emu.o
 .ARM.attributes
                0x00000131       0x33 ./src/init.o
 .ARM.attributes
                0x00000164       0x33 ./src/irq.o
 .ARM.attributes
                0x00000197       0x33 ./src/msc.o
 .ARM.attributes
                0x000001ca       0x33 ./src/status.o
 .ARM.attributes
                0x000001fd       0x33 ./src/timer.o
 .ARM.attributes
                0x00000230       0x33 ./src/usart.o
 .ARM.attributes
                0x00000263       0x33 ./src/watchdog.o
 .ARM.attributes
                0x00000296       0x33 ./src/write_to_flash.o
 .ARM.attributes
                0x000002c9       0x1b ./CMSIS/efm32tg/startup_gcc_efm32tg.o
 .ARM.attributes
                0x000002e4       0x33 ./CMSIS/efm32tg/system_efm32tg.o
 .ARM.attributes
                0x00000317       0x2d c:/siliconlabs/simplicitystudio/v2/developer/toolchains/gnu_arm/4.7_2013q1/bin/../lib/gcc/arm-none-eabi/4.7.3/../../../../arm-none-eabi/lib/armv7-m\libc_s.a(lib_a-__atexit2.o)
 .ARM.attributes
                0x00000344       0x2d c:/siliconlabs/simplicitystudio/v2/developer/toolchains/gnu_arm/4.7_2013q1/bin/../lib/gcc/arm-none-eabi/4.7.3/../../../../arm-none-eabi/lib/armv7-m\libc_s.a(lib_a-exit.o)
 .ARM.attributes
                0x00000371       0x2d c:/siliconlabs/simplicitystudio/v2/developer/toolchains/gnu_arm/4.7_2013q1/bin/../lib/gcc/arm-none-eabi/4.7.3/../../../../arm-none-eabi/lib/armv7-m\libc_s.a(lib_a-fini.o)
 .ARM.attributes
                0x0000039e       0x2d c:/siliconlabs/simplicitystudio/v2/developer/toolchains/gnu_arm/4.7_2013q1/bin/../lib/gcc/arm-none-eabi/4.7.3/../../../../arm-none-eabi/lib/armv7-m\libc_s.a(lib_a-impure.o)
 .ARM.attributes
                0x000003cb       0x2d c:/siliconlabs/simplicitystudio/v2/developer/toolchains/gnu_arm/4.7_2013q1/bin/../lib/gcc/arm-none-eabi/4.7.3/../../../../arm-none-eabi/lib/armv7-m\libc_s.a(lib_a-init.o)
 .ARM.attributes
                0x000003f8       0x2d c:/siliconlabs/simplicitystudio/v2/developer/toolchains/gnu_arm/4.7_2013q1/bin/../lib/gcc/arm-none-eabi/4.7.3/../../../../arm-none-eabi/lib/armv7-m\libc_s.a(lib_a-memset.o)
 .ARM.attributes
                0x00000425       0x2d c:/siliconlabs/simplicitystudio/v2/developer/toolchains/gnu_arm/4.7_2013q1/bin/../lib/gcc/arm-none-eabi/4.7.3/../../../../arm-none-eabi/lib/armv7-m\libnosys.a(_exit.o)
 .ARM.attributes
                0x00000452       0x2d c:/siliconlabs/simplicitystudio/v2/developer/toolchains/gnu_arm/4.7_2013q1/bin/../lib/gcc/arm-none-eabi/4.7.3/armv7-m/crtend.o
 .ARM.attributes
                0x0000047f       0x1d c:/siliconlabs/simplicitystudio/v2/developer/toolchains/gnu_arm/4.7_2013q1/bin/../lib/gcc/arm-none-eabi/4.7.3/armv7-m/crtn.o

.comment        0x00000000       0x70
 .comment       0x00000000       0x70 ./src/SIRKA_Bootloader_DRA.o
                                 0x71 (size before relaxing)
 .comment       0x00000000       0x71 ./src/boot.o
 .comment       0x00000000       0x71 ./src/crc.o
 .comment       0x00000000       0x71 ./src/emu.o
 .comment       0x00000000       0x71 ./src/init.o
 .comment       0x00000000       0x71 ./src/irq.o
 .comment       0x00000000       0x71 ./src/msc.o
 .comment       0x00000000       0x71 ./src/status.o
 .comment       0x00000000       0x71 ./src/timer.o
 .comment       0x00000000       0x71 ./src/usart.o
 .comment       0x00000000       0x71 ./src/watchdog.o
 .comment       0x00000000       0x71 ./src/write_to_flash.o
 .comment       0x00000000       0x71 ./CMSIS/efm32tg/system_efm32tg.o

.debug_info     0x00000000     0x36b1
 .debug_info    0x00000000      0x5d7 ./src/SIRKA_Bootloader_DRA.o
 .debug_info    0x000005d7      0x2ef ./src/boot.o
 .debug_info    0x000008c6      0x14e ./src/crc.o
 .debug_info    0x00000a14      0x29d ./src/emu.o
 .debug_info    0x00000cb1      0xa5d ./src/init.o
 .debug_info    0x0000170e      0x55f ./src/irq.o
 .debug_info    0x00001c6d      0x3e8 ./src/msc.o
 .debug_info    0x00002055      0x4f4 ./src/status.o
 .debug_info    0x00002549      0x21d ./src/timer.o
 .debug_info    0x00002766      0x29a ./src/usart.o
 .debug_info    0x00002a00      0x197 ./src/watchdog.o
 .debug_info    0x00002b97      0x4e4 ./src/write_to_flash.o
 .debug_info    0x0000307b       0xa9 ./CMSIS/efm32tg/startup_gcc_efm32tg.o
 .debug_info    0x00003124      0x58d ./CMSIS/efm32tg/system_efm32tg.o

.debug_abbrev   0x00000000     0x10c2
 .debug_abbrev  0x00000000      0x1a2 ./src/SIRKA_Bootloader_DRA.o
 .debug_abbrev  0x000001a2      0x117 ./src/boot.o
 .debug_abbrev  0x000002b9       0xd7 ./src/crc.o
 .debug_abbrev  0x00000390       0xda ./src/emu.o
 .debug_abbrev  0x0000046a      0x199 ./src/init.o
 .debug_abbrev  0x00000603      0x196 ./src/irq.o
 .debug_abbrev  0x00000799      0x157 ./src/msc.o
 .debug_abbrev  0x000008f0      0x182 ./src/status.o
 .debug_abbrev  0x00000a72       0xad ./src/timer.o
 .debug_abbrev  0x00000b1f      0x103 ./src/usart.o
 .debug_abbrev  0x00000c22      0x12b ./src/watchdog.o
 .debug_abbrev  0x00000d4d      0x18b ./src/write_to_flash.o
 .debug_abbrev  0x00000ed8       0x14 ./CMSIS/efm32tg/startup_gcc_efm32tg.o
 .debug_abbrev  0x00000eec      0x1d6 ./CMSIS/efm32tg/system_efm32tg.o

.debug_loc      0x00000000     0xbdf6
 .debug_loc     0x00000000       0x9a ./src/SIRKA_Bootloader_DRA.o
 .debug_loc     0x0000009a       0x49 ./src/boot.o
 .debug_loc     0x000000e3     0xb21d ./src/crc.o
 .debug_loc     0x0000b300       0x20 ./src/init.o
 .debug_loc     0x0000b320       0x40 ./src/irq.o
 .debug_loc     0x0000b360      0x45e ./src/msc.o
 .debug_loc     0x0000b7be      0x15c ./src/status.o
 .debug_loc     0x0000b91a       0x5f ./src/usart.o
 .debug_loc     0x0000b979       0xcd ./src/watchdog.o
 .debug_loc     0x0000ba46      0x29b ./src/write_to_flash.o
 .debug_loc     0x0000bce1      0x115 ./CMSIS/efm32tg/system_efm32tg.o

.debug_aranges  0x00000000      0x2e0
 .debug_aranges
                0x00000000       0x30 ./src/SIRKA_Bootloader_DRA.o
 .debug_aranges
                0x00000030       0x28 ./src/boot.o
 .debug_aranges
                0x00000058       0x28 ./src/crc.o
 .debug_aranges
                0x00000080       0x20 ./src/emu.o
 .debug_aranges
                0x000000a0       0x48 ./src/init.o
 .debug_aranges
                0x000000e8       0x30 ./src/irq.o
 .debug_aranges
                0x00000118       0x38 ./src/msc.o
 .debug_aranges
                0x00000150       0x30 ./src/status.o
 .debug_aranges
                0x00000180       0x30 ./src/timer.o
 .debug_aranges
                0x000001b0       0x30 ./src/usart.o
 .debug_aranges
                0x000001e0       0x30 ./src/watchdog.o
 .debug_aranges
                0x00000210       0x50 ./src/write_to_flash.o
 .debug_aranges
                0x00000260       0x20 ./CMSIS/efm32tg/startup_gcc_efm32tg.o
 .debug_aranges
                0x00000280       0x60 ./CMSIS/efm32tg/system_efm32tg.o

.debug_ranges   0x00000000      0x1f0
 .debug_ranges  0x00000000       0x20 ./src/SIRKA_Bootloader_DRA.o
 .debug_ranges  0x00000020       0x18 ./src/boot.o
 .debug_ranges  0x00000038       0x18 ./src/crc.o
 .debug_ranges  0x00000050       0x10 ./src/emu.o
 .debug_ranges  0x00000060       0x38 ./src/init.o
 .debug_ranges  0x00000098       0x20 ./src/irq.o
 .debug_ranges  0x000000b8       0x28 ./src/msc.o
 .debug_ranges  0x000000e0       0x20 ./src/status.o
 .debug_ranges  0x00000100       0x20 ./src/timer.o
 .debug_ranges  0x00000120       0x20 ./src/usart.o
 .debug_ranges  0x00000140       0x20 ./src/watchdog.o
 .debug_ranges  0x00000160       0x40 ./src/write_to_flash.o
 .debug_ranges  0x000001a0       0x50 ./CMSIS/efm32tg/system_efm32tg.o

.debug_line     0x00000000     0x1a52
 .debug_line    0x00000000      0x2d7 ./src/SIRKA_Bootloader_DRA.o
 .debug_line    0x000002d7      0x144 ./src/boot.o
 .debug_line    0x0000041b      0x112 ./src/crc.o
 .debug_line    0x0000052d      0x148 ./src/emu.o
 .debug_line    0x00000675      0x28f ./src/init.o
 .debug_line    0x00000904      0x1f5 ./src/irq.o
 .debug_line    0x00000af9      0x270 ./src/msc.o
 .debug_line    0x00000d69      0x207 ./src/status.o
 .debug_line    0x00000f70      0x1da ./src/timer.o
 .debug_line    0x0000114a      0x1df ./src/usart.o
 .debug_line    0x00001329      0x1d5 ./src/watchdog.o
 .debug_line    0x000014fe      0x242 ./src/write_to_flash.o
 .debug_line    0x00001740       0x8f ./CMSIS/efm32tg/startup_gcc_efm32tg.o
 .debug_line    0x000017cf      0x283 ./CMSIS/efm32tg/system_efm32tg.o

.debug_str      0x00000000      0xbe0
 .debug_str     0x00000000      0x322 ./src/SIRKA_Bootloader_DRA.o
                                0x368 (size before relaxing)
 .debug_str     0x00000322       0x78 ./src/boot.o
                                0x1e2 (size before relaxing)
 .debug_str     0x0000039a       0x51 ./src/crc.o
                                0x189 (size before relaxing)
 .debug_str     0x000003eb       0x20 ./src/emu.o
                                0x1d4 (size before relaxing)
 .debug_str     0x0000040b      0x39b ./src/init.o
                                0x615 (size before relaxing)
 .debug_str     0x000007a6       0x6f ./src/irq.o
                                0x4ab (size before relaxing)
 .debug_str     0x00000815       0xec ./src/msc.o
                                0x27d (size before relaxing)
 .debug_str     0x00000901       0x47 ./src/status.o
                                0x269 (size before relaxing)
 .debug_str     0x00000948        0xf ./src/timer.o
                                0x1cd (size before relaxing)
 .debug_str     0x00000957       0x1e ./src/usart.o
                                0x23f (size before relaxing)
 .debug_str     0x00000975       0x4d ./src/watchdog.o
                                0x1b6 (size before relaxing)
 .debug_str     0x000009c2       0x95 ./src/write_to_flash.o
                                0x2c5 (size before relaxing)
 .debug_str     0x00000a57      0x189 ./CMSIS/efm32tg/system_efm32tg.o
                                0x407 (size before relaxing)

.debug_frame    0x00000000      0x5c0
 .debug_frame   0x00000000       0x60 ./src/SIRKA_Bootloader_DRA.o
 .debug_frame   0x00000060       0x38 ./src/boot.o
 .debug_frame   0x00000098       0x30 ./src/crc.o
 .debug_frame   0x000000c8       0x20 ./src/emu.o
 .debug_frame   0x000000e8       0x78 ./src/init.o
 .debug_frame   0x00000160       0x50 ./src/irq.o
 .debug_frame   0x000001b0       0x70 ./src/msc.o
 .debug_frame   0x00000220       0x64 ./src/status.o
 .debug_frame   0x00000284       0x40 ./src/timer.o
 .debug_frame   0x000002c4       0x48 ./src/usart.o
 .debug_frame   0x0000030c       0x48 ./src/watchdog.o
 .debug_frame   0x00000354       0xcc ./src/write_to_flash.o
 .debug_frame   0x00000420       0xb8 ./CMSIS/efm32tg/system_efm32tg.o
 .debug_frame   0x000004d8       0x28 c:/siliconlabs/simplicitystudio/v2/developer/toolchains/gnu_arm/4.7_2013q1/bin/../lib/gcc/arm-none-eabi/4.7.3/../../../../arm-none-eabi/lib/armv7-m\libc_s.a(lib_a-__atexit2.o)
 .debug_frame   0x00000500       0x28 c:/siliconlabs/simplicitystudio/v2/developer/toolchains/gnu_arm/4.7_2013q1/bin/../lib/gcc/arm-none-eabi/4.7.3/../../../../arm-none-eabi/lib/armv7-m\libc_s.a(lib_a-exit.o)
 .debug_frame   0x00000528       0x2c c:/siliconlabs/simplicitystudio/v2/developer/toolchains/gnu_arm/4.7_2013q1/bin/../lib/gcc/arm-none-eabi/4.7.3/../../../../arm-none-eabi/lib/armv7-m\libc_s.a(lib_a-fini.o)
 .debug_frame   0x00000554       0x2c c:/siliconlabs/simplicitystudio/v2/developer/toolchains/gnu_arm/4.7_2013q1/bin/../lib/gcc/arm-none-eabi/4.7.3/../../../../arm-none-eabi/lib/armv7-m\libc_s.a(lib_a-init.o)
 .debug_frame   0x00000580       0x20 c:/siliconlabs/simplicitystudio/v2/developer/toolchains/gnu_arm/4.7_2013q1/bin/../lib/gcc/arm-none-eabi/4.7.3/../../../../arm-none-eabi/lib/armv7-m\libc_s.a(lib_a-memset.o)
 .debug_frame   0x000005a0       0x20 c:/siliconlabs/simplicitystudio/v2/developer/toolchains/gnu_arm/4.7_2013q1/bin/../lib/gcc/arm-none-eabi/4.7.3/../../../../arm-none-eabi/lib/armv7-m\libnosys.a(_exit.o)
