Archive member included because of file (symbol)

c:/siliconlabs/simplicitystudio/v2/developer/toolchains/gnu_arm/4.7_2013q1/bin/../lib/gcc/arm-none-eabi/4.7.3/../../../../arm-none-eabi/lib/armv7-m\libc_s.a(lib_a-__atexit2.o)
                              c:/siliconlabs/simplicitystudio/v2/developer/toolchains/gnu_arm/4.7_2013q1/bin/../lib/gcc/arm-none-eabi/4.7.3/../../../../arm-none-eabi/lib/armv7-m/crt0.o (__register_exitproc)
c:/siliconlabs/simplicitystudio/v2/developer/toolchains/gnu_arm/4.7_2013q1/bin/../lib/gcc/arm-none-eabi/4.7.3/../../../../arm-none-eabi/lib/armv7-m\libc_s.a(lib_a-exit.o)
                              c:/siliconlabs/simplicitystudio/v2/developer/toolchains/gnu_arm/4.7_2013q1/bin/../lib/gcc/arm-none-eabi/4.7.3/../../../../arm-none-eabi/lib/armv7-m/crt0.o (exit)
c:/siliconlabs/simplicitystudio/v2/developer/toolchains/gnu_arm/4.7_2013q1/bin/../lib/gcc/arm-none-eabi/4.7.3/../../../../arm-none-eabi/lib/armv7-m\libc_s.a(lib_a-fini.o)
                              c:/siliconlabs/simplicitystudio/v2/developer/toolchains/gnu_arm/4.7_2013q1/bin/../lib/gcc/arm-none-eabi/4.7.3/../../../../arm-none-eabi/lib/armv7-m/crt0.o (__libc_fini_array)
c:/siliconlabs/simplicitystudio/v2/developer/toolchains/gnu_arm/4.7_2013q1/bin/../lib/gcc/arm-none-eabi/4.7.3/../../../../arm-none-eabi/lib/armv7-m\libc_s.a(lib_a-impure.o)
                              c:/siliconlabs/simplicitystudio/v2/developer/toolchains/gnu_arm/4.7_2013q1/bin/../lib/gcc/arm-none-eabi/4.7.3/../../../../arm-none-eabi/lib/armv7-m\libc_s.a(lib_a-exit.o) (_global_impure_ptr)
c:/siliconlabs/simplicitystudio/v2/developer/toolchains/gnu_arm/4.7_2013q1/bin/../lib/gcc/arm-none-eabi/4.7.3/../../../../arm-none-eabi/lib/armv7-m\libc_s.a(lib_a-init.o)
                              c:/siliconlabs/simplicitystudio/v2/developer/toolchains/gnu_arm/4.7_2013q1/bin/../lib/gcc/arm-none-eabi/4.7.3/../../../../arm-none-eabi/lib/armv7-m/crt0.o (__libc_init_array)
c:/siliconlabs/simplicitystudio/v2/developer/toolchains/gnu_arm/4.7_2013q1/bin/../lib/gcc/arm-none-eabi/4.7.3/../../../../arm-none-eabi/lib/armv7-m\libc_s.a(lib_a-memset.o)
                              c:/siliconlabs/simplicitystudio/v2/developer/toolchains/gnu_arm/4.7_2013q1/bin/../lib/gcc/arm-none-eabi/4.7.3/../../../../arm-none-eabi/lib/armv7-m/crt0.o (memset)
c:/siliconlabs/simplicitystudio/v2/developer/toolchains/gnu_arm/4.7_2013q1/bin/../lib/gcc/arm-none-eabi/4.7.3/../../../../arm-none-eabi/lib/armv7-m\libnosys.a(_exit.o)
                              c:/siliconlabs/simplicitystudio/v2/developer/toolchains/gnu_arm/4.7_2013q1/bin/../lib/gcc/arm-none-eabi/4.7.3/../../../../arm-none-eabi/lib/armv7-m\libc_s.a(lib_a-exit.o) (_exit)

Allocating common symbols
Common symbol       size              file

frame_position      0x2               ./src/SIRKA_Bootloader_DRA.o
SystemCoreClock     0x4               ./CMSIS/efm32tg/system_efm32tg.o
received_frame      0x1e              ./src/SIRKA_Bootloader_DRA.o
crcTable            0x200             ./src/crc.o

Discarded input sections

 .text          0x00000000        0x0 c:/siliconlabs/simplicitystudio/v2/developer/toolchains/gnu_arm/4.7_2013q1/bin/../lib/gcc/arm-none-eabi/4.7.3/armv7-m/crti.o
 .data          0x00000000        0x0 c:/siliconlabs/simplicitystudio/v2/developer/toolchains/gnu_arm/4.7_2013q1/bin/../lib/gcc/arm-none-eabi/4.7.3/armv7-m/crti.o
 .bss           0x00000000        0x0 c:/siliconlabs/simplicitystudio/v2/developer/toolchains/gnu_arm/4.7_2013q1/bin/../lib/gcc/arm-none-eabi/4.7.3/armv7-m/crti.o
 .data          0x00000000        0x4 c:/siliconlabs/simplicitystudio/v2/developer/toolchains/gnu_arm/4.7_2013q1/bin/../lib/gcc/arm-none-eabi/4.7.3/armv7-m/crtbegin.o
 .data          0x00000000        0x0 c:/siliconlabs/simplicitystudio/v2/developer/toolchains/gnu_arm/4.7_2013q1/bin/../lib/gcc/arm-none-eabi/4.7.3/../../../../arm-none-eabi/lib/armv7-m/crt0.o
 .bss           0x00000000        0x0 c:/siliconlabs/simplicitystudio/v2/developer/toolchains/gnu_arm/4.7_2013q1/bin/../lib/gcc/arm-none-eabi/4.7.3/../../../../arm-none-eabi/lib/armv7-m/crt0.o
 .ARM.extab     0x00000000        0x0 c:/siliconlabs/simplicitystudio/v2/developer/toolchains/gnu_arm/4.7_2013q1/bin/../lib/gcc/arm-none-eabi/4.7.3/../../../../arm-none-eabi/lib/armv7-m/crt0.o
 .text          0x00000000        0x0 ./src/SIRKA_Bootloader_DRA.o
 .data          0x00000000        0x0 ./src/SIRKA_Bootloader_DRA.o
 .bss           0x00000000        0x0 ./src/SIRKA_Bootloader_DRA.o
 .text          0x00000000        0x0 ./src/boot.o
 .data          0x00000000        0x0 ./src/boot.o
 .bss           0x00000000        0x0 ./src/boot.o
 .text          0x00000000        0x0 ./src/crc.o
 .data          0x00000000        0x0 ./src/crc.o
 .bss           0x00000000        0x0 ./src/crc.o
 .text.crcInit  0x00000000       0x80 ./src/crc.o
 COMMON         0x00000000      0x200 ./src/crc.o
 .text          0x00000000        0x0 ./src/emu.o
 .data          0x00000000        0x0 ./src/emu.o
 .bss           0x00000000        0x0 ./src/emu.o
 .text          0x00000000        0x0 ./src/init.o
 .data          0x00000000        0x0 ./src/init.o
 .bss           0x00000000        0x0 ./src/init.o
 .text          0x00000000        0x0 ./src/irq.o
 .data          0x00000000        0x0 ./src/irq.o
 .bss           0x00000000        0x0 ./src/irq.o
 .text          0x00000000        0x0 ./src/msc.o
 .data          0x00000000        0x0 ./src/msc.o
 .bss           0x00000000        0x0 ./src/msc.o
 .text          0x00000000        0x0 ./src/status.o
 .data          0x00000000        0x0 ./src/status.o
 .bss           0x00000000        0x0 ./src/status.o
 .text          0x00000000        0x0 ./src/timer.o
 .data          0x00000000        0x0 ./src/timer.o
 .bss           0x00000000        0x0 ./src/timer.o
 .text          0x00000000        0x0 ./src/usart.o
 .data          0x00000000        0x0 ./src/usart.o
 .bss           0x00000000        0x0 ./src/usart.o
 .text.USART0_receive
                0x00000000       0x2c ./src/usart.o
 .text          0x00000000        0x0 ./src/watchdog.o
 .data          0x00000000        0x0 ./src/watchdog.o
 .bss           0x00000000        0x0 ./src/watchdog.o
 .text          0x00000000        0x0 ./src/write_to_flash.o
 .data          0x00000000        0x0 ./src/write_to_flash.o
 .bss           0x00000000        0x0 ./src/write_to_flash.o
 .text          0x00000000        0x0 ./emlib/em_system.o
 .data          0x00000000        0x0 ./emlib/em_system.o
 .bss           0x00000000        0x0 ./emlib/em_system.o
 .text.SYSTEM_ChipRevisionGet
                0x00000000       0x5c ./emlib/em_system.o
 .text.SYSTEM_GetCalibrationValue
                0x00000000       0x5c ./emlib/em_system.o
 .debug_info    0x00000000      0x245 ./emlib/em_system.o
 .debug_abbrev  0x00000000       0xef ./emlib/em_system.o
 .debug_loc     0x00000000       0x70 ./emlib/em_system.o
 .debug_aranges
                0x00000000       0x28 ./emlib/em_system.o
 .debug_ranges  0x00000000       0x18 ./emlib/em_system.o
 .debug_line    0x00000000      0x264 ./emlib/em_system.o
 .debug_str     0x00000000      0x22c ./emlib/em_system.o
 .comment       0x00000000       0x71 ./emlib/em_system.o
 .ARM.attributes
                0x00000000       0x33 ./emlib/em_system.o
 .debug_frame   0x00000000       0x48 ./emlib/em_system.o
 .data          0x00000000        0x0 ./CMSIS/efm32tg/startup_gcc_efm32tg.o
 .bss           0x00000000        0x0 ./CMSIS/efm32tg/startup_gcc_efm32tg.o
 .text          0x00000000        0x0 ./CMSIS/efm32tg/system_efm32tg.o
 .data          0x00000000        0x0 ./CMSIS/efm32tg/system_efm32tg.o
 .bss           0x00000000        0x0 ./CMSIS/efm32tg/system_efm32tg.o
 .data.SystemHFXOClock
                0x00000000        0x4 ./CMSIS/efm32tg/system_efm32tg.o
 .data.SystemLFXOClock
                0x00000000        0x4 ./CMSIS/efm32tg/system_efm32tg.o
 .text.GetProdRev
                0x00000000       0x1c ./CMSIS/efm32tg/system_efm32tg.o
 .text.SystemCoreClockGet
                0x00000000       0x3c ./CMSIS/efm32tg/system_efm32tg.o
 .text.SystemHFClockGet
                0x00000000      0x110 ./CMSIS/efm32tg/system_efm32tg.o
 .text.SystemHFXOClockGet
                0x00000000       0x18 ./CMSIS/efm32tg/system_efm32tg.o
 .text.SystemHFXOClockSet
                0x00000000       0x34 ./CMSIS/efm32tg/system_efm32tg.o
 .text.SystemLFRCOClockGet
                0x00000000       0x10 ./CMSIS/efm32tg/system_efm32tg.o
 .text.SystemULFRCOClockGet
                0x00000000       0x10 ./CMSIS/efm32tg/system_efm32tg.o
 .text.SystemLFXOClockGet
                0x00000000       0x18 ./CMSIS/efm32tg/system_efm32tg.o
 .text.SystemLFXOClockSet
                0x00000000       0x34 ./CMSIS/efm32tg/system_efm32tg.o
 COMMON         0x00000000        0x4 ./CMSIS/efm32tg/system_efm32tg.o
 .text          0x00000000        0x0 c:/siliconlabs/simplicitystudio/v2/developer/toolchains/gnu_arm/4.7_2013q1/bin/../lib/gcc/arm-none-eabi/4.7.3/../../../../arm-none-eabi/lib/armv7-m\libc_s.a(lib_a-__atexit2.o)
 .data          0x00000000        0x0 c:/siliconlabs/simplicitystudio/v2/developer/toolchains/gnu_arm/4.7_2013q1/bin/../lib/gcc/arm-none-eabi/4.7.3/../../../../arm-none-eabi/lib/armv7-m\libc_s.a(lib_a-__atexit2.o)
 .bss           0x00000000        0x0 c:/siliconlabs/simplicitystudio/v2/developer/toolchains/gnu_arm/4.7_2013q1/bin/../lib/gcc/arm-none-eabi/4.7.3/../../../../arm-none-eabi/lib/armv7-m\libc_s.a(lib_a-__atexit2.o)
 .text          0x00000000        0x0 c:/siliconlabs/simplicitystudio/v2/developer/toolchains/gnu_arm/4.7_2013q1/bin/../lib/gcc/arm-none-eabi/4.7.3/../../../../arm-none-eabi/lib/armv7-m\libc_s.a(lib_a-exit.o)
 .data          0x00000000        0x0 c:/siliconlabs/simplicitystudio/v2/developer/toolchains/gnu_arm/4.7_2013q1/bin/../lib/gcc/arm-none-eabi/4.7.3/../../../../arm-none-eabi/lib/armv7-m\libc_s.a(lib_a-exit.o)
 .bss           0x00000000        0x0 c:/siliconlabs/simplicitystudio/v2/developer/toolchains/gnu_arm/4.7_2013q1/bin/../lib/gcc/arm-none-eabi/4.7.3/../../../../arm-none-eabi/lib/armv7-m\libc_s.a(lib_a-exit.o)
 .text          0x00000000        0x0 c:/siliconlabs/simplicitystudio/v2/developer/toolchains/gnu_arm/4.7_2013q1/bin/../lib/gcc/arm-none-eabi/4.7.3/../../../../arm-none-eabi/lib/armv7-m\libc_s.a(lib_a-fini.o)
 .data          0x00000000        0x0 c:/siliconlabs/simplicitystudio/v2/developer/toolchains/gnu_arm/4.7_2013q1/bin/../lib/gcc/arm-none-eabi/4.7.3/../../../../arm-none-eabi/lib/armv7-m\libc_s.a(lib_a-fini.o)
 .bss           0x00000000        0x0 c:/siliconlabs/simplicitystudio/v2/developer/toolchains/gnu_arm/4.7_2013q1/bin/../lib/gcc/arm-none-eabi/4.7.3/../../../../arm-none-eabi/lib/armv7-m\libc_s.a(lib_a-fini.o)
 .text          0x00000000        0x0 c:/siliconlabs/simplicitystudio/v2/developer/toolchains/gnu_arm/4.7_2013q1/bin/../lib/gcc/arm-none-eabi/4.7.3/../../../../arm-none-eabi/lib/armv7-m\libc_s.a(lib_a-impure.o)
 .data          0x00000000        0x0 c:/siliconlabs/simplicitystudio/v2/developer/toolchains/gnu_arm/4.7_2013q1/bin/../lib/gcc/arm-none-eabi/4.7.3/../../../../arm-none-eabi/lib/armv7-m\libc_s.a(lib_a-impure.o)
 .bss           0x00000000        0x0 c:/siliconlabs/simplicitystudio/v2/developer/toolchains/gnu_arm/4.7_2013q1/bin/../lib/gcc/arm-none-eabi/4.7.3/../../../../arm-none-eabi/lib/armv7-m\libc_s.a(lib_a-impure.o)
 .data._impure_ptr
                0x00000000        0x4 c:/siliconlabs/simplicitystudio/v2/developer/toolchains/gnu_arm/4.7_2013q1/bin/../lib/gcc/arm-none-eabi/4.7.3/../../../../arm-none-eabi/lib/armv7-m\libc_s.a(lib_a-impure.o)
 .text          0x00000000        0x0 c:/siliconlabs/simplicitystudio/v2/developer/toolchains/gnu_arm/4.7_2013q1/bin/../lib/gcc/arm-none-eabi/4.7.3/../../../../arm-none-eabi/lib/armv7-m\libc_s.a(lib_a-init.o)
 .data          0x00000000        0x0 c:/siliconlabs/simplicitystudio/v2/developer/toolchains/gnu_arm/4.7_2013q1/bin/../lib/gcc/arm-none-eabi/4.7.3/../../../../arm-none-eabi/lib/armv7-m\libc_s.a(lib_a-init.o)
 .bss           0x00000000        0x0 c:/siliconlabs/simplicitystudio/v2/developer/toolchains/gnu_arm/4.7_2013q1/bin/../lib/gcc/arm-none-eabi/4.7.3/../../../../arm-none-eabi/lib/armv7-m\libc_s.a(lib_a-init.o)
 .text          0x00000000        0x0 c:/siliconlabs/simplicitystudio/v2/developer/toolchains/gnu_arm/4.7_2013q1/bin/../lib/gcc/arm-none-eabi/4.7.3/../../../../arm-none-eabi/lib/armv7-m\libc_s.a(lib_a-memset.o)
 .data          0x00000000        0x0 c:/siliconlabs/simplicitystudio/v2/developer/toolchains/gnu_arm/4.7_2013q1/bin/../lib/gcc/arm-none-eabi/4.7.3/../../../../arm-none-eabi/lib/armv7-m\libc_s.a(lib_a-memset.o)
 .bss           0x00000000        0x0 c:/siliconlabs/simplicitystudio/v2/developer/toolchains/gnu_arm/4.7_2013q1/bin/../lib/gcc/arm-none-eabi/4.7.3/../../../../arm-none-eabi/lib/armv7-m\libc_s.a(lib_a-memset.o)
 .text          0x00000000        0x0 c:/siliconlabs/simplicitystudio/v2/developer/toolchains/gnu_arm/4.7_2013q1/bin/../lib/gcc/arm-none-eabi/4.7.3/../../../../arm-none-eabi/lib/armv7-m\libnosys.a(_exit.o)
 .data          0x00000000        0x0 c:/siliconlabs/simplicitystudio/v2/developer/toolchains/gnu_arm/4.7_2013q1/bin/../lib/gcc/arm-none-eabi/4.7.3/../../../../arm-none-eabi/lib/armv7-m\libnosys.a(_exit.o)
 .bss           0x00000000        0x0 c:/siliconlabs/simplicitystudio/v2/developer/toolchains/gnu_arm/4.7_2013q1/bin/../lib/gcc/arm-none-eabi/4.7.3/../../../../arm-none-eabi/lib/armv7-m\libnosys.a(_exit.o)
 .text          0x00000000        0x0 c:/siliconlabs/simplicitystudio/v2/developer/toolchains/gnu_arm/4.7_2013q1/bin/../lib/gcc/arm-none-eabi/4.7.3/armv7-m/crtend.o
 .data          0x00000000        0x0 c:/siliconlabs/simplicitystudio/v2/developer/toolchains/gnu_arm/4.7_2013q1/bin/../lib/gcc/arm-none-eabi/4.7.3/armv7-m/crtend.o
 .bss           0x00000000        0x0 c:/siliconlabs/simplicitystudio/v2/developer/toolchains/gnu_arm/4.7_2013q1/bin/../lib/gcc/arm-none-eabi/4.7.3/armv7-m/crtend.o
 .jcr           0x00000000        0x4 c:/siliconlabs/simplicitystudio/v2/developer/toolchains/gnu_arm/4.7_2013q1/bin/../lib/gcc/arm-none-eabi/4.7.3/armv7-m/crtend.o
 .text          0x00000000        0x0 c:/siliconlabs/simplicitystudio/v2/developer/toolchains/gnu_arm/4.7_2013q1/bin/../lib/gcc/arm-none-eabi/4.7.3/armv7-m/crtn.o
 .data          0x00000000        0x0 c:/siliconlabs/simplicitystudio/v2/developer/toolchains/gnu_arm/4.7_2013q1/bin/../lib/gcc/arm-none-eabi/4.7.3/armv7-m/crtn.o
 .bss           0x00000000        0x0 c:/siliconlabs/simplicitystudio/v2/developer/toolchains/gnu_arm/4.7_2013q1/bin/../lib/gcc/arm-none-eabi/4.7.3/armv7-m/crtn.o

Memory Configuration

Name             Origin             Length             Attributes
FLASH            0x00000000         0x00008000         xr
RAM              0x20000000         0x00001000         xrw
*default*        0x00000000         0xffffffff

Linker script and memory map

LOAD c:/siliconlabs/simplicitystudio/v2/developer/toolchains/gnu_arm/4.7_2013q1/bin/../lib/gcc/arm-none-eabi/4.7.3/armv7-m/crti.o
LOAD c:/siliconlabs/simplicitystudio/v2/developer/toolchains/gnu_arm/4.7_2013q1/bin/../lib/gcc/arm-none-eabi/4.7.3/armv7-m/crtbegin.o
LOAD c:/siliconlabs/simplicitystudio/v2/developer/toolchains/gnu_arm/4.7_2013q1/bin/../lib/gcc/arm-none-eabi/4.7.3/../../../../arm-none-eabi/lib/armv7-m/crt0.o
LOAD ./src/SIRKA_Bootloader_DRA.o
LOAD ./src/boot.o
LOAD ./src/crc.o
LOAD ./src/emu.o
LOAD ./src/init.o
LOAD ./src/irq.o
LOAD ./src/msc.o
LOAD ./src/status.o
LOAD ./src/timer.o
LOAD ./src/usart.o
LOAD ./src/watchdog.o
LOAD ./src/write_to_flash.o
LOAD ./emlib/em_system.o
LOAD ./CMSIS/efm32tg/startup_gcc_efm32tg.o
LOAD ./CMSIS/efm32tg/system_efm32tg.o
START GROUP
LOAD c:/siliconlabs/simplicitystudio/v2/developer/toolchains/gnu_arm/4.7_2013q1/bin/../lib/gcc/arm-none-eabi/4.7.3/armv7-m\libgcc.a
LOAD c:/siliconlabs/simplicitystudio/v2/developer/toolchains/gnu_arm/4.7_2013q1/bin/../lib/gcc/arm-none-eabi/4.7.3/../../../../arm-none-eabi/lib/armv7-m\libc_s.a
LOAD c:/siliconlabs/simplicitystudio/v2/developer/toolchains/gnu_arm/4.7_2013q1/bin/../lib/gcc/arm-none-eabi/4.7.3/../../../../arm-none-eabi/lib/armv7-m\libnosys.a
END GROUP
START GROUP
LOAD c:/siliconlabs/simplicitystudio/v2/developer/toolchains/gnu_arm/4.7_2013q1/bin/../lib/gcc/arm-none-eabi/4.7.3/armv7-m\libgcc.a
LOAD c:/siliconlabs/simplicitystudio/v2/developer/toolchains/gnu_arm/4.7_2013q1/bin/../lib/gcc/arm-none-eabi/4.7.3/../../../../arm-none-eabi/lib/armv7-m\libc_s.a
END GROUP
LOAD c:/siliconlabs/simplicitystudio/v2/developer/toolchains/gnu_arm/4.7_2013q1/bin/../lib/gcc/arm-none-eabi/4.7.3/armv7-m/crtend.o
LOAD c:/siliconlabs/simplicitystudio/v2/developer/toolchains/gnu_arm/4.7_2013q1/bin/../lib/gcc/arm-none-eabi/4.7.3/armv7-m/crtn.o

.text           0x00000000     0x12a0
 *(.isr_vector)
 .isr_vector    0x00000000      0x100 ./CMSIS/efm32tg/startup_gcc_efm32tg.o
                0x00000000                __isr_vector
 *(.text*)
 .text          0x00000100       0x54 c:/siliconlabs/simplicitystudio/v2/developer/toolchains/gnu_arm/4.7_2013q1/bin/../lib/gcc/arm-none-eabi/4.7.3/armv7-m/crtbegin.o
 .text          0x00000154       0x70 c:/siliconlabs/simplicitystudio/v2/developer/toolchains/gnu_arm/4.7_2013q1/bin/../lib/gcc/arm-none-eabi/4.7.3/../../../../arm-none-eabi/lib/armv7-m/crt0.o
                0x00000154                _start
                0x00000154                start
                0x00000154                _mainCRTStartup
 .text.CHIP_Init
                0x000001c4        0xc ./src/SIRKA_Bootloader_DRA.o
 .text.sendWelcomeMessage
                0x000001d0       0x68 ./src/SIRKA_Bootloader_DRA.o
                0x000001d0                sendWelcomeMessage
 .text.sendVerify
                0x00000238       0x50 ./src/SIRKA_Bootloader_DRA.o
                0x00000238                sendVerify
 .text.main     0x00000288      0x14c ./src/SIRKA_Bootloader_DRA.o
                0x00000288                main
 .text.BOOT_jump
                0x000003d4       0x20 ./src/boot.o
                0x000003d4                BOOT_jump
 .text.BOOT_boot
                0x000003f4       0x34 ./src/boot.o
                0x000003f4                BOOT_boot
 .text.CRC16    0x00000428       0x44 ./src/crc.o
                0x00000428                CRC16
 .text.EMU_EnterEM1
                0x0000046c       0x24 ./src/emu.o
                0x0000046c                EMU_EnterEM1
 .text.Init_USART0
                0x00000490       0x5c ./src/init.o
                0x00000490                Init_USART0
 .text.Init_Clocks
                0x000004ec       0xac ./src/init.o
                0x000004ec                Init_Clocks
 .text.Init_GPIO
                0x00000598       0x64 ./src/init.o
                0x00000598                Init_GPIO
 .text.Init_WD  0x000005fc       0x28 ./src/init.o
                0x000005fc                Init_WD
 .text.Init_TIMER0
                0x00000624       0x28 ./src/init.o
                0x00000624                Init_TIMER0
 .text.Init_Interrupts
                0x0000064c        0xc ./src/init.o
                0x0000064c                Init_Interrupts
 .text.NVIC_EnableIRQ
                0x00000658       0x38 ./src/irq.o
 .text.NVIC_ClearPendingIRQ
                0x00000690       0x3c ./src/irq.o
 .text.enable_interrupts
                0x000006cc       0x44 ./src/irq.o
                0x000006cc                enable_interrupts
 .text.USART0_RX_IRQHandler
                0x00000710       0x60 ./src/irq.o
                0x00000710                USART0_RX_IRQHandler
 .text.TIMER0_IRQHandler
                0x00000770       0x2c ./src/irq.o
                0x00000770                TIMER0_IRQHandler
 .text.LoadData
                0x0000079c       0xd4 ./src/msc.o
                0x0000079c                LoadData
 .text.LoadAddress
                0x00000870       0x6c ./src/msc.o
                0x00000870                LoadAddress
 .text.send_hello
                0x000008dc       0xb0 ./src/status.o
                0x000008dc                send_hello
 .text.send_ok  0x0000098c       0x54 ./src/status.o
                0x0000098c                send_ok
 .text.send_crc_fail
                0x000009e0       0x54 ./src/status.o
                0x000009e0                send_crc_fail
 .text.TIMER_start
                0x00000a34       0x18 ./src/timer.o
                0x00000a34                TIMER_start
 .text.TIMER_stop
                0x00000a4c       0x28 ./src/timer.o
                0x00000a4c                TIMER_stop
 .text.TIMER_intclear
                0x00000a74       0x18 ./src/timer.o
                0x00000a74                TIMER_intclear
 .text.USART0_send
                0x00000a8c       0x48 ./src/usart.o
                0x00000a8c                USART0_send
 .text.USART0_sendString
                0x00000ad4       0x30 ./src/usart.o
                0x00000ad4                USART0_sendString
 .text.WDOG_Enable
                0x00000b04       0x48 ./src/watchdog.o
                0x00000b04                WDOG_Enable
 .text.WDOG_Feed
                0x00000b4c       0x58 ./src/watchdog.o
                0x00000b4c                WDOG_Feed
 .text.BITBAND_Peripheral
                0x00000ba4       0x30 ./src/watchdog.o
                0x00000ba4                BITBAND_Peripheral
 .text.flash_device
                0x00000bd4      0x100 ./src/write_to_flash.o
                0x00000bd4                flash_device
 .text.check_firmware
                0x00000cd4       0x90 ./src/write_to_flash.o
                0x00000cd4                check_firmware
 .text.reset_bootflag
                0x00000d64       0xc4 ./src/write_to_flash.o
                0x00000d64                reset_bootflag
 .text.get_nr_of_packages
                0x00000e28       0x60 ./src/write_to_flash.o
                0x00000e28                get_nr_of_packages
 .text.write_to_flash
                0x00000e88       0xac ./src/write_to_flash.o
                0x00000e88                write_to_flash
 .text.wait_for_package
                0x00000f34       0x44 ./src/write_to_flash.o
                0x00000f34                wait_for_package
 .text.check_crc
                0x00000f78       0xc0 ./src/write_to_flash.o
                0x00000f78                check_crc
 .text          0x00001038       0x78 ./CMSIS/efm32tg/startup_gcc_efm32tg.o
                0x00001038                Reset_Handler
                0x0000106c                Default_Handler
                0x0000106e                NMI_Handler
                0x00001070                HardFault_Handler
                0x00001072                MemManage_Handler
                0x00001074                BusFault_Handler
                0x00001076                UsageFault_Handler
                0x00001078                SVC_Handler
                0x0000107a                DebugMon_Handler
                0x0000107c                PendSV_Handler
                0x0000107e                SysTick_Handler
                0x00001080                DMA_IRQHandler
                0x00001082                GPIO_EVEN_IRQHandler
                0x00001088                USART0_TX_IRQHandler
                0x0000108a                ACMP0_IRQHandler
                0x0000108c                ADC0_IRQHandler
                0x0000108e                DAC0_IRQHandler
                0x00001090                I2C0_IRQHandler
                0x00001092                GPIO_ODD_IRQHandler
                0x00001094                TIMER1_IRQHandler
                0x00001096                USART1_RX_IRQHandler
                0x00001098                USART1_TX_IRQHandler
                0x0000109a                LESENSE_IRQHandler
                0x0000109c                LEUART0_IRQHandler
                0x0000109e                LETIMER0_IRQHandler
                0x000010a0                PCNT0_IRQHandler
                0x000010a2                RTC_IRQHandler
                0x000010a4                CMU_IRQHandler
                0x000010a6                VCMP_IRQHandler
                0x000010a8                LCD_IRQHandler
                0x000010aa                MSC_IRQHandler
                0x000010ac                AES_IRQHandler
 .text.SystemInit
                0x000010b0        0xc ./CMSIS/efm32tg/system_efm32tg.o
                0x000010b0                SystemInit
 .text.__register_exitproc
                0x000010bc       0x14 c:/siliconlabs/simplicitystudio/v2/developer/toolchains/gnu_arm/4.7_2013q1/bin/../lib/gcc/arm-none-eabi/4.7.3/../../../../arm-none-eabi/lib/armv7-m\libc_s.a(lib_a-__atexit2.o)
                0x000010bc                __register_exitproc
 .text.exit     0x000010d0       0x2c c:/siliconlabs/simplicitystudio/v2/developer/toolchains/gnu_arm/4.7_2013q1/bin/../lib/gcc/arm-none-eabi/4.7.3/../../../../arm-none-eabi/lib/armv7-m\libc_s.a(lib_a-exit.o)
                0x000010d0                exit
 .text.__libc_fini_array
                0x000010fc       0x2c c:/siliconlabs/simplicitystudio/v2/developer/toolchains/gnu_arm/4.7_2013q1/bin/../lib/gcc/arm-none-eabi/4.7.3/../../../../arm-none-eabi/lib/armv7-m\libc_s.a(lib_a-fini.o)
                0x000010fc                __libc_fini_array
 .text.__libc_init_array
                0x00001128       0x4c c:/siliconlabs/simplicitystudio/v2/developer/toolchains/gnu_arm/4.7_2013q1/bin/../lib/gcc/arm-none-eabi/4.7.3/../../../../arm-none-eabi/lib/armv7-m\libc_s.a(lib_a-init.o)
                0x00001128                __libc_init_array
 .text.memset   0x00001174       0x10 c:/siliconlabs/simplicitystudio/v2/developer/toolchains/gnu_arm/4.7_2013q1/bin/../lib/gcc/arm-none-eabi/4.7.3/../../../../arm-none-eabi/lib/armv7-m\libc_s.a(lib_a-memset.o)
                0x00001174                memset
 .text._exit    0x00001184        0x4 c:/siliconlabs/simplicitystudio/v2/developer/toolchains/gnu_arm/4.7_2013q1/bin/../lib/gcc/arm-none-eabi/4.7.3/../../../../arm-none-eabi/lib/armv7-m\libnosys.a(_exit.o)
                0x00001184                _exit
 *(.init)
 .init          0x00001188        0x4 c:/siliconlabs/simplicitystudio/v2/developer/toolchains/gnu_arm/4.7_2013q1/bin/../lib/gcc/arm-none-eabi/4.7.3/armv7-m/crti.o
                0x00001188                _init
 .init          0x0000118c        0x8 c:/siliconlabs/simplicitystudio/v2/developer/toolchains/gnu_arm/4.7_2013q1/bin/../lib/gcc/arm-none-eabi/4.7.3/armv7-m/crtn.o
 *(.fini)
 .fini          0x00001194        0x4 c:/siliconlabs/simplicitystudio/v2/developer/toolchains/gnu_arm/4.7_2013q1/bin/../lib/gcc/arm-none-eabi/4.7.3/armv7-m/crti.o
                0x00001194                _fini
 .fini          0x00001198        0x8 c:/siliconlabs/simplicitystudio/v2/developer/toolchains/gnu_arm/4.7_2013q1/bin/../lib/gcc/arm-none-eabi/4.7.3/armv7-m/crtn.o
 .fini.stub     0x000011a0       0x20 linker stubs
 *crtbegin.o(.ctors)
 *crtbegin?.o(.ctors)
 *(EXCLUDE_FILE(*crtend.o *crtend?.o) .ctors)
 *(SORT(.ctors.*))
 *(.ctors)
 *crtbegin.o(.dtors)
 *crtbegin?.o(.dtors)
 *(EXCLUDE_FILE(*crtend.o *crtend?.o) .dtors)
 *(SORT(.dtors.*))
 *(.dtors)
 *(.rodata*)
 .rodata        0x000011c0       0xd4 ./src/SIRKA_Bootloader_DRA.o
 .rodata.str1.1
                0x00001294        0x2 c:/siliconlabs/simplicitystudio/v2/developer/toolchains/gnu_arm/4.7_2013q1/bin/../lib/gcc/arm-none-eabi/4.7.3/../../../../arm-none-eabi/lib/armv7-m\libc_s.a(lib_a-impure.o)
 *fill*         0x00001296        0x2 00
 .rodata._global_impure_ptr
                0x00001298        0x4 c:/siliconlabs/simplicitystudio/v2/developer/toolchains/gnu_arm/4.7_2013q1/bin/../lib/gcc/arm-none-eabi/4.7.3/../../../../arm-none-eabi/lib/armv7-m\libc_s.a(lib_a-impure.o)
                0x00001298                _global_impure_ptr
 *(.eh_frame*)
 .eh_frame      0x0000129c        0x0 c:/siliconlabs/simplicitystudio/v2/developer/toolchains/gnu_arm/4.7_2013q1/bin/../lib/gcc/arm-none-eabi/4.7.3/armv7-m/crtbegin.o
 .eh_frame      0x0000129c        0x4 c:/siliconlabs/simplicitystudio/v2/developer/toolchains/gnu_arm/4.7_2013q1/bin/../lib/gcc/arm-none-eabi/4.7.3/armv7-m/crtend.o

.glue_7         0x000012a0        0x0
 .glue_7        0x00000000        0x0 linker stubs

.glue_7t        0x000012a0        0x0
 .glue_7t       0x00000000        0x0 linker stubs

.vfp11_veneer   0x000012a0        0x0
 .vfp11_veneer  0x00000000        0x0 linker stubs

.v4_bx          0x000012a0        0x0
 .v4_bx         0x00000000        0x0 linker stubs

.iplt           0x000012a0        0x0
 .iplt          0x00000000        0x0 c:/siliconlabs/simplicitystudio/v2/developer/toolchains/gnu_arm/4.7_2013q1/bin/../lib/gcc/arm-none-eabi/4.7.3/armv7-m/crtbegin.o

.ARM.extab
 *(.ARM.extab* .gnu.linkonce.armextab.*)
                0x000012a0                __exidx_start = .

.ARM.exidx      0x000012a0        0x8
 *(.ARM.exidx* .gnu.linkonce.armexidx.*)
 .ARM.exidx     0x000012a0        0x8 c:/siliconlabs/simplicitystudio/v2/developer/toolchains/gnu_arm/4.7_2013q1/bin/../lib/gcc/arm-none-eabi/4.7.3/../../../../arm-none-eabi/lib/armv7-m/crt0.o
                0x000012a8                __exidx_end = .
                0x000012a8                __etext = .

.rel.dyn        0x000012a8        0x0
 .rel.iplt      0x00000000        0x0 c:/siliconlabs/simplicitystudio/v2/developer/toolchains/gnu_arm/4.7_2013q1/bin/../lib/gcc/arm-none-eabi/4.7.3/armv7-m/crtbegin.o

.data           0x20000000      0x4c8 load address 0x000012a8
                0x20000000                __data_start__ = .
 *(vtable)
 *(.data*)
 .data.CRC16_Table
                0x20000000      0x200 ./src/crc.o
                0x20000000                CRC16_Table
 .data.finished
                0x20000200        0x8 ./src/status.o
                0x20000200                finished
 .data.failed   0x20000208        0x8 ./src/status.o
                0x20000208                failed
 .data.address  0x20000210        0x4 ./src/write_to_flash.o
                0x20000210                address
 .data.crc_pack
                0x20000214        0x4 ./src/write_to_flash.o
                0x20000214                crc_pack
 .data.file_size
                0x20000218        0x4 ./src/write_to_flash.o
                0x20000218                file_size
 .data.impure_data
                0x2000021c       0x64 c:/siliconlabs/simplicitystudio/v2/developer/toolchains/gnu_arm/4.7_2013q1/bin/../lib/gcc/arm-none-eabi/4.7.3/../../../../arm-none-eabi/lib/armv7-m\libc_s.a(lib_a-impure.o)
                0x20000280                . = ALIGN (0x4)
 *(.ram)
 .ram           0x20000280      0x21c ./src/msc.o
                0x20000280                ErasePage
                0x200003a4                WriteWord
 *fill*         0x2000049c        0x4 00
 .ram.stub      0x200004a0       0x20 linker stubs
                0x200004c0                . = ALIGN (0x4)
                0x200004c0                PROVIDE (__preinit_array_start, .)
 *(.preinit_array)
                0x200004c0                PROVIDE (__preinit_array_end, .)
                0x200004c0                . = ALIGN (0x4)
                0x200004c0                PROVIDE (__init_array_start, .)
 *(SORT(.init_array.*))
 *(.init_array)
 .init_array    0x200004c0        0x4 c:/siliconlabs/simplicitystudio/v2/developer/toolchains/gnu_arm/4.7_2013q1/bin/../lib/gcc/arm-none-eabi/4.7.3/armv7-m/crtbegin.o
                0x200004c4                PROVIDE (__init_array_end, .)
                0x200004c4                . = ALIGN (0x4)
                0x200004c4                PROVIDE (__fini_array_start, .)
 *(SORT(.fini_array.*))
 *(.fini_array)
 .fini_array    0x200004c4        0x4 c:/siliconlabs/simplicitystudio/v2/developer/toolchains/gnu_arm/4.7_2013q1/bin/../lib/gcc/arm-none-eabi/4.7.3/armv7-m/crtbegin.o
                0x200004c8                PROVIDE (__fini_array_end, .)
                0x200004c8                . = ALIGN (0x4)
                0x200004c8                __data_end__ = .

.jcr            0x200004c8        0x0 load address 0x00001770
 .jcr           0x200004c8        0x0 c:/siliconlabs/simplicitystudio/v2/developer/toolchains/gnu_arm/4.7_2013q1/bin/../lib/gcc/arm-none-eabi/4.7.3/armv7-m/crtbegin.o

.igot.plt       0x200004c8        0x0 load address 0x00001770
 .igot.plt      0x00000000        0x0 c:/siliconlabs/simplicitystudio/v2/developer/toolchains/gnu_arm/4.7_2013q1/bin/../lib/gcc/arm-none-eabi/4.7.3/armv7-m/crtbegin.o

.bss            0x200004c8       0x42 load address 0x00001770
                0x200004c8                __bss_start__ = .
 *(.bss*)
 .bss           0x200004c8       0x1c c:/siliconlabs/simplicitystudio/v2/developer/toolchains/gnu_arm/4.7_2013q1/bin/../lib/gcc/arm-none-eabi/4.7.3/armv7-m/crtbegin.o
 .bss.nr_of_packages
                0x200004e4        0x2 ./src/write_to_flash.o
                0x200004e4                nr_of_packages
 *(COMMON)
 *fill*         0x200004e6        0x2 00
 COMMON         0x200004e8       0x22 ./src/SIRKA_Bootloader_DRA.o
                0x200004e8                frame_position
                0x200004ec                received_frame
                0x2000050a                __bss_end__ = .

.heap           0x20000510        0x0
                0x20000510                __end__ = .
                0x20000510                end = __end__
                0x20000510                _end = __end__
 *(.heap*)
 .heap          0x20000510        0x0 ./CMSIS/efm32tg/startup_gcc_efm32tg.o
                0x20000510                __HeapLimit = .

.stack_dummy    0x20000510      0x400
 *(.stack)
 .stack         0x20000510      0x400 ./CMSIS/efm32tg/startup_gcc_efm32tg.o
                0x20001000                __StackTop = (ORIGIN (RAM) + 0x1000)
                0x20000c00                __StackLimit = (__StackTop - SIZEOF (.stack_dummy))
                0x20001000                PROVIDE (__stack, __StackTop)
                0x00000001                ASSERT ((__StackLimit >= __HeapLimit), region RAM overflowed with stack)
OUTPUT(SIRKA_Bootloader_DRA.axf elf32-littlearm)

.ARM.attributes
                0x00000000       0x29
 .ARM.attributes
                0x00000000       0x1d c:/siliconlabs/simplicitystudio/v2/developer/toolchains/gnu_arm/4.7_2013q1/bin/../lib/gcc/arm-none-eabi/4.7.3/armv7-m/crti.o
 .ARM.attributes
                0x0000001d       0x2d c:/siliconlabs/simplicitystudio/v2/developer/toolchains/gnu_arm/4.7_2013q1/bin/../lib/gcc/arm-none-eabi/4.7.3/armv7-m/crtbegin.o
 .ARM.attributes
                0x0000004a       0x1b c:/siliconlabs/simplicitystudio/v2/developer/toolchains/gnu_arm/4.7_2013q1/bin/../lib/gcc/arm-none-eabi/4.7.3/../../../../arm-none-eabi/lib/armv7-m/crt0.o
 .ARM.attributes
                0x00000065       0x33 ./src/SIRKA_Bootloader_DRA.o
 .ARM.attributes
                0x00000098       0x33 ./src/boot.o
 .ARM.attributes
                0x000000cb       0x33 ./src/crc.o
 .ARM.attributes
                0x000000fe       0x33 ./src/emu.o
 .ARM.attributes
                0x00000131       0x33 ./src/init.o
 .ARM.attributes
                0x00000164       0x33 ./src/irq.o
 .ARM.attributes
                0x00000197       0x33 ./src/msc.o
 .ARM.attributes
                0x000001ca       0x33 ./src/status.o
 .ARM.attributes
                0x000001fd       0x33 ./src/timer.o
 .ARM.attributes
                0x00000230       0x33 ./src/usart.o
 .ARM.attributes
                0x00000263       0x33 ./src/watchdog.o
 .ARM.attributes
                0x00000296       0x33 ./src/write_to_flash.o
 .ARM.attributes
                0x000002c9       0x1b ./CMSIS/efm32tg/startup_gcc_efm32tg.o
 .ARM.attributes
                0x000002e4       0x33 ./CMSIS/efm32tg/system_efm32tg.o
 .ARM.attributes
                0x00000317       0x2d c:/siliconlabs/simplicitystudio/v2/developer/toolchains/gnu_arm/4.7_2013q1/bin/../lib/gcc/arm-none-eabi/4.7.3/../../../../arm-none-eabi/lib/armv7-m\libc_s.a(lib_a-__atexit2.o)
 .ARM.attributes
                0x00000344       0x2d c:/siliconlabs/simplicitystudio/v2/developer/toolchains/gnu_arm/4.7_2013q1/bin/../lib/gcc/arm-none-eabi/4.7.3/../../../../arm-none-eabi/lib/armv7-m\libc_s.a(lib_a-exit.o)
 .ARM.attributes
                0x00000371       0x2d c:/siliconlabs/simplicitystudio/v2/developer/toolchains/gnu_arm/4.7_2013q1/bin/../lib/gcc/arm-none-eabi/4.7.3/../../../../arm-none-eabi/lib/armv7-m\libc_s.a(lib_a-fini.o)
 .ARM.attributes
                0x0000039e       0x2d c:/siliconlabs/simplicitystudio/v2/developer/toolchains/gnu_arm/4.7_2013q1/bin/../lib/gcc/arm-none-eabi/4.7.3/../../../../arm-none-eabi/lib/armv7-m\libc_s.a(lib_a-impure.o)
 .ARM.attributes
                0x000003cb       0x2d c:/siliconlabs/simplicitystudio/v2/developer/toolchains/gnu_arm/4.7_2013q1/bin/../lib/gcc/arm-none-eabi/4.7.3/../../../../arm-none-eabi/lib/armv7-m\libc_s.a(lib_a-init.o)
 .ARM.attributes
                0x000003f8       0x2d c:/siliconlabs/simplicitystudio/v2/developer/toolchains/gnu_arm/4.7_2013q1/bin/../lib/gcc/arm-none-eabi/4.7.3/../../../../arm-none-eabi/lib/armv7-m\libc_s.a(lib_a-memset.o)
 .ARM.attributes
                0x00000425       0x2d c:/siliconlabs/simplicitystudio/v2/developer/toolchains/gnu_arm/4.7_2013q1/bin/../lib/gcc/arm-none-eabi/4.7.3/../../../../arm-none-eabi/lib/armv7-m\libnosys.a(_exit.o)
 .ARM.attributes
                0x00000452       0x2d c:/siliconlabs/simplicitystudio/v2/developer/toolchains/gnu_arm/4.7_2013q1/bin/../lib/gcc/arm-none-eabi/4.7.3/armv7-m/crtend.o
 .ARM.attributes
                0x0000047f       0x1d c:/siliconlabs/simplicitystudio/v2/developer/toolchains/gnu_arm/4.7_2013q1/bin/../lib/gcc/arm-none-eabi/4.7.3/armv7-m/crtn.o

.comment        0x00000000       0x70
 .comment       0x00000000       0x70 ./src/SIRKA_Bootloader_DRA.o
                                 0x71 (size before relaxing)
 .comment       0x00000000       0x71 ./src/boot.o
 .comment       0x00000000       0x71 ./src/crc.o
 .comment       0x00000000       0x71 ./src/emu.o
 .comment       0x00000000       0x71 ./src/init.o
 .comment       0x00000000       0x71 ./src/irq.o
 .comment       0x00000000       0x71 ./src/msc.o
 .comment       0x00000000       0x71 ./src/status.o
 .comment       0x00000000       0x71 ./src/timer.o
 .comment       0x00000000       0x71 ./src/usart.o
 .comment       0x00000000       0x71 ./src/watchdog.o
 .comment       0x00000000       0x71 ./src/write_to_flash.o
 .comment       0x00000000       0x71 ./CMSIS/efm32tg/system_efm32tg.o

.debug_info     0x00000000     0x2fe1
 .debug_info    0x00000000      0x403 ./src/SIRKA_Bootloader_DRA.o
 .debug_info    0x00000403      0x2e8 ./src/boot.o
 .debug_info    0x000006eb      0x14b ./src/crc.o
 .debug_info    0x00000836      0x29e ./src/emu.o
 .debug_info    0x00000ad4      0x90a ./src/init.o
 .debug_info    0x000013de      0x631 ./src/irq.o
 .debug_info    0x00001a0f      0x364 ./src/msc.o
 .debug_info    0x00001d73      0x387 ./src/status.o
 .debug_info    0x000020fa      0x220 ./src/timer.o
 .debug_info    0x0000231a      0x291 ./src/usart.o
 .debug_info    0x000025ab      0x187 ./src/watchdog.o
 .debug_info    0x00002732      0x2bb ./src/write_to_flash.o
 .debug_info    0x000029ed       0x97 ./CMSIS/efm32tg/startup_gcc_efm32tg.o
 .debug_info    0x00002a84      0x55d ./CMSIS/efm32tg/system_efm32tg.o

.debug_abbrev   0x00000000      0xdc4
 .debug_abbrev  0x00000000      0x13e ./src/SIRKA_Bootloader_DRA.o
 .debug_abbrev  0x0000013e      0x10c ./src/boot.o
 .debug_abbrev  0x0000024a       0xd7 ./src/crc.o
 .debug_abbrev  0x00000321       0xda ./src/emu.o
 .debug_abbrev  0x000003fb       0xfd ./src/init.o
 .debug_abbrev  0x000004f8      0x13e ./src/irq.o
 .debug_abbrev  0x00000636      0x124 ./src/msc.o
 .debug_abbrev  0x0000075a      0x10c ./src/status.o
 .debug_abbrev  0x00000866       0xad ./src/timer.o
 .debug_abbrev  0x00000913       0xf8 ./src/usart.o
 .debug_abbrev  0x00000a0b      0x105 ./src/watchdog.o
 .debug_abbrev  0x00000b10      0x108 ./src/write_to_flash.o
 .debug_abbrev  0x00000c18       0x14 ./CMSIS/efm32tg/startup_gcc_efm32tg.o
 .debug_abbrev  0x00000c2c      0x198 ./CMSIS/efm32tg/system_efm32tg.o

.debug_loc      0x00000000      0xa6c
 .debug_loc     0x00000000       0xc8 ./src/SIRKA_Bootloader_DRA.o
 .debug_loc     0x000000c8       0x70 ./src/boot.o
 .debug_loc     0x00000138       0x70 ./src/crc.o
 .debug_loc     0x000001a8       0x2c ./src/emu.o
 .debug_loc     0x000001d4      0x108 ./src/init.o
 .debug_loc     0x000002dc       0xf4 ./src/irq.o
 .debug_loc     0x000003d0       0xe0 ./src/msc.o
 .debug_loc     0x000004b0       0xa8 ./src/status.o
 .debug_loc     0x00000558       0x84 ./src/timer.o
 .debug_loc     0x000005dc       0x9c ./src/usart.o
 .debug_loc     0x00000678       0x9c ./src/watchdog.o
 .debug_loc     0x00000714      0x170 ./src/write_to_flash.o
 .debug_loc     0x00000884      0x1e8 ./CMSIS/efm32tg/system_efm32tg.o

.debug_aranges  0x00000000      0x300
 .debug_aranges
                0x00000000       0x38 ./src/SIRKA_Bootloader_DRA.o
 .debug_aranges
                0x00000038       0x28 ./src/boot.o
 .debug_aranges
                0x00000060       0x28 ./src/crc.o
 .debug_aranges
                0x00000088       0x20 ./src/emu.o
 .debug_aranges
                0x000000a8       0x48 ./src/init.o
 .debug_aranges
                0x000000f0       0x40 ./src/irq.o
 .debug_aranges
                0x00000130       0x38 ./src/msc.o
 .debug_aranges
                0x00000168       0x30 ./src/status.o
 .debug_aranges
                0x00000198       0x30 ./src/timer.o
 .debug_aranges
                0x000001c8       0x30 ./src/usart.o
 .debug_aranges
                0x000001f8       0x30 ./src/watchdog.o
 .debug_aranges
                0x00000228       0x50 ./src/write_to_flash.o
 .debug_aranges
                0x00000278       0x20 ./CMSIS/efm32tg/startup_gcc_efm32tg.o
 .debug_aranges
                0x00000298       0x68 ./CMSIS/efm32tg/system_efm32tg.o

.debug_ranges   0x00000000      0x210
 .debug_ranges  0x00000000       0x28 ./src/SIRKA_Bootloader_DRA.o
 .debug_ranges  0x00000028       0x18 ./src/boot.o
 .debug_ranges  0x00000040       0x18 ./src/crc.o
 .debug_ranges  0x00000058       0x10 ./src/emu.o
 .debug_ranges  0x00000068       0x38 ./src/init.o
 .debug_ranges  0x000000a0       0x30 ./src/irq.o
 .debug_ranges  0x000000d0       0x28 ./src/msc.o
 .debug_ranges  0x000000f8       0x20 ./src/status.o
 .debug_ranges  0x00000118       0x20 ./src/timer.o
 .debug_ranges  0x00000138       0x20 ./src/usart.o
 .debug_ranges  0x00000158       0x20 ./src/watchdog.o
 .debug_ranges  0x00000178       0x40 ./src/write_to_flash.o
 .debug_ranges  0x000001b8       0x58 ./CMSIS/efm32tg/system_efm32tg.o

.debug_line     0x00000000     0x1bef
 .debug_line    0x00000000      0x2d9 ./src/SIRKA_Bootloader_DRA.o
 .debug_line    0x000002d9      0x149 ./src/boot.o
 .debug_line    0x00000422      0x10b ./src/crc.o
 .debug_line    0x0000052d      0x14e ./src/emu.o
 .debug_line    0x0000067b      0x2c1 ./src/init.o
 .debug_line    0x0000093c      0x25d ./src/irq.o
 .debug_line    0x00000b99      0x272 ./src/msc.o
 .debug_line    0x00000e0b      0x247 ./src/status.o
 .debug_line    0x00001052      0x202 ./src/timer.o
 .debug_line    0x00001254      0x206 ./src/usart.o
 .debug_line    0x0000145a      0x209 ./src/watchdog.o
 .debug_line    0x00001663      0x242 ./src/write_to_flash.o
 .debug_line    0x000018a5       0x8f ./CMSIS/efm32tg/startup_gcc_efm32tg.o
 .debug_line    0x00001934      0x2bb ./CMSIS/efm32tg/system_efm32tg.o

.debug_str      0x00000000      0xbaf
 .debug_str     0x00000000      0x267 ./src/SIRKA_Bootloader_DRA.o
                                0x2a8 (size before relaxing)
 .debug_str     0x00000267       0x82 ./src/boot.o
                                0x1d0 (size before relaxing)
 .debug_str     0x000002e9       0x51 ./src/crc.o
                                0x177 (size before relaxing)
 .debug_str     0x0000033a       0x20 ./src/emu.o
                                0x1c2 (size before relaxing)
 .debug_str     0x0000035a      0x252 ./src/init.o
                                0x45b (size before relaxing)
 .debug_str     0x000005ac      0x22b ./src/irq.o
                                0x4a1 (size before relaxing)
 .debug_str     0x000007d7       0xa1 ./src/msc.o
                                0x26b (size before relaxing)
 .debug_str     0x00000878       0x46 ./src/status.o
                                0x245 (size before relaxing)
 .debug_str     0x000008be       0x35 ./src/timer.o
                                0x1bb (size before relaxing)
 .debug_str     0x000008f3       0x3c ./src/usart.o
                                0x22d (size before relaxing)
 .debug_str     0x0000092f       0x4d ./src/watchdog.o
                                0x1a4 (size before relaxing)
 .debug_str     0x0000097c       0xaa ./src/write_to_flash.o
                                0x22c (size before relaxing)
 .debug_str     0x00000a26      0x189 ./CMSIS/efm32tg/system_efm32tg.o
                                0x3f5 (size before relaxing)

.debug_frame    0x00000000      0x784
 .debug_frame   0x00000000       0x84 ./src/SIRKA_Bootloader_DRA.o
 .debug_frame   0x00000084       0x4c ./src/boot.o
 .debug_frame   0x000000d0       0x48 ./src/crc.o
 .debug_frame   0x00000118       0x28 ./src/emu.o
 .debug_frame   0x00000140       0xa4 ./src/init.o
 .debug_frame   0x000001e4       0x9c ./src/irq.o
 .debug_frame   0x00000280       0x84 ./src/msc.o
 .debug_frame   0x00000304       0x70 ./src/status.o
 .debug_frame   0x00000374       0x58 ./src/timer.o
 .debug_frame   0x000003cc       0x64 ./src/usart.o
 .debug_frame   0x00000430       0x64 ./src/watchdog.o
 .debug_frame   0x00000494       0xe8 ./src/write_to_flash.o
 .debug_frame   0x0000057c      0x120 ./CMSIS/efm32tg/system_efm32tg.o
 .debug_frame   0x0000069c       0x28 c:/siliconlabs/simplicitystudio/v2/developer/toolchains/gnu_arm/4.7_2013q1/bin/../lib/gcc/arm-none-eabi/4.7.3/../../../../arm-none-eabi/lib/armv7-m\libc_s.a(lib_a-__atexit2.o)
 .debug_frame   0x000006c4       0x28 c:/siliconlabs/simplicitystudio/v2/developer/toolchains/gnu_arm/4.7_2013q1/bin/../lib/gcc/arm-none-eabi/4.7.3/../../../../arm-none-eabi/lib/armv7-m\libc_s.a(lib_a-exit.o)
 .debug_frame   0x000006ec       0x2c c:/siliconlabs/simplicitystudio/v2/developer/toolchains/gnu_arm/4.7_2013q1/bin/../lib/gcc/arm-none-eabi/4.7.3/../../../../arm-none-eabi/lib/armv7-m\libc_s.a(lib_a-fini.o)
 .debug_frame   0x00000718       0x2c c:/siliconlabs/simplicitystudio/v2/developer/toolchains/gnu_arm/4.7_2013q1/bin/../lib/gcc/arm-none-eabi/4.7.3/../../../../arm-none-eabi/lib/armv7-m\libc_s.a(lib_a-init.o)
 .debug_frame   0x00000744       0x20 c:/siliconlabs/simplicitystudio/v2/developer/toolchains/gnu_arm/4.7_2013q1/bin/../lib/gcc/arm-none-eabi/4.7.3/../../../../arm-none-eabi/lib/armv7-m\libc_s.a(lib_a-memset.o)
 .debug_frame   0x00000764       0x20 c:/siliconlabs/simplicitystudio/v2/developer/toolchains/gnu_arm/4.7_2013q1/bin/../lib/gcc/arm-none-eabi/4.7.3/../../../../arm-none-eabi/lib/armv7-m\libnosys.a(_exit.o)
