Archive member included because of file (symbol)

c:/siliconlabs/simplicitystudio/v2/developer/toolchains/gnu_arm/4.7_2013q1/bin/../lib/gcc/arm-none-eabi/4.7.3/../../../../arm-none-eabi/lib/armv7-m\libc_s.a(lib_a-__atexit2.o)
                              c:/siliconlabs/simplicitystudio/v2/developer/toolchains/gnu_arm/4.7_2013q1/bin/../lib/gcc/arm-none-eabi/4.7.3/../../../../arm-none-eabi/lib/armv7-m/crt0.o (__register_exitproc)
c:/siliconlabs/simplicitystudio/v2/developer/toolchains/gnu_arm/4.7_2013q1/bin/../lib/gcc/arm-none-eabi/4.7.3/../../../../arm-none-eabi/lib/armv7-m\libc_s.a(lib_a-exit.o)
                              c:/siliconlabs/simplicitystudio/v2/developer/toolchains/gnu_arm/4.7_2013q1/bin/../lib/gcc/arm-none-eabi/4.7.3/../../../../arm-none-eabi/lib/armv7-m/crt0.o (exit)
c:/siliconlabs/simplicitystudio/v2/developer/toolchains/gnu_arm/4.7_2013q1/bin/../lib/gcc/arm-none-eabi/4.7.3/../../../../arm-none-eabi/lib/armv7-m\libc_s.a(lib_a-fini.o)
                              c:/siliconlabs/simplicitystudio/v2/developer/toolchains/gnu_arm/4.7_2013q1/bin/../lib/gcc/arm-none-eabi/4.7.3/../../../../arm-none-eabi/lib/armv7-m/crt0.o (__libc_fini_array)
c:/siliconlabs/simplicitystudio/v2/developer/toolchains/gnu_arm/4.7_2013q1/bin/../lib/gcc/arm-none-eabi/4.7.3/../../../../arm-none-eabi/lib/armv7-m\libc_s.a(lib_a-impure.o)
                              c:/siliconlabs/simplicitystudio/v2/developer/toolchains/gnu_arm/4.7_2013q1/bin/../lib/gcc/arm-none-eabi/4.7.3/../../../../arm-none-eabi/lib/armv7-m\libc_s.a(lib_a-exit.o) (_global_impure_ptr)
c:/siliconlabs/simplicitystudio/v2/developer/toolchains/gnu_arm/4.7_2013q1/bin/../lib/gcc/arm-none-eabi/4.7.3/../../../../arm-none-eabi/lib/armv7-m\libc_s.a(lib_a-init.o)
                              c:/siliconlabs/simplicitystudio/v2/developer/toolchains/gnu_arm/4.7_2013q1/bin/../lib/gcc/arm-none-eabi/4.7.3/../../../../arm-none-eabi/lib/armv7-m/crt0.o (__libc_init_array)
c:/siliconlabs/simplicitystudio/v2/developer/toolchains/gnu_arm/4.7_2013q1/bin/../lib/gcc/arm-none-eabi/4.7.3/../../../../arm-none-eabi/lib/armv7-m\libc_s.a(lib_a-memset.o)
                              c:/siliconlabs/simplicitystudio/v2/developer/toolchains/gnu_arm/4.7_2013q1/bin/../lib/gcc/arm-none-eabi/4.7.3/../../../../arm-none-eabi/lib/armv7-m/crt0.o (memset)
c:/siliconlabs/simplicitystudio/v2/developer/toolchains/gnu_arm/4.7_2013q1/bin/../lib/gcc/arm-none-eabi/4.7.3/../../../../arm-none-eabi/lib/armv7-m\libnosys.a(_exit.o)
                              c:/siliconlabs/simplicitystudio/v2/developer/toolchains/gnu_arm/4.7_2013q1/bin/../lib/gcc/arm-none-eabi/4.7.3/../../../../arm-none-eabi/lib/armv7-m\libc_s.a(lib_a-exit.o) (_exit)

Allocating common symbols
Common symbol       size              file

frame_position      0x2               ./src/SIRKA_Bootloader_DRA.o
SystemCoreClock     0x4               ./CMSIS/efm32tg/system_efm32tg.o
received_frame      0xe               ./src/SIRKA_Bootloader_DRA.o
crcTable            0x200             ./src/crc.o

Discarded input sections

 .text          0x00000000        0x0 c:/siliconlabs/simplicitystudio/v2/developer/toolchains/gnu_arm/4.7_2013q1/bin/../lib/gcc/arm-none-eabi/4.7.3/armv7-m/crti.o
 .data          0x00000000        0x0 c:/siliconlabs/simplicitystudio/v2/developer/toolchains/gnu_arm/4.7_2013q1/bin/../lib/gcc/arm-none-eabi/4.7.3/armv7-m/crti.o
 .bss           0x00000000        0x0 c:/siliconlabs/simplicitystudio/v2/developer/toolchains/gnu_arm/4.7_2013q1/bin/../lib/gcc/arm-none-eabi/4.7.3/armv7-m/crti.o
 .data          0x00000000        0x4 c:/siliconlabs/simplicitystudio/v2/developer/toolchains/gnu_arm/4.7_2013q1/bin/../lib/gcc/arm-none-eabi/4.7.3/armv7-m/crtbegin.o
 .data          0x00000000        0x0 c:/siliconlabs/simplicitystudio/v2/developer/toolchains/gnu_arm/4.7_2013q1/bin/../lib/gcc/arm-none-eabi/4.7.3/../../../../arm-none-eabi/lib/armv7-m/crt0.o
 .bss           0x00000000        0x0 c:/siliconlabs/simplicitystudio/v2/developer/toolchains/gnu_arm/4.7_2013q1/bin/../lib/gcc/arm-none-eabi/4.7.3/../../../../arm-none-eabi/lib/armv7-m/crt0.o
 .ARM.extab     0x00000000        0x0 c:/siliconlabs/simplicitystudio/v2/developer/toolchains/gnu_arm/4.7_2013q1/bin/../lib/gcc/arm-none-eabi/4.7.3/../../../../arm-none-eabi/lib/armv7-m/crt0.o
 .text          0x00000000        0x0 ./src/SIRKA_Bootloader_DRA.o
 .data          0x00000000        0x0 ./src/SIRKA_Bootloader_DRA.o
 .bss           0x00000000        0x0 ./src/SIRKA_Bootloader_DRA.o
 .text          0x00000000        0x0 ./src/boot.o
 .data          0x00000000        0x0 ./src/boot.o
 .bss           0x00000000        0x0 ./src/boot.o
 .text          0x00000000        0x0 ./src/crc.o
 .data          0x00000000        0x0 ./src/crc.o
 .bss           0x00000000        0x0 ./src/crc.o
 .text.crcInit  0x00000000       0x80 ./src/crc.o
 COMMON         0x00000000      0x200 ./src/crc.o
 .text          0x00000000        0x0 ./src/emu.o
 .data          0x00000000        0x0 ./src/emu.o
 .bss           0x00000000        0x0 ./src/emu.o
 .text          0x00000000        0x0 ./src/init.o
 .data          0x00000000        0x0 ./src/init.o
 .bss           0x00000000        0x0 ./src/init.o
 .text          0x00000000        0x0 ./src/irq.o
 .data          0x00000000        0x0 ./src/irq.o
 .bss           0x00000000        0x0 ./src/irq.o
 .text          0x00000000        0x0 ./src/msc.o
 .data          0x00000000        0x0 ./src/msc.o
 .bss           0x00000000        0x0 ./src/msc.o
 .text          0x00000000        0x0 ./src/timer.o
 .data          0x00000000        0x0 ./src/timer.o
 .bss           0x00000000        0x0 ./src/timer.o
 .text          0x00000000        0x0 ./src/usart.o
 .data          0x00000000        0x0 ./src/usart.o
 .bss           0x00000000        0x0 ./src/usart.o
 .text.USART0_receive
                0x00000000       0x2c ./src/usart.o
 .text          0x00000000        0x0 ./src/watchdog.o
 .data          0x00000000        0x0 ./src/watchdog.o
 .bss           0x00000000        0x0 ./src/watchdog.o
 .text          0x00000000        0x0 ./src/write_to_flash.o
 .data          0x00000000        0x0 ./src/write_to_flash.o
 .bss           0x00000000        0x0 ./src/write_to_flash.o
 .text          0x00000000        0x0 ./emlib/em_system.o
 .data          0x00000000        0x0 ./emlib/em_system.o
 .bss           0x00000000        0x0 ./emlib/em_system.o
 .text.SYSTEM_ChipRevisionGet
                0x00000000       0x5c ./emlib/em_system.o
 .text.SYSTEM_GetCalibrationValue
                0x00000000       0x5c ./emlib/em_system.o
 .debug_info    0x00000000      0x237 ./emlib/em_system.o
 .debug_abbrev  0x00000000       0xef ./emlib/em_system.o
 .debug_loc     0x00000000       0x70 ./emlib/em_system.o
 .debug_aranges
                0x00000000       0x28 ./emlib/em_system.o
 .debug_ranges  0x00000000       0x18 ./emlib/em_system.o
 .debug_line    0x00000000      0x23f ./emlib/em_system.o
 .debug_str     0x00000000      0x235 ./emlib/em_system.o
 .comment       0x00000000       0x71 ./emlib/em_system.o
 .ARM.attributes
                0x00000000       0x33 ./emlib/em_system.o
 .debug_frame   0x00000000       0x48 ./emlib/em_system.o
 .data          0x00000000        0x0 ./CMSIS/efm32tg/startup_gcc_efm32tg.o
 .bss           0x00000000        0x0 ./CMSIS/efm32tg/startup_gcc_efm32tg.o
 .text          0x00000000        0x0 ./CMSIS/efm32tg/system_efm32tg.o
 .data          0x00000000        0x0 ./CMSIS/efm32tg/system_efm32tg.o
 .bss           0x00000000        0x0 ./CMSIS/efm32tg/system_efm32tg.o
 .data.SystemHFXOClock
                0x00000000        0x4 ./CMSIS/efm32tg/system_efm32tg.o
 .data.SystemLFXOClock
                0x00000000        0x4 ./CMSIS/efm32tg/system_efm32tg.o
 .text.GetProdRev
                0x00000000       0x1c ./CMSIS/efm32tg/system_efm32tg.o
 .text.SystemCoreClockGet
                0x00000000       0x3c ./CMSIS/efm32tg/system_efm32tg.o
 .text.SystemHFClockGet
                0x00000000      0x110 ./CMSIS/efm32tg/system_efm32tg.o
 .text.SystemHFXOClockGet
                0x00000000       0x18 ./CMSIS/efm32tg/system_efm32tg.o
 .text.SystemHFXOClockSet
                0x00000000       0x34 ./CMSIS/efm32tg/system_efm32tg.o
 .text.SystemLFRCOClockGet
                0x00000000       0x10 ./CMSIS/efm32tg/system_efm32tg.o
 .text.SystemULFRCOClockGet
                0x00000000       0x10 ./CMSIS/efm32tg/system_efm32tg.o
 .text.SystemLFXOClockGet
                0x00000000       0x18 ./CMSIS/efm32tg/system_efm32tg.o
 .text.SystemLFXOClockSet
                0x00000000       0x34 ./CMSIS/efm32tg/system_efm32tg.o
 COMMON         0x00000000        0x4 ./CMSIS/efm32tg/system_efm32tg.o
 .text          0x00000000        0x0 c:/siliconlabs/simplicitystudio/v2/developer/toolchains/gnu_arm/4.7_2013q1/bin/../lib/gcc/arm-none-eabi/4.7.3/../../../../arm-none-eabi/lib/armv7-m\libc_s.a(lib_a-__atexit2.o)
 .data          0x00000000        0x0 c:/siliconlabs/simplicitystudio/v2/developer/toolchains/gnu_arm/4.7_2013q1/bin/../lib/gcc/arm-none-eabi/4.7.3/../../../../arm-none-eabi/lib/armv7-m\libc_s.a(lib_a-__atexit2.o)
 .bss           0x00000000        0x0 c:/siliconlabs/simplicitystudio/v2/developer/toolchains/gnu_arm/4.7_2013q1/bin/../lib/gcc/arm-none-eabi/4.7.3/../../../../arm-none-eabi/lib/armv7-m\libc_s.a(lib_a-__atexit2.o)
 .text          0x00000000        0x0 c:/siliconlabs/simplicitystudio/v2/developer/toolchains/gnu_arm/4.7_2013q1/bin/../lib/gcc/arm-none-eabi/4.7.3/../../../../arm-none-eabi/lib/armv7-m\libc_s.a(lib_a-exit.o)
 .data          0x00000000        0x0 c:/siliconlabs/simplicitystudio/v2/developer/toolchains/gnu_arm/4.7_2013q1/bin/../lib/gcc/arm-none-eabi/4.7.3/../../../../arm-none-eabi/lib/armv7-m\libc_s.a(lib_a-exit.o)
 .bss           0x00000000        0x0 c:/siliconlabs/simplicitystudio/v2/developer/toolchains/gnu_arm/4.7_2013q1/bin/../lib/gcc/arm-none-eabi/4.7.3/../../../../arm-none-eabi/lib/armv7-m\libc_s.a(lib_a-exit.o)
 .text          0x00000000        0x0 c:/siliconlabs/simplicitystudio/v2/developer/toolchains/gnu_arm/4.7_2013q1/bin/../lib/gcc/arm-none-eabi/4.7.3/../../../../arm-none-eabi/lib/armv7-m\libc_s.a(lib_a-fini.o)
 .data          0x00000000        0x0 c:/siliconlabs/simplicitystudio/v2/developer/toolchains/gnu_arm/4.7_2013q1/bin/../lib/gcc/arm-none-eabi/4.7.3/../../../../arm-none-eabi/lib/armv7-m\libc_s.a(lib_a-fini.o)
 .bss           0x00000000        0x0 c:/siliconlabs/simplicitystudio/v2/developer/toolchains/gnu_arm/4.7_2013q1/bin/../lib/gcc/arm-none-eabi/4.7.3/../../../../arm-none-eabi/lib/armv7-m\libc_s.a(lib_a-fini.o)
 .text          0x00000000        0x0 c:/siliconlabs/simplicitystudio/v2/developer/toolchains/gnu_arm/4.7_2013q1/bin/../lib/gcc/arm-none-eabi/4.7.3/../../../../arm-none-eabi/lib/armv7-m\libc_s.a(lib_a-impure.o)
 .data          0x00000000        0x0 c:/siliconlabs/simplicitystudio/v2/developer/toolchains/gnu_arm/4.7_2013q1/bin/../lib/gcc/arm-none-eabi/4.7.3/../../../../arm-none-eabi/lib/armv7-m\libc_s.a(lib_a-impure.o)
 .bss           0x00000000        0x0 c:/siliconlabs/simplicitystudio/v2/developer/toolchains/gnu_arm/4.7_2013q1/bin/../lib/gcc/arm-none-eabi/4.7.3/../../../../arm-none-eabi/lib/armv7-m\libc_s.a(lib_a-impure.o)
 .data._impure_ptr
                0x00000000        0x4 c:/siliconlabs/simplicitystudio/v2/developer/toolchains/gnu_arm/4.7_2013q1/bin/../lib/gcc/arm-none-eabi/4.7.3/../../../../arm-none-eabi/lib/armv7-m\libc_s.a(lib_a-impure.o)
 .text          0x00000000        0x0 c:/siliconlabs/simplicitystudio/v2/developer/toolchains/gnu_arm/4.7_2013q1/bin/../lib/gcc/arm-none-eabi/4.7.3/../../../../arm-none-eabi/lib/armv7-m\libc_s.a(lib_a-init.o)
 .data          0x00000000        0x0 c:/siliconlabs/simplicitystudio/v2/developer/toolchains/gnu_arm/4.7_2013q1/bin/../lib/gcc/arm-none-eabi/4.7.3/../../../../arm-none-eabi/lib/armv7-m\libc_s.a(lib_a-init.o)
 .bss           0x00000000        0x0 c:/siliconlabs/simplicitystudio/v2/developer/toolchains/gnu_arm/4.7_2013q1/bin/../lib/gcc/arm-none-eabi/4.7.3/../../../../arm-none-eabi/lib/armv7-m\libc_s.a(lib_a-init.o)
 .text          0x00000000        0x0 c:/siliconlabs/simplicitystudio/v2/developer/toolchains/gnu_arm/4.7_2013q1/bin/../lib/gcc/arm-none-eabi/4.7.3/../../../../arm-none-eabi/lib/armv7-m\libc_s.a(lib_a-memset.o)
 .data          0x00000000        0x0 c:/siliconlabs/simplicitystudio/v2/developer/toolchains/gnu_arm/4.7_2013q1/bin/../lib/gcc/arm-none-eabi/4.7.3/../../../../arm-none-eabi/lib/armv7-m\libc_s.a(lib_a-memset.o)
 .bss           0x00000000        0x0 c:/siliconlabs/simplicitystudio/v2/developer/toolchains/gnu_arm/4.7_2013q1/bin/../lib/gcc/arm-none-eabi/4.7.3/../../../../arm-none-eabi/lib/armv7-m\libc_s.a(lib_a-memset.o)
 .text          0x00000000        0x0 c:/siliconlabs/simplicitystudio/v2/developer/toolchains/gnu_arm/4.7_2013q1/bin/../lib/gcc/arm-none-eabi/4.7.3/../../../../arm-none-eabi/lib/armv7-m\libnosys.a(_exit.o)
 .data          0x00000000        0x0 c:/siliconlabs/simplicitystudio/v2/developer/toolchains/gnu_arm/4.7_2013q1/bin/../lib/gcc/arm-none-eabi/4.7.3/../../../../arm-none-eabi/lib/armv7-m\libnosys.a(_exit.o)
 .bss           0x00000000        0x0 c:/siliconlabs/simplicitystudio/v2/developer/toolchains/gnu_arm/4.7_2013q1/bin/../lib/gcc/arm-none-eabi/4.7.3/../../../../arm-none-eabi/lib/armv7-m\libnosys.a(_exit.o)
 .text          0x00000000        0x0 c:/siliconlabs/simplicitystudio/v2/developer/toolchains/gnu_arm/4.7_2013q1/bin/../lib/gcc/arm-none-eabi/4.7.3/armv7-m/crtend.o
 .data          0x00000000        0x0 c:/siliconlabs/simplicitystudio/v2/developer/toolchains/gnu_arm/4.7_2013q1/bin/../lib/gcc/arm-none-eabi/4.7.3/armv7-m/crtend.o
 .bss           0x00000000        0x0 c:/siliconlabs/simplicitystudio/v2/developer/toolchains/gnu_arm/4.7_2013q1/bin/../lib/gcc/arm-none-eabi/4.7.3/armv7-m/crtend.o
 .jcr           0x00000000        0x4 c:/siliconlabs/simplicitystudio/v2/developer/toolchains/gnu_arm/4.7_2013q1/bin/../lib/gcc/arm-none-eabi/4.7.3/armv7-m/crtend.o
 .text          0x00000000        0x0 c:/siliconlabs/simplicitystudio/v2/developer/toolchains/gnu_arm/4.7_2013q1/bin/../lib/gcc/arm-none-eabi/4.7.3/armv7-m/crtn.o
 .data          0x00000000        0x0 c:/siliconlabs/simplicitystudio/v2/developer/toolchains/gnu_arm/4.7_2013q1/bin/../lib/gcc/arm-none-eabi/4.7.3/armv7-m/crtn.o
 .bss           0x00000000        0x0 c:/siliconlabs/simplicitystudio/v2/developer/toolchains/gnu_arm/4.7_2013q1/bin/../lib/gcc/arm-none-eabi/4.7.3/armv7-m/crtn.o

Memory Configuration

Name             Origin             Length             Attributes
FLASH            0x00000000         0x00008000         xr
RAM              0x20000000         0x00001000         xrw
*default*        0x00000000         0xffffffff

Linker script and memory map

LOAD c:/siliconlabs/simplicitystudio/v2/developer/toolchains/gnu_arm/4.7_2013q1/bin/../lib/gcc/arm-none-eabi/4.7.3/armv7-m/crti.o
LOAD c:/siliconlabs/simplicitystudio/v2/developer/toolchains/gnu_arm/4.7_2013q1/bin/../lib/gcc/arm-none-eabi/4.7.3/armv7-m/crtbegin.o
LOAD c:/siliconlabs/simplicitystudio/v2/developer/toolchains/gnu_arm/4.7_2013q1/bin/../lib/gcc/arm-none-eabi/4.7.3/../../../../arm-none-eabi/lib/armv7-m/crt0.o
LOAD ./src/SIRKA_Bootloader_DRA.o
LOAD ./src/boot.o
LOAD ./src/crc.o
LOAD ./src/emu.o
LOAD ./src/init.o
LOAD ./src/irq.o
LOAD ./src/msc.o
LOAD ./src/timer.o
LOAD ./src/usart.o
LOAD ./src/watchdog.o
LOAD ./src/write_to_flash.o
LOAD ./emlib/em_system.o
LOAD ./CMSIS/efm32tg/startup_gcc_efm32tg.o
LOAD ./CMSIS/efm32tg/system_efm32tg.o
START GROUP
LOAD c:/siliconlabs/simplicitystudio/v2/developer/toolchains/gnu_arm/4.7_2013q1/bin/../lib/gcc/arm-none-eabi/4.7.3/armv7-m\libgcc.a
LOAD c:/siliconlabs/simplicitystudio/v2/developer/toolchains/gnu_arm/4.7_2013q1/bin/../lib/gcc/arm-none-eabi/4.7.3/../../../../arm-none-eabi/lib/armv7-m\libc_s.a
LOAD c:/siliconlabs/simplicitystudio/v2/developer/toolchains/gnu_arm/4.7_2013q1/bin/../lib/gcc/arm-none-eabi/4.7.3/../../../../arm-none-eabi/lib/armv7-m\libnosys.a
END GROUP
START GROUP
LOAD c:/siliconlabs/simplicitystudio/v2/developer/toolchains/gnu_arm/4.7_2013q1/bin/../lib/gcc/arm-none-eabi/4.7.3/armv7-m\libgcc.a
LOAD c:/siliconlabs/simplicitystudio/v2/developer/toolchains/gnu_arm/4.7_2013q1/bin/../lib/gcc/arm-none-eabi/4.7.3/../../../../arm-none-eabi/lib/armv7-m\libc_s.a
END GROUP
LOAD c:/siliconlabs/simplicitystudio/v2/developer/toolchains/gnu_arm/4.7_2013q1/bin/../lib/gcc/arm-none-eabi/4.7.3/armv7-m/crtend.o
LOAD c:/siliconlabs/simplicitystudio/v2/developer/toolchains/gnu_arm/4.7_2013q1/bin/../lib/gcc/arm-none-eabi/4.7.3/armv7-m/crtn.o

.text           0x00000000     0x12cc
 *(.isr_vector)
 .isr_vector    0x00000000      0x100 ./CMSIS/efm32tg/startup_gcc_efm32tg.o
                0x00000000                __isr_vector
 *(.text*)
 .text          0x00000100       0x54 c:/siliconlabs/simplicitystudio/v2/developer/toolchains/gnu_arm/4.7_2013q1/bin/../lib/gcc/arm-none-eabi/4.7.3/armv7-m/crtbegin.o
 .text          0x00000154       0x70 c:/siliconlabs/simplicitystudio/v2/developer/toolchains/gnu_arm/4.7_2013q1/bin/../lib/gcc/arm-none-eabi/4.7.3/../../../../arm-none-eabi/lib/armv7-m/crt0.o
                0x00000154                _start
                0x00000154                start
                0x00000154                _mainCRTStartup
 .text.CHIP_Init
                0x000001c4        0xc ./src/SIRKA_Bootloader_DRA.o
 .text.sendWelcomeMessage
                0x000001d0       0x68 ./src/SIRKA_Bootloader_DRA.o
                0x000001d0                sendWelcomeMessage
 .text.sendVerify
                0x00000238       0x50 ./src/SIRKA_Bootloader_DRA.o
                0x00000238                sendVerify
 .text.main     0x00000288       0xb0 ./src/SIRKA_Bootloader_DRA.o
                0x00000288                main
 .text.BOOT_jump
                0x00000338       0x20 ./src/boot.o
                0x00000338                BOOT_jump
 .text.BOOT_boot
                0x00000358       0x34 ./src/boot.o
                0x00000358                BOOT_boot
 .text.CRC16    0x0000038c       0x44 ./src/crc.o
                0x0000038c                CRC16
 .text.EMU_EnterEM1
                0x000003d0       0x24 ./src/emu.o
                0x000003d0                EMU_EnterEM1
 .text.NVIC_EnableIRQ
                0x000003f4       0x38 ./src/init.o
 .text.Init_USART0
                0x0000042c       0x44 ./src/init.o
                0x0000042c                Init_USART0
 .text.Init_Clocks
                0x00000470       0x9c ./src/init.o
                0x00000470                Init_Clocks
 .text.Init_GPIO
                0x0000050c       0x64 ./src/init.o
                0x0000050c                Init_GPIO
 .text.Init_WD  0x00000570       0x28 ./src/init.o
                0x00000570                Init_WD
 .text.Init_TIMER0
                0x00000598       0x38 ./src/init.o
                0x00000598                Init_TIMER0
 .text.Init_Interrupts
                0x000005d0        0xc ./src/init.o
                0x000005d0                Init_Interrupts
 .text.NVIC_EnableIRQ
                0x000005dc       0x38 ./src/irq.o
 .text.NVIC_ClearPendingIRQ
                0x00000614       0x3c ./src/irq.o
 .text.enable_interrupts
                0x00000650       0x30 ./src/irq.o
                0x00000650                enable_interrupts
 .text.USART0_RX_IRQHandler
                0x00000680       0x6c ./src/irq.o
                0x00000680                USART0_RX_IRQHandler
 .text.TIMER0_IRQHandler
                0x000006ec       0x2c ./src/irq.o
                0x000006ec                TIMER0_IRQHandler
 .text.ErasePage
                0x00000718      0x124 ./src/msc.o
                0x00000718                ErasePage
 .text.WriteWord
                0x0000083c       0xf8 ./src/msc.o
                0x0000083c                WriteWord
 .text.LoadData
                0x00000934       0xd4 ./src/msc.o
                0x00000934                LoadData
 .text.LoadAddress
                0x00000a08       0x6c ./src/msc.o
                0x00000a08                LoadAddress
 .text.TIMER_start
                0x00000a74       0x18 ./src/timer.o
                0x00000a74                TIMER_start
 .text.TIMER_stop
                0x00000a8c       0x28 ./src/timer.o
                0x00000a8c                TIMER_stop
 .text.TIMER_intclear
                0x00000ab4       0x18 ./src/timer.o
                0x00000ab4                TIMER_intclear
 .text.USART0_send
                0x00000acc       0x48 ./src/usart.o
                0x00000acc                USART0_send
 .text.USART0_sendString
                0x00000b14       0x30 ./src/usart.o
                0x00000b14                USART0_sendString
 .text.WDOG_Enable
                0x00000b44       0x48 ./src/watchdog.o
                0x00000b44                WDOG_Enable
 .text.WDOG_Feed
                0x00000b8c       0x58 ./src/watchdog.o
                0x00000b8c                WDOG_Feed
 .text.BITBAND_Peripheral
                0x00000be4       0x30 ./src/watchdog.o
                0x00000be4                BITBAND_Peripheral
 .text.flash_device
                0x00000c14      0x11c ./src/write_to_flash.o
                0x00000c14                flash_device
 .text.check_firmware
                0x00000d30       0xb8 ./src/write_to_flash.o
                0x00000d30                check_firmware
 .text.get_nr_of_packages
                0x00000de8       0x60 ./src/write_to_flash.o
                0x00000de8                get_nr_of_packages
 .text.send_ok  0x00000e48       0x54 ./src/write_to_flash.o
                0x00000e48                send_ok
 .text.send_crc_fail
                0x00000e9c       0x54 ./src/write_to_flash.o
                0x00000e9c                send_crc_fail
 .text.write_to_flash
                0x00000ef0       0xac ./src/write_to_flash.o
                0x00000ef0                write_to_flash
 .text.wait_for_package
                0x00000f9c       0x44 ./src/write_to_flash.o
                0x00000f9c                wait_for_package
 .text.check_crc
                0x00000fe0       0xa4 ./src/write_to_flash.o
                0x00000fe0                check_crc
 .text          0x00001084       0x78 ./CMSIS/efm32tg/startup_gcc_efm32tg.o
                0x00001084                Reset_Handler
                0x000010b8                Default_Handler
                0x000010ba                NMI_Handler
                0x000010bc                HardFault_Handler
                0x000010be                MemManage_Handler
                0x000010c0                BusFault_Handler
                0x000010c2                UsageFault_Handler
                0x000010c4                SVC_Handler
                0x000010c6                DebugMon_Handler
                0x000010c8                PendSV_Handler
                0x000010ca                SysTick_Handler
                0x000010cc                DMA_IRQHandler
                0x000010ce                GPIO_EVEN_IRQHandler
                0x000010d4                USART0_TX_IRQHandler
                0x000010d6                ACMP0_IRQHandler
                0x000010d8                ADC0_IRQHandler
                0x000010da                DAC0_IRQHandler
                0x000010dc                I2C0_IRQHandler
                0x000010de                GPIO_ODD_IRQHandler
                0x000010e0                TIMER1_IRQHandler
                0x000010e2                USART1_RX_IRQHandler
                0x000010e4                USART1_TX_IRQHandler
                0x000010e6                LESENSE_IRQHandler
                0x000010e8                LEUART0_IRQHandler
                0x000010ea                LETIMER0_IRQHandler
                0x000010ec                PCNT0_IRQHandler
                0x000010ee                RTC_IRQHandler
                0x000010f0                CMU_IRQHandler
                0x000010f2                VCMP_IRQHandler
                0x000010f4                LCD_IRQHandler
                0x000010f6                MSC_IRQHandler
                0x000010f8                AES_IRQHandler
 .text.SystemInit
                0x000010fc        0xc ./CMSIS/efm32tg/system_efm32tg.o
                0x000010fc                SystemInit
 .text.__register_exitproc
                0x00001108       0x14 c:/siliconlabs/simplicitystudio/v2/developer/toolchains/gnu_arm/4.7_2013q1/bin/../lib/gcc/arm-none-eabi/4.7.3/../../../../arm-none-eabi/lib/armv7-m\libc_s.a(lib_a-__atexit2.o)
                0x00001108                __register_exitproc
 .text.exit     0x0000111c       0x2c c:/siliconlabs/simplicitystudio/v2/developer/toolchains/gnu_arm/4.7_2013q1/bin/../lib/gcc/arm-none-eabi/4.7.3/../../../../arm-none-eabi/lib/armv7-m\libc_s.a(lib_a-exit.o)
                0x0000111c                exit
 .text.__libc_fini_array
                0x00001148       0x2c c:/siliconlabs/simplicitystudio/v2/developer/toolchains/gnu_arm/4.7_2013q1/bin/../lib/gcc/arm-none-eabi/4.7.3/../../../../arm-none-eabi/lib/armv7-m\libc_s.a(lib_a-fini.o)
                0x00001148                __libc_fini_array
 .text.__libc_init_array
                0x00001174       0x4c c:/siliconlabs/simplicitystudio/v2/developer/toolchains/gnu_arm/4.7_2013q1/bin/../lib/gcc/arm-none-eabi/4.7.3/../../../../arm-none-eabi/lib/armv7-m\libc_s.a(lib_a-init.o)
                0x00001174                __libc_init_array
 .text.memset   0x000011c0       0x10 c:/siliconlabs/simplicitystudio/v2/developer/toolchains/gnu_arm/4.7_2013q1/bin/../lib/gcc/arm-none-eabi/4.7.3/../../../../arm-none-eabi/lib/armv7-m\libc_s.a(lib_a-memset.o)
                0x000011c0                memset
 .text._exit    0x000011d0        0x4 c:/siliconlabs/simplicitystudio/v2/developer/toolchains/gnu_arm/4.7_2013q1/bin/../lib/gcc/arm-none-eabi/4.7.3/../../../../arm-none-eabi/lib/armv7-m\libnosys.a(_exit.o)
                0x000011d0                _exit
 *(.init)
 .init          0x000011d4        0x4 c:/siliconlabs/simplicitystudio/v2/developer/toolchains/gnu_arm/4.7_2013q1/bin/../lib/gcc/arm-none-eabi/4.7.3/armv7-m/crti.o
                0x000011d4                _init
 .init          0x000011d8        0x8 c:/siliconlabs/simplicitystudio/v2/developer/toolchains/gnu_arm/4.7_2013q1/bin/../lib/gcc/arm-none-eabi/4.7.3/armv7-m/crtn.o
 *(.fini)
 .fini          0x000011e0        0x4 c:/siliconlabs/simplicitystudio/v2/developer/toolchains/gnu_arm/4.7_2013q1/bin/../lib/gcc/arm-none-eabi/4.7.3/armv7-m/crti.o
                0x000011e0                _fini
 .fini          0x000011e4        0x8 c:/siliconlabs/simplicitystudio/v2/developer/toolchains/gnu_arm/4.7_2013q1/bin/../lib/gcc/arm-none-eabi/4.7.3/armv7-m/crtn.o
 *crtbegin.o(.ctors)
 *crtbegin?.o(.ctors)
 *(EXCLUDE_FILE(*crtend.o *crtend?.o) .ctors)
 *(SORT(.ctors.*))
 *(.ctors)
 *crtbegin.o(.dtors)
 *crtbegin?.o(.dtors)
 *(EXCLUDE_FILE(*crtend.o *crtend?.o) .dtors)
 *(SORT(.dtors.*))
 *(.dtors)
 *(.rodata*)
 .rodata        0x000011ec       0xd4 ./src/SIRKA_Bootloader_DRA.o
 .rodata.str1.1
                0x000012c0        0x2 c:/siliconlabs/simplicitystudio/v2/developer/toolchains/gnu_arm/4.7_2013q1/bin/../lib/gcc/arm-none-eabi/4.7.3/../../../../arm-none-eabi/lib/armv7-m\libc_s.a(lib_a-impure.o)
 *fill*         0x000012c2        0x2 00
 .rodata._global_impure_ptr
                0x000012c4        0x4 c:/siliconlabs/simplicitystudio/v2/developer/toolchains/gnu_arm/4.7_2013q1/bin/../lib/gcc/arm-none-eabi/4.7.3/../../../../arm-none-eabi/lib/armv7-m\libc_s.a(lib_a-impure.o)
                0x000012c4                _global_impure_ptr
 *(.eh_frame*)
 .eh_frame      0x000012c8        0x0 c:/siliconlabs/simplicitystudio/v2/developer/toolchains/gnu_arm/4.7_2013q1/bin/../lib/gcc/arm-none-eabi/4.7.3/armv7-m/crtbegin.o
 .eh_frame      0x000012c8        0x4 c:/siliconlabs/simplicitystudio/v2/developer/toolchains/gnu_arm/4.7_2013q1/bin/../lib/gcc/arm-none-eabi/4.7.3/armv7-m/crtend.o

.glue_7         0x000012cc        0x0
 .glue_7        0x00000000        0x0 linker stubs

.glue_7t        0x000012cc        0x0
 .glue_7t       0x00000000        0x0 linker stubs

.vfp11_veneer   0x000012cc        0x0
 .vfp11_veneer  0x00000000        0x0 linker stubs

.v4_bx          0x000012cc        0x0
 .v4_bx         0x00000000        0x0 linker stubs

.iplt           0x000012cc        0x0
 .iplt          0x00000000        0x0 c:/siliconlabs/simplicitystudio/v2/developer/toolchains/gnu_arm/4.7_2013q1/bin/../lib/gcc/arm-none-eabi/4.7.3/armv7-m/crtbegin.o

.ARM.extab
 *(.ARM.extab* .gnu.linkonce.armextab.*)
                0x000012cc                __exidx_start = .

.ARM.exidx      0x000012cc        0x8
 *(.ARM.exidx* .gnu.linkonce.armexidx.*)
 .ARM.exidx     0x000012cc        0x8 c:/siliconlabs/simplicitystudio/v2/developer/toolchains/gnu_arm/4.7_2013q1/bin/../lib/gcc/arm-none-eabi/4.7.3/../../../../arm-none-eabi/lib/armv7-m/crt0.o
                0x000012d4                __exidx_end = .
                0x000012d4                __etext = .

.rel.dyn        0x000012d4        0x0
 .rel.iplt      0x00000000        0x0 c:/siliconlabs/simplicitystudio/v2/developer/toolchains/gnu_arm/4.7_2013q1/bin/../lib/gcc/arm-none-eabi/4.7.3/armv7-m/crtbegin.o

.data           0x20000000      0x280 load address 0x000012d4
                0x20000000                __data_start__ = .
 *(vtable)
 *(.data*)
 .data.CRC16_Table
                0x20000000      0x200 ./src/crc.o
                0x20000000                CRC16_Table
 .data.address  0x20000200        0x4 ./src/write_to_flash.o
                0x20000200                address
 .data.finished
                0x20000204        0x8 ./src/write_to_flash.o
                0x20000204                finished
 .data.failed   0x2000020c        0x8 ./src/write_to_flash.o
                0x2000020c                failed
 .data.impure_data
                0x20000214       0x64 c:/siliconlabs/simplicitystudio/v2/developer/toolchains/gnu_arm/4.7_2013q1/bin/../lib/gcc/arm-none-eabi/4.7.3/../../../../arm-none-eabi/lib/armv7-m\libc_s.a(lib_a-impure.o)
                0x20000278                . = ALIGN (0x4)
 *(.ram)
                0x20000278                . = ALIGN (0x4)
                0x20000278                PROVIDE (__preinit_array_start, .)
 *(.preinit_array)
                0x20000278                PROVIDE (__preinit_array_end, .)
                0x20000278                . = ALIGN (0x4)
                0x20000278                PROVIDE (__init_array_start, .)
 *(SORT(.init_array.*))
 *(.init_array)
 .init_array    0x20000278        0x4 c:/siliconlabs/simplicitystudio/v2/developer/toolchains/gnu_arm/4.7_2013q1/bin/../lib/gcc/arm-none-eabi/4.7.3/armv7-m/crtbegin.o
                0x2000027c                PROVIDE (__init_array_end, .)
                0x2000027c                . = ALIGN (0x4)
                0x2000027c                PROVIDE (__fini_array_start, .)
 *(SORT(.fini_array.*))
 *(.fini_array)
 .fini_array    0x2000027c        0x4 c:/siliconlabs/simplicitystudio/v2/developer/toolchains/gnu_arm/4.7_2013q1/bin/../lib/gcc/arm-none-eabi/4.7.3/armv7-m/crtbegin.o
                0x20000280                PROVIDE (__fini_array_end, .)
                0x20000280                . = ALIGN (0x4)
                0x20000280                __data_end__ = .

.jcr            0x20000280        0x0 load address 0x00001554
 .jcr           0x20000280        0x0 c:/siliconlabs/simplicitystudio/v2/developer/toolchains/gnu_arm/4.7_2013q1/bin/../lib/gcc/arm-none-eabi/4.7.3/armv7-m/crtbegin.o

.igot.plt       0x20000280        0x0 load address 0x00001554
 .igot.plt      0x00000000        0x0 c:/siliconlabs/simplicitystudio/v2/developer/toolchains/gnu_arm/4.7_2013q1/bin/../lib/gcc/arm-none-eabi/4.7.3/armv7-m/crtbegin.o

.bss            0x20000280       0x32 load address 0x00001554
                0x20000280                __bss_start__ = .
 *(.bss*)
 .bss           0x20000280       0x1c c:/siliconlabs/simplicitystudio/v2/developer/toolchains/gnu_arm/4.7_2013q1/bin/../lib/gcc/arm-none-eabi/4.7.3/armv7-m/crtbegin.o
 .bss.nr_of_packages
                0x2000029c        0x2 ./src/write_to_flash.o
                0x2000029c                nr_of_packages
 *(COMMON)
 *fill*         0x2000029e        0x2 00
 COMMON         0x200002a0       0x12 ./src/SIRKA_Bootloader_DRA.o
                0x200002a0                frame_position
                0x200002a4                received_frame
                0x200002b2                __bss_end__ = .

.heap           0x200002b8        0x0
                0x200002b8                __end__ = .
                0x200002b8                end = __end__
                0x200002b8                _end = __end__
 *(.heap*)
 .heap          0x200002b8        0x0 ./CMSIS/efm32tg/startup_gcc_efm32tg.o
                0x200002b8                __HeapLimit = .

.stack_dummy    0x200002b8      0x400
 *(.stack)
 .stack         0x200002b8      0x400 ./CMSIS/efm32tg/startup_gcc_efm32tg.o
                0x20001000                __StackTop = (ORIGIN (RAM) + 0x1000)
                0x20000c00                __StackLimit = (__StackTop - SIZEOF (.stack_dummy))
                0x20001000                PROVIDE (__stack, __StackTop)
                0x00000001                ASSERT ((__StackLimit >= __HeapLimit), region RAM overflowed with stack)
OUTPUT(SIRKA_Bootloader_DRA.axf elf32-littlearm)

.ARM.attributes
                0x00000000       0x29
 .ARM.attributes
                0x00000000       0x1d c:/siliconlabs/simplicitystudio/v2/developer/toolchains/gnu_arm/4.7_2013q1/bin/../lib/gcc/arm-none-eabi/4.7.3/armv7-m/crti.o
 .ARM.attributes
                0x0000001d       0x2d c:/siliconlabs/simplicitystudio/v2/developer/toolchains/gnu_arm/4.7_2013q1/bin/../lib/gcc/arm-none-eabi/4.7.3/armv7-m/crtbegin.o
 .ARM.attributes
                0x0000004a       0x1b c:/siliconlabs/simplicitystudio/v2/developer/toolchains/gnu_arm/4.7_2013q1/bin/../lib/gcc/arm-none-eabi/4.7.3/../../../../arm-none-eabi/lib/armv7-m/crt0.o
 .ARM.attributes
                0x00000065       0x33 ./src/SIRKA_Bootloader_DRA.o
 .ARM.attributes
                0x00000098       0x33 ./src/boot.o
 .ARM.attributes
                0x000000cb       0x33 ./src/crc.o
 .ARM.attributes
                0x000000fe       0x33 ./src/emu.o
 .ARM.attributes
                0x00000131       0x33 ./src/init.o
 .ARM.attributes
                0x00000164       0x33 ./src/irq.o
 .ARM.attributes
                0x00000197       0x33 ./src/msc.o
 .ARM.attributes
                0x000001ca       0x33 ./src/timer.o
 .ARM.attributes
                0x000001fd       0x33 ./src/usart.o
 .ARM.attributes
                0x00000230       0x33 ./src/watchdog.o
 .ARM.attributes
                0x00000263       0x33 ./src/write_to_flash.o
 .ARM.attributes
                0x00000296       0x1b ./CMSIS/efm32tg/startup_gcc_efm32tg.o
 .ARM.attributes
                0x000002b1       0x33 ./CMSIS/efm32tg/system_efm32tg.o
 .ARM.attributes
                0x000002e4       0x2d c:/siliconlabs/simplicitystudio/v2/developer/toolchains/gnu_arm/4.7_2013q1/bin/../lib/gcc/arm-none-eabi/4.7.3/../../../../arm-none-eabi/lib/armv7-m\libc_s.a(lib_a-__atexit2.o)
 .ARM.attributes
                0x00000311       0x2d c:/siliconlabs/simplicitystudio/v2/developer/toolchains/gnu_arm/4.7_2013q1/bin/../lib/gcc/arm-none-eabi/4.7.3/../../../../arm-none-eabi/lib/armv7-m\libc_s.a(lib_a-exit.o)
 .ARM.attributes
                0x0000033e       0x2d c:/siliconlabs/simplicitystudio/v2/developer/toolchains/gnu_arm/4.7_2013q1/bin/../lib/gcc/arm-none-eabi/4.7.3/../../../../arm-none-eabi/lib/armv7-m\libc_s.a(lib_a-fini.o)
 .ARM.attributes
                0x0000036b       0x2d c:/siliconlabs/simplicitystudio/v2/developer/toolchains/gnu_arm/4.7_2013q1/bin/../lib/gcc/arm-none-eabi/4.7.3/../../../../arm-none-eabi/lib/armv7-m\libc_s.a(lib_a-impure.o)
 .ARM.attributes
                0x00000398       0x2d c:/siliconlabs/simplicitystudio/v2/developer/toolchains/gnu_arm/4.7_2013q1/bin/../lib/gcc/arm-none-eabi/4.7.3/../../../../arm-none-eabi/lib/armv7-m\libc_s.a(lib_a-init.o)
 .ARM.attributes
                0x000003c5       0x2d c:/siliconlabs/simplicitystudio/v2/developer/toolchains/gnu_arm/4.7_2013q1/bin/../lib/gcc/arm-none-eabi/4.7.3/../../../../arm-none-eabi/lib/armv7-m\libc_s.a(lib_a-memset.o)
 .ARM.attributes
                0x000003f2       0x2d c:/siliconlabs/simplicitystudio/v2/developer/toolchains/gnu_arm/4.7_2013q1/bin/../lib/gcc/arm-none-eabi/4.7.3/../../../../arm-none-eabi/lib/armv7-m\libnosys.a(_exit.o)
 .ARM.attributes
                0x0000041f       0x2d c:/siliconlabs/simplicitystudio/v2/developer/toolchains/gnu_arm/4.7_2013q1/bin/../lib/gcc/arm-none-eabi/4.7.3/armv7-m/crtend.o
 .ARM.attributes
                0x0000044c       0x1d c:/siliconlabs/simplicitystudio/v2/developer/toolchains/gnu_arm/4.7_2013q1/bin/../lib/gcc/arm-none-eabi/4.7.3/armv7-m/crtn.o

.comment        0x00000000       0x70
 .comment       0x00000000       0x70 ./src/SIRKA_Bootloader_DRA.o
                                 0x71 (size before relaxing)
 .comment       0x00000000       0x71 ./src/boot.o
 .comment       0x00000000       0x71 ./src/crc.o
 .comment       0x00000000       0x71 ./src/emu.o
 .comment       0x00000000       0x71 ./src/init.o
 .comment       0x00000000       0x71 ./src/irq.o
 .comment       0x00000000       0x71 ./src/msc.o
 .comment       0x00000000       0x71 ./src/timer.o
 .comment       0x00000000       0x71 ./src/usart.o
 .comment       0x00000000       0x71 ./src/watchdog.o
 .comment       0x00000000       0x71 ./src/write_to_flash.o
 .comment       0x00000000       0x71 ./CMSIS/efm32tg/system_efm32tg.o

.debug_info     0x00000000     0x2eb9
 .debug_info    0x00000000      0x3e0 ./src/SIRKA_Bootloader_DRA.o
 .debug_info    0x000003e0      0x2e8 ./src/boot.o
 .debug_info    0x000006c8      0x14b ./src/crc.o
 .debug_info    0x00000813      0x29e ./src/emu.o
 .debug_info    0x00000ab1      0xa3e ./src/init.o
 .debug_info    0x000014ef      0x4fd ./src/irq.o
 .debug_info    0x000019ec      0x364 ./src/msc.o
 .debug_info    0x00001d50      0x220 ./src/timer.o
 .debug_info    0x00001f70      0x291 ./src/usart.o
 .debug_info    0x00002201      0x187 ./src/watchdog.o
 .debug_info    0x00002388      0x526 ./src/write_to_flash.o
 .debug_info    0x000028ae       0xa7 ./CMSIS/efm32tg/startup_gcc_efm32tg.o
 .debug_info    0x00002955      0x564 ./CMSIS/efm32tg/system_efm32tg.o

.debug_abbrev   0x00000000      0xd27
 .debug_abbrev  0x00000000      0x124 ./src/SIRKA_Bootloader_DRA.o
 .debug_abbrev  0x00000124      0x10c ./src/boot.o
 .debug_abbrev  0x00000230       0xd7 ./src/crc.o
 .debug_abbrev  0x00000307       0xda ./src/emu.o
 .debug_abbrev  0x000003e1      0x152 ./src/init.o
 .debug_abbrev  0x00000533      0x13e ./src/irq.o
 .debug_abbrev  0x00000671      0x124 ./src/msc.o
 .debug_abbrev  0x00000795       0xad ./src/timer.o
 .debug_abbrev  0x00000842       0xf8 ./src/usart.o
 .debug_abbrev  0x0000093a      0x105 ./src/watchdog.o
 .debug_abbrev  0x00000a3f      0x13c ./src/write_to_flash.o
 .debug_abbrev  0x00000b7b       0x14 ./CMSIS/efm32tg/startup_gcc_efm32tg.o
 .debug_abbrev  0x00000b8f      0x198 ./CMSIS/efm32tg/system_efm32tg.o

.debug_loc      0x00000000      0xa28
 .debug_loc     0x00000000       0xbc ./src/SIRKA_Bootloader_DRA.o
 .debug_loc     0x000000bc       0x70 ./src/boot.o
 .debug_loc     0x0000012c       0x70 ./src/crc.o
 .debug_loc     0x0000019c       0x2c ./src/emu.o
 .debug_loc     0x000001c8      0x140 ./src/init.o
 .debug_loc     0x00000308       0xf4 ./src/irq.o
 .debug_loc     0x000003fc       0xe0 ./src/msc.o
 .debug_loc     0x000004dc       0x84 ./src/timer.o
 .debug_loc     0x00000560       0x9c ./src/usart.o
 .debug_loc     0x000005fc       0x9c ./src/watchdog.o
 .debug_loc     0x00000698      0x1a8 ./src/write_to_flash.o
 .debug_loc     0x00000840      0x1e8 ./CMSIS/efm32tg/system_efm32tg.o

.debug_aranges  0x00000000      0x2e0
 .debug_aranges
                0x00000000       0x38 ./src/SIRKA_Bootloader_DRA.o
 .debug_aranges
                0x00000038       0x28 ./src/boot.o
 .debug_aranges
                0x00000060       0x28 ./src/crc.o
 .debug_aranges
                0x00000088       0x20 ./src/emu.o
 .debug_aranges
                0x000000a8       0x50 ./src/init.o
 .debug_aranges
                0x000000f8       0x40 ./src/irq.o
 .debug_aranges
                0x00000138       0x38 ./src/msc.o
 .debug_aranges
                0x00000170       0x30 ./src/timer.o
 .debug_aranges
                0x000001a0       0x30 ./src/usart.o
 .debug_aranges
                0x000001d0       0x30 ./src/watchdog.o
 .debug_aranges
                0x00000200       0x58 ./src/write_to_flash.o
 .debug_aranges
                0x00000258       0x20 ./CMSIS/efm32tg/startup_gcc_efm32tg.o
 .debug_aranges
                0x00000278       0x68 ./CMSIS/efm32tg/system_efm32tg.o

.debug_ranges   0x00000000      0x200
 .debug_ranges  0x00000000       0x28 ./src/SIRKA_Bootloader_DRA.o
 .debug_ranges  0x00000028       0x18 ./src/boot.o
 .debug_ranges  0x00000040       0x18 ./src/crc.o
 .debug_ranges  0x00000058       0x10 ./src/emu.o
 .debug_ranges  0x00000068       0x40 ./src/init.o
 .debug_ranges  0x000000a8       0x30 ./src/irq.o
 .debug_ranges  0x000000d8       0x28 ./src/msc.o
 .debug_ranges  0x00000100       0x20 ./src/timer.o
 .debug_ranges  0x00000120       0x20 ./src/usart.o
 .debug_ranges  0x00000140       0x20 ./src/watchdog.o
 .debug_ranges  0x00000160       0x48 ./src/write_to_flash.o
 .debug_ranges  0x000001a8       0x58 ./CMSIS/efm32tg/system_efm32tg.o

.debug_line     0x00000000     0x1909
 .debug_line    0x00000000      0x2a5 ./src/SIRKA_Bootloader_DRA.o
 .debug_line    0x000002a5      0x149 ./src/boot.o
 .debug_line    0x000003ee      0x10b ./src/crc.o
 .debug_line    0x000004f9      0x14e ./src/emu.o
 .debug_line    0x00000647      0x2a6 ./src/init.o
 .debug_line    0x000008ed      0x20d ./src/irq.o
 .debug_line    0x00000afa      0x25c ./src/msc.o
 .debug_line    0x00000d56      0x1dd ./src/timer.o
 .debug_line    0x00000f33      0x1e1 ./src/usart.o
 .debug_line    0x00001114      0x1e4 ./src/watchdog.o
 .debug_line    0x000012f8      0x2ec ./src/write_to_flash.o
 .debug_line    0x000015e4       0x8f ./CMSIS/efm32tg/startup_gcc_efm32tg.o
 .debug_line    0x00001673      0x296 ./CMSIS/efm32tg/system_efm32tg.o

.debug_str      0x00000000      0xb9e
 .debug_str     0x00000000      0x26d ./src/SIRKA_Bootloader_DRA.o
                                0x2ae (size before relaxing)
 .debug_str     0x0000026d       0x82 ./src/boot.o
                                0x1e0 (size before relaxing)
 .debug_str     0x000002ef       0x51 ./src/crc.o
                                0x187 (size before relaxing)
 .debug_str     0x00000340       0x20 ./src/emu.o
                                0x1d2 (size before relaxing)
 .debug_str     0x00000360      0x3cf ./src/init.o
                                0x601 (size before relaxing)
 .debug_str     0x0000072f       0x5b ./src/irq.o
                                0x483 (size before relaxing)
 .debug_str     0x0000078a       0xec ./src/msc.o
                                0x27b (size before relaxing)
 .debug_str     0x00000876       0x35 ./src/timer.o
                                0x1cb (size before relaxing)
 .debug_str     0x000008ab       0x3c ./src/usart.o
                                0x23d (size before relaxing)
 .debug_str     0x000008e7       0x4d ./src/watchdog.o
                                0x1b4 (size before relaxing)
 .debug_str     0x00000934       0xe1 ./src/write_to_flash.o
                                0x32b (size before relaxing)
 .debug_str     0x00000a15      0x189 ./CMSIS/efm32tg/system_efm32tg.o
                                0x405 (size before relaxing)

.debug_frame    0x00000000      0x750
 .debug_frame   0x00000000       0x80 ./src/SIRKA_Bootloader_DRA.o
 .debug_frame   0x00000080       0x4c ./src/boot.o
 .debug_frame   0x000000cc       0x48 ./src/crc.o
 .debug_frame   0x00000114       0x28 ./src/emu.o
 .debug_frame   0x0000013c       0xc4 ./src/init.o
 .debug_frame   0x00000200       0x9c ./src/irq.o
 .debug_frame   0x0000029c       0x84 ./src/msc.o
 .debug_frame   0x00000320       0x58 ./src/timer.o
 .debug_frame   0x00000378       0x64 ./src/usart.o
 .debug_frame   0x000003dc       0x64 ./src/watchdog.o
 .debug_frame   0x00000440      0x108 ./src/write_to_flash.o
 .debug_frame   0x00000548      0x120 ./CMSIS/efm32tg/system_efm32tg.o
 .debug_frame   0x00000668       0x28 c:/siliconlabs/simplicitystudio/v2/developer/toolchains/gnu_arm/4.7_2013q1/bin/../lib/gcc/arm-none-eabi/4.7.3/../../../../arm-none-eabi/lib/armv7-m\libc_s.a(lib_a-__atexit2.o)
 .debug_frame   0x00000690       0x28 c:/siliconlabs/simplicitystudio/v2/developer/toolchains/gnu_arm/4.7_2013q1/bin/../lib/gcc/arm-none-eabi/4.7.3/../../../../arm-none-eabi/lib/armv7-m\libc_s.a(lib_a-exit.o)
 .debug_frame   0x000006b8       0x2c c:/siliconlabs/simplicitystudio/v2/developer/toolchains/gnu_arm/4.7_2013q1/bin/../lib/gcc/arm-none-eabi/4.7.3/../../../../arm-none-eabi/lib/armv7-m\libc_s.a(lib_a-fini.o)
 .debug_frame   0x000006e4       0x2c c:/siliconlabs/simplicitystudio/v2/developer/toolchains/gnu_arm/4.7_2013q1/bin/../lib/gcc/arm-none-eabi/4.7.3/../../../../arm-none-eabi/lib/armv7-m\libc_s.a(lib_a-init.o)
 .debug_frame   0x00000710       0x20 c:/siliconlabs/simplicitystudio/v2/developer/toolchains/gnu_arm/4.7_2013q1/bin/../lib/gcc/arm-none-eabi/4.7.3/../../../../arm-none-eabi/lib/armv7-m\libc_s.a(lib_a-memset.o)
 .debug_frame   0x00000730       0x20 c:/siliconlabs/simplicitystudio/v2/developer/toolchains/gnu_arm/4.7_2013q1/bin/../lib/gcc/arm-none-eabi/4.7.3/../../../../arm-none-eabi/lib/armv7-m\libnosys.a(_exit.o)
